Archive member included to satisfy reference by file (symbol)

/usr/lib/gcc/arm-none-eabi/9.2.1/thumb/v6-m/nofp/libgcc.a(_dvmd_tls.o)
                              CMakeFiles/simple_vga.dir/home/keyvin/pico-sdk/src/rp2_common/pico_divider/divider.S.obj (__aeabi_idiv0)
/usr/lib/gcc/arm-none-eabi/9.2.1/../../../arm-none-eabi/lib/thumb/v6-m/nofp/libc.a(lib_a-atexit.o)
                              /usr/lib/gcc/arm-none-eabi/9.2.1/../../../arm-none-eabi/lib/thumb/v6-m/nofp/crt0.o (atexit)
/usr/lib/gcc/arm-none-eabi/9.2.1/../../../arm-none-eabi/lib/thumb/v6-m/nofp/libc.a(lib_a-calloc.o)
                              CMakeFiles/simple_vga.dir/home/keyvin/pico-sdk/src/rp2_common/pico_malloc/pico_malloc.c.obj (calloc)
/usr/lib/gcc/arm-none-eabi/9.2.1/../../../arm-none-eabi/lib/thumb/v6-m/nofp/libc.a(lib_a-callocr.o)
                              /usr/lib/gcc/arm-none-eabi/9.2.1/../../../arm-none-eabi/lib/thumb/v6-m/nofp/libc.a(lib_a-calloc.o) (_calloc_r)
/usr/lib/gcc/arm-none-eabi/9.2.1/../../../arm-none-eabi/lib/thumb/v6-m/nofp/libc.a(lib_a-fini.o)
                              /usr/lib/gcc/arm-none-eabi/9.2.1/../../../arm-none-eabi/lib/thumb/v6-m/nofp/crt0.o (__libc_fini_array)
/usr/lib/gcc/arm-none-eabi/9.2.1/../../../arm-none-eabi/lib/thumb/v6-m/nofp/libc.a(lib_a-impure.o)
                              /usr/lib/gcc/arm-none-eabi/9.2.1/../../../arm-none-eabi/lib/thumb/v6-m/nofp/libc.a(lib_a-calloc.o) (_impure_ptr)
/usr/lib/gcc/arm-none-eabi/9.2.1/../../../arm-none-eabi/lib/thumb/v6-m/nofp/libc.a(lib_a-init.o)
                              /usr/lib/gcc/arm-none-eabi/9.2.1/../../../arm-none-eabi/lib/thumb/v6-m/nofp/crt0.o (__libc_init_array)
/usr/lib/gcc/arm-none-eabi/9.2.1/../../../arm-none-eabi/lib/thumb/v6-m/nofp/libc.a(lib_a-malloc.o)
                              CMakeFiles/simple_vga.dir/home/keyvin/pico-sdk/src/rp2_common/pico_malloc/pico_malloc.c.obj (malloc)
/usr/lib/gcc/arm-none-eabi/9.2.1/../../../arm-none-eabi/lib/thumb/v6-m/nofp/libc.a(lib_a-mallocr.o)
                              /usr/lib/gcc/arm-none-eabi/9.2.1/../../../arm-none-eabi/lib/thumb/v6-m/nofp/libc.a(lib_a-callocr.o) (_malloc_r)
/usr/lib/gcc/arm-none-eabi/9.2.1/../../../arm-none-eabi/lib/thumb/v6-m/nofp/libc.a(lib_a-memmove.o)
                              CMakeFiles/simple_vga.dir/main.c.obj (memmove)
/usr/lib/gcc/arm-none-eabi/9.2.1/../../../arm-none-eabi/lib/thumb/v6-m/nofp/libc.a(lib_a-mlock.o)
                              /usr/lib/gcc/arm-none-eabi/9.2.1/../../../arm-none-eabi/lib/thumb/v6-m/nofp/libc.a(lib_a-mallocr.o) (__malloc_lock)
/usr/lib/gcc/arm-none-eabi/9.2.1/../../../arm-none-eabi/lib/thumb/v6-m/nofp/libc.a(lib_a-sbrkr.o)
                              /usr/lib/gcc/arm-none-eabi/9.2.1/../../../arm-none-eabi/lib/thumb/v6-m/nofp/libc.a(lib_a-mallocr.o) (_sbrk_r)
/usr/lib/gcc/arm-none-eabi/9.2.1/../../../arm-none-eabi/lib/thumb/v6-m/nofp/libc.a(lib_a-sscanf.o)
                              CMakeFiles/simple_vga.dir/ansi_terminal.c.obj (sscanf)
/usr/lib/gcc/arm-none-eabi/9.2.1/../../../arm-none-eabi/lib/thumb/v6-m/nofp/libc.a(lib_a-stdio.o)
                              /usr/lib/gcc/arm-none-eabi/9.2.1/../../../arm-none-eabi/lib/thumb/v6-m/nofp/libc.a(lib_a-sscanf.o) (__seofread)
/usr/lib/gcc/arm-none-eabi/9.2.1/../../../arm-none-eabi/lib/thumb/v6-m/nofp/libc.a(lib_a-strlen-stub.o)
                              CMakeFiles/simple_vga.dir/home/keyvin/pico-sdk/src/rp2_common/pico_stdio/stdio.c.obj (strlen)
/usr/lib/gcc/arm-none-eabi/9.2.1/../../../arm-none-eabi/lib/thumb/v6-m/nofp/libc.a(lib_a-svfscanf.o)
                              /usr/lib/gcc/arm-none-eabi/9.2.1/../../../arm-none-eabi/lib/thumb/v6-m/nofp/libc.a(lib_a-sscanf.o) (__ssvfscanf_r)
/usr/lib/gcc/arm-none-eabi/9.2.1/../../../arm-none-eabi/lib/thumb/v6-m/nofp/libc.a(lib_a-writer.o)
                              /usr/lib/gcc/arm-none-eabi/9.2.1/../../../arm-none-eabi/lib/thumb/v6-m/nofp/libc.a(lib_a-stdio.o) (_write_r)
/usr/lib/gcc/arm-none-eabi/9.2.1/../../../arm-none-eabi/lib/thumb/v6-m/nofp/libc.a(lib_a-__atexit.o)
                              /usr/lib/gcc/arm-none-eabi/9.2.1/../../../arm-none-eabi/lib/thumb/v6-m/nofp/libc.a(lib_a-atexit.o) (__register_exitproc)
/usr/lib/gcc/arm-none-eabi/9.2.1/../../../arm-none-eabi/lib/thumb/v6-m/nofp/libc.a(lib_a-closer.o)
                              /usr/lib/gcc/arm-none-eabi/9.2.1/../../../arm-none-eabi/lib/thumb/v6-m/nofp/libc.a(lib_a-stdio.o) (_close_r)
/usr/lib/gcc/arm-none-eabi/9.2.1/../../../arm-none-eabi/lib/thumb/v6-m/nofp/libc.a(lib_a-ctype_.o)
                              /usr/lib/gcc/arm-none-eabi/9.2.1/../../../arm-none-eabi/lib/thumb/v6-m/nofp/libc.a(lib_a-svfscanf.o) (_ctype_)
/usr/lib/gcc/arm-none-eabi/9.2.1/../../../arm-none-eabi/lib/thumb/v6-m/nofp/libc.a(lib_a-freer.o)
                              /usr/lib/gcc/arm-none-eabi/9.2.1/../../../arm-none-eabi/lib/thumb/v6-m/nofp/libc.a(lib_a-malloc.o) (_free_r)
/usr/lib/gcc/arm-none-eabi/9.2.1/../../../arm-none-eabi/lib/thumb/v6-m/nofp/libc.a(lib_a-iswspace.o)
[...]
Memory Configuration

Name             Origin             Length             Attributes
FLASH            0x0000000010000000 0x0000000000200000 xr
RAM              0x0000000020000000 0x0000000000040000 xrw
SCRATCH_X        0x0000000020040000 0x0000000000001000 xrw
SCRATCH_Y        0x0000000020041000 0x0000000000001000 xrw
*default*        0x0000000000000000 0xffffffffffffffff

Linker script and memory map

LOAD /usr/lib/gcc/arm-none-eabi/9.2.1/thumb/v6-m/nofp/crti.o
LOAD /usr/lib/gcc/arm-none-eabi/9.2.1/thumb/v6-m/nofp/crtbegin.o
LOAD /usr/lib/gcc/arm-none-eabi/9.2.1/../../../arm-none-eabi/lib/thumb/v6-m/nofp/crt0.o

.flash_begin    0x0000000010000000        0x0
                0x0000000010000000                __flash_binary_start = .

.boot2          0x0000000010000000      0x100
                0x0000000010000000                __boot2_start__ = .
 *(.boot2)
 .boot2         0x0000000010000000      0x100 /tmp/ccO4vK67.o
                0x0000000010000100                __boot2_end__ = .
                0x0000000000000001                ASSERT (((__boot2_end__ - __boot2_start__) == 0x100), ERROR: Pico second stage bootloader must be 256 bytes in size)

.text           0x0000000010000100     0xecb0
                0x0000000010000100                __logical_binary_start = .
 *(.vectors)
 .vectors       0x0000000010000100       0xd4 CMakeFiles/simple_vga.dir/home/keyvin/pico-sdk/src/rp2_common/pico_standard_link/crt0.S.obj
                0x0000000010000100                __vectors
                0x0000000010000100                __VECTOR_TABLE
                0x00000000100001c0                isr_invalid
                0x00000000100001c0                __default_isrs_start
                0x00000000100001c2                isr_nmi
                0x00000000100001c4                isr_hardfault
                0x00000000100001c6                isr_svcall
                0x00000000100001c8                isr_pendsv
                0x00000000100001ca                isr_systick
                0x00000000100001cc                isr_irq30
                0x00000000100001cc                __unhandled_user_irq
                0x00000000100001cc                isr_irq13
                0x00000000100001cc                isr_irq27
                0x00000000100001cc                isr_irq31
                0x00000000100001cc                isr_irq5
                0x00000000100001cc                isr_irq11
                0x00000000100001cc                isr_irq23
                0x00000000100001cc                isr_irq18
                0x00000000100001cc                isr_irq28
                0x00000000100001cc                isr_irq19
                0x00000000100001cc                isr_irq0
                0x00000000100001cc                isr_irq6
                0x00000000100001cc                isr_irq22
                0x00000000100001cc                isr_irq17
                0x00000000100001cc                isr_irq14
                0x00000000100001cc                isr_irq2
                0x00000000100001cc                isr_irq10
                0x00000000100001cc                isr_irq8
                0x00000000100001cc                isr_irq24
                0x00000000100001cc                isr_irq1
                0x00000000100001cc                isr_irq7
                0x00000000100001cc                isr_irq21
                0x00000000100001cc                isr_irq20
                0x00000000100001cc                isr_irq15
                0x00000000100001cc                isr_irq25
                0x00000000100001cc                isr_irq4
                0x00000000100001cc                isr_irq16
                0x00000000100001cc                isr_irq29
                0x00000000100001cc                isr_irq26
                0x00000000100001cc                __default_isrs_end
                0x00000000100001cc                isr_irq3
                0x00000000100001cc                isr_irq12
                0x00000000100001cc                isr_irq9
                0x00000000100001d2                unhandled_user_irq_num_in_r0
 *(.binary_info_header)
 .binary_info_header
                0x00000000100001d4       0x14 CMakeFiles/simple_vga.dir/home/keyvin/pico-sdk/src/rp2_common/pico_standard_link/crt0.S.obj
                0x00000000100001e8                __binary_info_header_end = .
 *(.reset)
 .reset         0x00000000100001e8       0xa8 CMakeFiles/simple_vga.dir/home/keyvin/pico-sdk/src/rp2_common/pico_standard_link/crt0.S.obj
                0x00000000100001e8                _entry_point
                0x0000000010000266                __get_current_exception
 .reset         0x0000000010000290       0x30 CMakeFiles/simple_vga.dir/home/keyvin/pico-sdk/src/rp2_common/pico_standard_link/binary_info.c.obj
 *(.init)
 .init          0x00000000100002c0        0x4 /usr/lib/gcc/arm-none-eabi/9.2.1/thumb/v6-m/nofp/crti.o
                0x00000000100002c0                _init
 *(EXCLUDE_FILE(*libm.a: *libc.a:*lib_a-mem*.o *libgcc.a:) .text*)
 .text          0x00000000100002c4       0x98 /usr/lib/gcc/arm-none-eabi/9.2.1/thumb/v6-m/nofp/crtbegin.o
 .text.io_main  0x000000001000035c       0xd8 CMakeFiles/simple_vga.dir/main.c.obj
                0x000000001000035c                io_main
 .text.keypress
                0x0000000010000434       0x1c CMakeFiles/simple_vga.dir/main.c.obj
                0x0000000010000434                keypress
 .text.serial_setup
                0x0000000010000450       0x44 CMakeFiles/simple_vga.dir/main.c.obj
                0x0000000010000450                serial_setup
 .text.startup.main
                0x0000000010000494      0x3b0 CMakeFiles/simple_vga.dir/main.c.obj
                0x0000000010000494                main
 .text.usb_init
                0x0000000010000844        0xc CMakeFiles/simple_vga.dir/usb_main.c.obj
                0x0000000010000844                usb_init
 .text.tuh_mount_cb
                0x0000000010000850       0x14 CMakeFiles/simple_vga.dir/usb_main.c.obj
                0x0000000010000850                tuh_mount_cb
 .text.tuh_umount_cb
                0x0000000010000864        0x4 CMakeFiles/simple_vga.dir/usb_main.c.obj
                0x0000000010000864                tuh_umount_cb
 .text.tuh_cdc_xfer_isr
                0x0000000010000868       0x24 CMakeFiles/simple_vga.dir/usb_main.c.obj
                0x0000000010000868                tuh_cdc_xfer_isr
 .text.process_kbd_report
                0x000000001000088c      0x2c8 CMakeFiles/simple_vga.dir/hid_app.c.obj
 .text.hid_app_task
                0x0000000010000b54        0x4 CMakeFiles/simple_vga.dir/hid_app.c.obj
                0x0000000010000b54                hid_app_task
 .text.tuh_hid_mount_cb
                0x0000000010000b58       0x4c CMakeFiles/simple_vga.dir/hid_app.c.obj
                0x0000000010000b58                tuh_hid_mount_cb
 .text.tuh_hid_umount_cb
                0x0000000010000ba4        0x4 CMakeFiles/simple_vga.dir/hid_app.c.obj
                0x0000000010000ba4                tuh_hid_umount_cb
 .text.tuh_hid_report_received_cb
                0x0000000010000ba8       0x84 CMakeFiles/simple_vga.dir/hid_app.c.obj
                0x0000000010000ba8                tuh_hid_report_received_cb
 .text.fill_background
                0x0000000010000c2c       0x48 CMakeFiles/simple_vga.dir/text_mode.c.obj
                0x0000000010000c2c                fill_background
 .text.unpack_font
                0x0000000010000c74      0x168 CMakeFiles/simple_vga.dir/text_mode.c.obj
                0x0000000010000c74                unpack_font
 .text.fill_scan
                0x0000000010000ddc       0xb4 CMakeFiles/simple_vga.dir/text_mode.c.obj
                0x0000000010000ddc                fill_scan
 .text.handle_h
                0x0000000010000e90       0x74 CMakeFiles/simple_vga.dir/ansi_terminal.c.obj
                0x0000000010000e90                handle_h
 .text.handle_move
                0x0000000010000f04       0xe8 CMakeFiles/simple_vga.dir/ansi_terminal.c.obj
                0x0000000010000f04                handle_move
 .text.handle_erase
                0x0000000010000fec      0x190 CMakeFiles/simple_vga.dir/ansi_terminal.c.obj
                0x0000000010000fec                handle_erase
 .text.process_recieve
                0x000000001000117c      0x180 CMakeFiles/simple_vga.dir/ansi_terminal.c.obj
                0x000000001000117c                process_recieve
 .text.set_sys_clock_pll
                0x00000000100012fc       0x78 CMakeFiles/simple_vga.dir/home/keyvin/pico-sdk/src/rp2_common/pico_stdlib/stdlib.c.obj
                0x00000000100012fc                set_sys_clock_pll
 .text.check_sys_clock_khz
                0x0000000010001374      0x16c CMakeFiles/simple_vga.dir/home/keyvin/pico-sdk/src/rp2_common/pico_stdlib/stdlib.c.obj
                0x0000000010001374                check_sys_clock_khz
 .text.gpio_set_function
                0x00000000100014e0       0x30 CMakeFiles/simple_vga.dir/home/keyvin/pico-sdk/src/rp2_common/hardware_gpio/gpio.c.obj
                0x00000000100014e0                gpio_set_function
 .text.gpio_init
                0x0000000010001510       0x3c CMakeFiles/simple_vga.dir/home/keyvin/pico-sdk/src/rp2_common/hardware_gpio/gpio.c.obj
                0x0000000010001510                gpio_init
 .text.hw_claim_lock
                0x000000001000154c       0x18 CMakeFiles/simple_vga.dir/home/keyvin/pico-sdk/src/rp2_common/hardware_claim/claim.c.obj
                0x000000001000154c                hw_claim_lock
 .text.hw_claim_unlock
                0x0000000010001564       0x14 CMakeFiles/simple_vga.dir/home/keyvin/pico-sdk/src/rp2_common/hardware_claim/claim.c.obj
                0x0000000010001564                hw_claim_unlock
 .text.hw_claim_or_assert
                0x0000000010001578       0x48 CMakeFiles/simple_vga.dir/home/keyvin/pico-sdk/src/rp2_common/hardware_claim/claim.c.obj
                0x0000000010001578                hw_claim_or_assert
 .text.hw_claim_unused_from_range
                0x00000000100015c0       0x9c CMakeFiles/simple_vga.dir/home/keyvin/pico-sdk/src/rp2_common/hardware_claim/claim.c.obj
                0x00000000100015c0                hw_claim_unused_from_range
 .text.running_on_fpga
                0x000000001000165c       0x10 CMakeFiles/simple_vga.dir/home/keyvin/pico-sdk/src/rp2_common/pico_platform/platform.c.obj
                0x000000001000165c                running_on_fpga
 .text.spin_locks_reset
                0x000000001000166c       0x1c CMakeFiles/simple_vga.dir/home/keyvin/pico-sdk/src/rp2_common/hardware_sync/sync.c.obj
                0x000000001000166c                spin_locks_reset
 .text.next_striped_spin_lock_num
                0x0000000010001688       0x18 CMakeFiles/simple_vga.dir/home/keyvin/pico-sdk/src/rp2_common/hardware_sync/sync.c.obj
                0x0000000010001688                next_striped_spin_lock_num
 .text.spin_lock_claim_unused
                0x00000000100016a0       0x20 CMakeFiles/simple_vga.dir/home/keyvin/pico-sdk/src/rp2_common/hardware_sync/sync.c.obj
                0x00000000100016a0                spin_lock_claim_unused
 .text.uart_init
                0x00000000100016c0       0xe4 CMakeFiles/simple_vga.dir/home/keyvin/pico-sdk/src/rp2_common/hardware_uart/uart.c.obj
                0x00000000100016c0                uart_init
 .text.timer_pool_entry_comparator
                0x00000000100017a4       0x34 CMakeFiles/simple_vga.dir/home/keyvin/pico-sdk/src/common/pico_time/time.c.obj
                0x00000000100017a4                timer_pool_entry_comparator
 .text.sleep_until_callback
                0x00000000100017d8       0x30 CMakeFiles/simple_vga.dir/home/keyvin/pico-sdk/src/common/pico_time/time.c.obj
 .text.alarm_pool_add_alarm_at.constprop.0
                0x0000000010001808      0x128 CMakeFiles/simple_vga.dir/home/keyvin/pico-sdk/src/common/pico_time/time.c.obj
 .text.add_alarm_under_lock
                0x0000000010001930      0x108 CMakeFiles/simple_vga.dir/home/keyvin/pico-sdk/src/common/pico_time/time.c.obj
 .text.alarm_pool_alarm_callback
                0x0000000010001a38      0x1c8 CMakeFiles/simple_vga.dir/home/keyvin/pico-sdk/src/common/pico_time/time.c.obj
 .text.alarm_pool_init_default
                0x0000000010001c00       0x64 CMakeFiles/simple_vga.dir/home/keyvin/pico-sdk/src/common/pico_time/time.c.obj
                0x0000000010001c00                alarm_pool_init_default
 .text.sleep_until
                0x0000000010001c64       0xac CMakeFiles/simple_vga.dir/home/keyvin/pico-sdk/src/common/pico_time/time.c.obj
                0x0000000010001c64                sleep_until
 .text.sleep_ms
                0x0000000010001d10       0x38 CMakeFiles/simple_vga.dir/home/keyvin/pico-sdk/src/common/pico_time/time.c.obj
                0x0000000010001d10                sleep_ms
 .text.best_effort_wfe_or_timeout
                0x0000000010001d48       0xd4 CMakeFiles/simple_vga.dir/home/keyvin/pico-sdk/src/common/pico_time/time.c.obj
                0x0000000010001d48                best_effort_wfe_or_timeout
 .text.hardware_alarm_irq_handler
                0x0000000010001e1c       0xb8 CMakeFiles/simple_vga.dir/home/keyvin/pico-sdk/src/rp2_common/hardware_timer/timer.c.obj
 .text.hardware_alarm_claim
                0x0000000010001ed4       0x18 CMakeFiles/simple_vga.dir/home/keyvin/pico-sdk/src/rp2_common/hardware_timer/timer.c.obj
                0x0000000010001ed4                hardware_alarm_claim
 .text.time_us_64
                0x0000000010001eec       0x14 CMakeFiles/simple_vga.dir/home/keyvin/pico-sdk/src/rp2_common/hardware_timer/timer.c.obj
                0x0000000010001eec                time_us_64
 .text.busy_wait_us
                0x0000000010001f00       0x54 CMakeFiles/simple_vga.dir/home/keyvin/pico-sdk/src/rp2_common/hardware_timer/timer.c.obj
                0x0000000010001f00                busy_wait_us
 .text.busy_wait_until
                0x0000000010001f54       0x20 CMakeFiles/simple_vga.dir/home/keyvin/pico-sdk/src/rp2_common/hardware_timer/timer.c.obj
                0x0000000010001f54                busy_wait_until
 .text.hardware_alarm_set_callback
                0x0000000010001f74       0x8c CMakeFiles/simple_vga.dir/home/keyvin/pico-sdk/src/rp2_common/hardware_timer/timer.c.obj
                0x0000000010001f74                hardware_alarm_set_callback
 .text.hardware_alarm_set_target
                0x0000000010002000       0xe4 CMakeFiles/simple_vga.dir/home/keyvin/pico-sdk/src/rp2_common/hardware_timer/timer.c.obj
                0x0000000010002000                hardware_alarm_set_target
 .text.hardware_alarm_cancel
                0x00000000100020e4       0x40 CMakeFiles/simple_vga.dir/home/keyvin/pico-sdk/src/rp2_common/hardware_timer/timer.c.obj
                0x00000000100020e4                hardware_alarm_cancel
 .text.lock_init
                0x0000000010002124       0x10 CMakeFiles/simple_vga.dir/home/keyvin/pico-sdk/src/common/pico_sync/lock_core.c.obj
                0x0000000010002124                lock_init
 .text.mutex_init
                0x0000000010002134       0x1c CMakeFiles/simple_vga.dir/home/keyvin/pico-sdk/src/common/pico_sync/mutex.c.obj
                0x0000000010002134                mutex_init
 .text.recursive_mutex_init
                0x0000000010002150       0x1c CMakeFiles/simple_vga.dir/home/keyvin/pico-sdk/src/common/pico_sync/mutex.c.obj
                0x0000000010002150                recursive_mutex_init
 .text.critical_section_init
                0x000000001000216c       0x1c CMakeFiles/simple_vga.dir/home/keyvin/pico-sdk/src/common/pico_sync/critical_section.c.obj
                0x000000001000216c                critical_section_init
 .text.ph_merge_nodes
                0x0000000010002188       0x68 CMakeFiles/simple_vga.dir/home/keyvin/pico-sdk/src/common/pico_util/pheap.c.obj
 .text.ph_post_alloc_init
                0x00000000100021f0       0x3c CMakeFiles/simple_vga.dir/home/keyvin/pico-sdk/src/common/pico_util/pheap.c.obj
                0x00000000100021f0                ph_post_alloc_init
 .text.ph_merge_two_pass
                0x000000001000222c       0x90 CMakeFiles/simple_vga.dir/home/keyvin/pico-sdk/src/common/pico_util/pheap.c.obj
                0x000000001000222c                ph_merge_two_pass
 .text.ph_remove_any_head
                0x00000000100022bc       0xf8 CMakeFiles/simple_vga.dir/home/keyvin/pico-sdk/src/common/pico_util/pheap.c.obj
 .text.ph_remove_head
                0x00000000100023b4      0x13c CMakeFiles/simple_vga.dir/home/keyvin/pico-sdk/src/common/pico_util/pheap.c.obj
                0x00000000100023b4                ph_remove_head
 .text.ph_remove_and_free_node
                0x00000000100024f0       0x7c CMakeFiles/simple_vga.dir/home/keyvin/pico-sdk/src/common/pico_util/pheap.c.obj
                0x00000000100024f0                ph_remove_and_free_node
 .text.runtime_init
                0x000000001000256c       0xf0 CMakeFiles/simple_vga.dir/home/keyvin/pico-sdk/src/rp2_common/pico_runtime/runtime.c.obj
                0x000000001000256c                runtime_init
 .text._sbrk    0x000000001000265c       0x34 CMakeFiles/simple_vga.dir/home/keyvin/pico-sdk/src/rp2_common/pico_runtime/runtime.c.obj
                0x000000001000265c                _sbrk
 .text.exit     0x0000000010002690        0x4 CMakeFiles/simple_vga.dir/home/keyvin/pico-sdk/src/rp2_common/pico_runtime/runtime.c.obj
                0x0000000010002690                exit
 .text.__assert_func
                0x0000000010002694       0x34 CMakeFiles/simple_vga.dir/home/keyvin/pico-sdk/src/rp2_common/pico_runtime/runtime.c.obj
                0x0000000010002694                __assert_func
 .text.panic    0x00000000100026c8       0x30 CMakeFiles/simple_vga.dir/home/keyvin/pico-sdk/src/rp2_common/pico_runtime/runtime.c.obj
                0x00000000100026c8                panic
 .text.hard_assertion_failure
                0x00000000100026f8        0xc CMakeFiles/simple_vga.dir/home/keyvin/pico-sdk/src/rp2_common/pico_runtime/runtime.c.obj
                0x00000000100026f8                hard_assertion_failure
 .text.clock_configure
                0x0000000010002704      0x114 CMakeFiles/simple_vga.dir/home/keyvin/pico-sdk/src/rp2_common/hardware_clocks/clocks.c.obj
                0x0000000010002704                clock_configure
 .text.clocks_init
                0x0000000010002818      0x2bc CMakeFiles/simple_vga.dir/home/keyvin/pico-sdk/src/rp2_common/hardware_clocks/clocks.c.obj
                0x0000000010002818                clocks_init
 .text.clock_get_hz
                0x0000000010002ad4        0xc CMakeFiles/simple_vga.dir/home/keyvin/pico-sdk/src/rp2_common/hardware_clocks/clocks.c.obj
                0x0000000010002ad4                clock_get_hz
 .text.irq_set_enabled
                0x0000000010002ae0       0x24 CMakeFiles/simple_vga.dir/home/keyvin/pico-sdk/src/rp2_common/hardware_irq/irq.c.obj
                0x0000000010002ae0                irq_set_enabled
 .text.irq_is_enabled
                0x0000000010002b04       0x18 CMakeFiles/simple_vga.dir/home/keyvin/pico-sdk/src/rp2_common/hardware_irq/irq.c.obj
                0x0000000010002b04                irq_is_enabled
 .text.irq_get_vtable_handler
                0x0000000010002b1c       0x10 CMakeFiles/simple_vga.dir/home/keyvin/pico-sdk/src/rp2_common/hardware_irq/irq.c.obj
                0x0000000010002b1c                irq_get_vtable_handler
 .text.irq_set_exclusive_handler
                0x0000000010002b2c       0x54 CMakeFiles/simple_vga.dir/home/keyvin/pico-sdk/src/rp2_common/hardware_irq/irq.c.obj
                0x0000000010002b2c                irq_set_exclusive_handler
 .text.irq_remove_handler
                0x0000000010002b80      0x1b8 CMakeFiles/simple_vga.dir/home/keyvin/pico-sdk/src/rp2_common/hardware_irq/irq.c.obj
                0x0000000010002b80                irq_remove_handler
 .text.irq_set_priority
                0x0000000010002d38       0x28 CMakeFiles/simple_vga.dir/home/keyvin/pico-sdk/src/rp2_common/hardware_irq/irq.c.obj
                0x0000000010002d38                irq_set_priority
 .text.irq_add_tail_to_free_list
                0x0000000010002d60       0xb8 CMakeFiles/simple_vga.dir/home/keyvin/pico-sdk/src/rp2_common/hardware_irq/irq.c.obj
                0x0000000010002d60                irq_add_tail_to_free_list
 .text.irq_init_priorities
                0x0000000010002e18       0x24 CMakeFiles/simple_vga.dir/home/keyvin/pico-sdk/src/rp2_common/hardware_irq/irq.c.obj
                0x0000000010002e18                irq_init_priorities
 .text.pll_init
                0x0000000010002e3c       0xa4 CMakeFiles/simple_vga.dir/home/keyvin/pico-sdk/src/rp2_common/hardware_pll/pll.c.obj
                0x0000000010002e3c                pll_init
 .text.watchdog_start_tick
                0x0000000010002ee0       0x10 CMakeFiles/simple_vga.dir/home/keyvin/pico-sdk/src/rp2_common/hardware_watchdog/watchdog.c.obj
                0x0000000010002ee0                watchdog_start_tick
 .text.xosc_init
                0x0000000010002ef0       0x28 CMakeFiles/simple_vga.dir/home/keyvin/pico-sdk/src/rp2_common/hardware_xosc/xosc.c.obj
                0x0000000010002ef0                xosc_init
 .text._out_buffer
                0x0000000010002f18        0x8 CMakeFiles/simple_vga.dir/home/keyvin/pico-sdk/src/rp2_common/pico_printf/printf.c.obj
 .text._out_null
                0x0000000010002f20        0x4 CMakeFiles/simple_vga.dir/home/keyvin/pico-sdk/src/rp2_common/pico_printf/printf.c.obj
 .text._out_rev
                0x0000000010002f24       0xd0 CMakeFiles/simple_vga.dir/home/keyvin/pico-sdk/src/rp2_common/pico_printf/printf.c.obj
 .text._ntoa_format
                0x0000000010002ff4      0x1d0 CMakeFiles/simple_vga.dir/home/keyvin/pico-sdk/src/rp2_common/pico_printf/printf.c.obj
 .text._out_char
                0x00000000100031c4       0x10 CMakeFiles/simple_vga.dir/home/keyvin/pico-sdk/src/rp2_common/pico_printf/printf.c.obj
 .text._etoa    0x00000000100031d4      0x478 CMakeFiles/simple_vga.dir/home/keyvin/pico-sdk/src/rp2_common/pico_printf/printf.c.obj
 .text._ftoa    0x000000001000364c      0x3e0 CMakeFiles/simple_vga.dir/home/keyvin/pico-sdk/src/rp2_common/pico_printf/printf.c.obj
 .text._vsnprintf
                0x0000000010003a2c      0xb08 CMakeFiles/simple_vga.dir/home/keyvin/pico-sdk/src/rp2_common/pico_printf/printf.c.obj
 .text.__wrap_sprintf
                0x0000000010004534       0x28 CMakeFiles/simple_vga.dir/home/keyvin/pico-sdk/src/rp2_common/pico_printf/printf.c.obj
                0x0000000010004534                __wrap_sprintf
 .text.weak_raw_printf
                0x000000001000455c       0x40 CMakeFiles/simple_vga.dir/home/keyvin/pico-sdk/src/rp2_common/pico_printf/printf.c.obj
                0x000000001000455c                weak_raw_printf
 .text.weak_raw_vprintf
                0x000000001000459c       0x30 CMakeFiles/simple_vga.dir/home/keyvin/pico-sdk/src/rp2_common/pico_printf/printf.c.obj
                0x000000001000459c                weak_raw_vprintf
 .text          0x00000000100045cc       0x10 CMakeFiles/simple_vga.dir/home/keyvin/pico-sdk/src/rp2_common/pico_bit_ops/bit_ops_aeabi.S.obj
 .text.rom_func_lookup
                0x00000000100045dc       0x10 CMakeFiles/simple_vga.dir/home/keyvin/pico-sdk/src/rp2_common/pico_bootrom/bootrom.c.obj
                0x00000000100045dc                rom_func_lookup
 .text.rom_data_lookup
                0x00000000100045ec       0x10 CMakeFiles/simple_vga.dir/home/keyvin/pico-sdk/src/rp2_common/pico_bootrom/bootrom.c.obj
                0x00000000100045ec                rom_data_lookup
 .text.rom_funcs_lookup
                0x00000000100045fc       0x3c CMakeFiles/simple_vga.dir/home/keyvin/pico-sdk/src/rp2_common/pico_bootrom/bootrom.c.obj
                0x00000000100045fc                rom_funcs_lookup
 .text.__wrap___aeabi_idiv
                0x0000000010004638       0x50 CMakeFiles/simple_vga.dir/home/keyvin/pico-sdk/src/rp2_common/pico_divider/divider.S.obj
                0x0000000010004638                __wrap___aeabi_idivmod
                0x0000000010004638                divmod_s32s32
                0x0000000010004638                div_s32s32
                0x0000000010004638                __wrap___aeabi_idiv
                0x0000000010004640                divmod_s32s32_unsafe
                0x000000001000466c                divmod_s32s32_savestate
 .text.__wrap___aeabi_uidiv
                0x0000000010004688       0x4c CMakeFiles/simple_vga.dir/home/keyvin/pico-sdk/src/rp2_common/pico_divider/divider.S.obj
                0x0000000010004688                __wrap___aeabi_uidiv
                0x0000000010004688                __wrap___aeabi_uidivmod
                0x0000000010004688                div_u32u32
                0x0000000010004688                divmod_u32u32
                0x0000000010004690                divmod_u32u32_unsafe
                0x00000000100046b8                divmod_u32u32_savestate
 .text.__wrap___aeabi_ldiv
                0x00000000100046d4      0x434 CMakeFiles/simple_vga.dir/home/keyvin/pico-sdk/src/rp2_common/pico_divider/divider.S.obj
                0x00000000100046d4                div_s64s64
                0x00000000100046d4                divmod_s64s64
                0x00000000100046d4                __wrap___aeabi_ldivmod
                0x000000001000470c                div_u64u64
                0x000000001000470c                divmod_u64u64
                0x000000001000470c                __wrap___aeabi_uldivmod
                0x000000001000471c                divmod_u64u64_savestate
                0x0000000010004744                divmod_s64s64_unsafe
                0x00000000100047cc                divmod_u64u64_unsafe
 .text.__wrap___aeabi_darithmetic
                0x0000000010004b08       0x80 CMakeFiles/simple_vga.dir/home/keyvin/pico-sdk/src/rp2_common/pico_double/double_aeabi.S.obj
                0x0000000010004b08                __wrap___aeabi_drsub
                0x0000000010004b0e                __wrap___aeabi_dsub
                0x0000000010004b20                __wrap___aeabi_dadd
                0x0000000010004b32                __wrap___aeabi_ddiv
                0x0000000010004b6e                __wrap___aeabi_dmul
 .text.__wrap___aeabi_cdcmple
                0x0000000010004b88       0x6c CMakeFiles/simple_vga.dir/home/keyvin/pico-sdk/src/rp2_common/pico_double/double_aeabi.S.obj
                0x0000000010004b88                __wrap___aeabi_cdrcmple
                0x0000000010004b98                __wrap___aeabi_cdcmple
                0x0000000010004b98                __wrap___aeabi_cdcmpeq
 .text.__wrap___aeabi_dcmpeq
                0x0000000010004bf4       0x10 CMakeFiles/simple_vga.dir/home/keyvin/pico-sdk/src/rp2_common/pico_double/double_aeabi.S.obj
                0x0000000010004bf4                __wrap___aeabi_dcmpeq
 .text.__wrap___aeabi_dcmplt
                0x0000000010004c04        0xc CMakeFiles/simple_vga.dir/home/keyvin/pico-sdk/src/rp2_common/pico_double/double_aeabi.S.obj
                0x0000000010004c04                __wrap___aeabi_dcmplt
 .text.__wrap___aeabi_dcmple
                0x0000000010004c10       0x10 CMakeFiles/simple_vga.dir/home/keyvin/pico-sdk/src/rp2_common/pico_double/double_aeabi.S.obj
                0x0000000010004c10                __wrap___aeabi_dcmple
 .text.__wrap___aeabi_dcmpge
                0x0000000010004c20       0x10 CMakeFiles/simple_vga.dir/home/keyvin/pico-sdk/src/rp2_common/pico_double/double_aeabi.S.obj
                0x0000000010004c20                __wrap___aeabi_dcmpge
 .text.__wrap___aeabi_dcmpgt
                0x0000000010004c30        0xa CMakeFiles/simple_vga.dir/home/keyvin/pico-sdk/src/rp2_common/pico_double/double_aeabi.S.obj
                0x0000000010004c30                __wrap___aeabi_dcmpgt
 .text.__wrap___aeabi_dcmpun
                0x0000000010004c3a       0x1c CMakeFiles/simple_vga.dir/home/keyvin/pico-sdk/src/rp2_common/pico_double/double_aeabi.S.obj
                0x0000000010004c3a                __wrap___aeabi_dcmpun
 *fill*         0x0000000010004c56        0x2 
 .text.__wrap___aeabi_i2d
                0x0000000010004c58       0x38 CMakeFiles/simple_vga.dir/home/keyvin/pico-sdk/src/rp2_common/pico_double/double_aeabi.S.obj
                0x0000000010004c58                __wrap___aeabi_ui2d
                0x0000000010004c60                __wrap___aeabi_i2d
 .text.__wrap___aeabi_d2iz
                0x0000000010004c90       0x48 CMakeFiles/simple_vga.dir/home/keyvin/pico-sdk/src/rp2_common/pico_double/double_aeabi.S.obj
                0x0000000010004c90                __wrap___aeabi_d2iz
                0x0000000010004c90                double2int_z
 .text.__wrap___aeabi_d2uiz
                0x0000000010004cd8       0x18 CMakeFiles/simple_vga.dir/home/keyvin/pico-sdk/src/rp2_common/pico_double/double_aeabi.S.obj
                0x0000000010004cd8                double2uint
                0x0000000010004cd8                __wrap___aeabi_d2uiz
 .text.__wrap___aeabi_l2d
                0x0000000010004cf0       0x18 CMakeFiles/simple_vga.dir/home/keyvin/pico-sdk/src/rp2_common/pico_double/double_aeabi.S.obj
                0x0000000010004cf0                __wrap___aeabi_l2d
 .text.__wrap___aeabi_d2lz
                0x0000000010004d08       0x26 CMakeFiles/simple_vga.dir/home/keyvin/pico-sdk/src/rp2_common/pico_double/double_aeabi.S.obj
                0x0000000010004d08                __wrap___aeabi_d2lz
                0x0000000010004d08                double2int64_z
 *fill*         0x0000000010004d2e        0x2 
 .text.double2int64
                0x0000000010004d30       0x18 CMakeFiles/simple_vga.dir/home/keyvin/pico-sdk/src/rp2_common/pico_double/double_aeabi.S.obj
                0x0000000010004d30                double2int64
 .text.double2ufix64
                0x0000000010004d48       0x18 CMakeFiles/simple_vga.dir/home/keyvin/pico-sdk/src/rp2_common/pico_double/double_aeabi.S.obj
                0x0000000010004d48                double2ufix64
 .text.__wrap___aeabi_d2f
                0x0000000010004d60       0x18 CMakeFiles/simple_vga.dir/home/keyvin/pico-sdk/src/rp2_common/pico_double/double_aeabi.S.obj
                0x0000000010004d60                __wrap___aeabi_d2f
 .text.__aeabi_double_init
                0x0000000010004d78       0xc0 CMakeFiles/simple_vga.dir/home/keyvin/pico-sdk/src/rp2_common/pico_double/double_init_rom.c.obj
                0x0000000010004d78                __aeabi_double_init
 .text.double_table_shim_on_use_helper
                0x0000000010004e38       0x2c CMakeFiles/simple_vga.dir/home/keyvin/pico-sdk/src/rp2_common/pico_double/double_v1_rom_shim.S.obj
                0x0000000010004e38                double_table_shim_on_use_helper
 .text.__wrap___aeabi_dsub
                0x0000000010004e64       0x10 CMakeFiles/simple_vga.dir/home/keyvin/pico-sdk/src/rp2_common/pico_double/double_v1_rom_shim.S.obj
                0x0000000010004e64                drsub_shim
                0x0000000010004e6a                dsub_shim
 .text.dadd_shim
                0x0000000010004e74      0x15c CMakeFiles/simple_vga.dir/home/keyvin/pico-sdk/src/rp2_common/pico_double/double_v1_rom_shim.S.obj
                0x0000000010004e74                dadd_shim
 .text.dmul_shim
                0x0000000010004fd0      0x15c CMakeFiles/simple_vga.dir/home/keyvin/pico-sdk/src/rp2_common/pico_double/double_v1_rom_shim.S.obj
                0x0000000010004fd0                dmul_shim
 .text.ddiv_shim
                0x000000001000512c      0x1b0 CMakeFiles/simple_vga.dir/home/keyvin/pico-sdk/src/rp2_common/pico_double/double_v1_rom_shim.S.obj
                0x000000001000512c                ddiv_shim
 .text.double2uint_shim
                0x00000000100052dc        0xe CMakeFiles/simple_vga.dir/home/keyvin/pico-sdk/src/rp2_common/pico_double/double_v1_rom_shim.S.obj
                0x00000000100052dc                double2uint_shim
                0x00000000100052de                double2ufix_shim
 .text.double2int64_shim
                0x00000000100052ea       0x1a CMakeFiles/simple_vga.dir/home/keyvin/pico-sdk/src/rp2_common/pico_double/double_v1_rom_shim.S.obj
                0x00000000100052ea                double2int64_shim
                0x00000000100052ec                double2fix64_shim
 .text.double2uint64_shim
                0x0000000010005304       0x70 CMakeFiles/simple_vga.dir/home/keyvin/pico-sdk/src/rp2_common/pico_double/double_v1_rom_shim.S.obj
                0x0000000010005304                double2uint64_shim
                0x0000000010005306                double2ufix64_shim
                0x0000000010005326                d2fix_a
 .text.double2float_shim
                0x0000000010005374       0x5c CMakeFiles/simple_vga.dir/home/keyvin/pico-sdk/src/rp2_common/pico_double/double_v1_rom_shim.S.obj
                0x0000000010005374                double2float_shim
 .text.x2double_shims
                0x00000000100053d0       0x90 CMakeFiles/simple_vga.dir/home/keyvin/pico-sdk/src/rp2_common/pico_double/double_v1_rom_shim.S.obj
                0x00000000100053d0                uint2double_shim
                0x00000000100053d2                ufix2double_shim
                0x00000000100053d8                int2double_shim
                0x00000000100053da                fix2double_shim
                0x00000000100053e0                uint642double_shim
                0x00000000100053e2                ufix642double_shim
                0x00000000100053e8                int642double_shim
                0x00000000100053ea                fix642double_shim
 .text.dunpacks
                0x0000000010005460       0x3c CMakeFiles/simple_vga.dir/home/keyvin/pico-sdk/src/rp2_common/pico_double/double_v1_rom_shim.S.obj
                0x0000000010005460                dunpacks
 .text.__aeabi_lmul
                0x000000001000549c       0x32 CMakeFiles/simple_vga.dir/home/keyvin/pico-sdk/src/rp2_common/pico_int64_ops/pico_int64_ops_aeabi.S.obj
                0x000000001000549c                __wrap___aeabi_lmul
 *fill*         0x00000000100054ce        0x2 
 .text.__wrap___aeabi_farithmetic
                0x00000000100054d0       0x48 CMakeFiles/simple_vga.dir/home/keyvin/pico-sdk/src/rp2_common/pico_float/float_aeabi.S.obj
                0x00000000100054d0                __wrap___aeabi_frsub
                0x00000000100054d6                __wrap___aeabi_fsub
                0x00000000100054dc                __wrap___aeabi_fadd
                0x00000000100054e2                __wrap___aeabi_fdiv
                0x000000001000550a                __wrap___aeabi_fmul
 .text.__wrap___aeabi_cfcmple
                0x0000000010005518       0x50 CMakeFiles/simple_vga.dir/home/keyvin/pico-sdk/src/rp2_common/pico_float/float_aeabi.S.obj
                0x0000000010005518                __wrap___aeabi_cfrcmple
                0x0000000010005524                __wrap___aeabi_cfcmpeq
                0x0000000010005524                __wrap___aeabi_cfcmple
 .text.__wrap___aeabi_fcmple
                0x0000000010005568       0x10 CMakeFiles/simple_vga.dir/home/keyvin/pico-sdk/src/rp2_common/pico_float/float_aeabi.S.obj
                0x0000000010005568                __wrap___aeabi_fcmple
 .text.__wrap___aeabi_fcmpun
                0x0000000010005578       0x18 CMakeFiles/simple_vga.dir/home/keyvin/pico-sdk/src/rp2_common/pico_float/float_aeabi.S.obj
                0x0000000010005578                __wrap___aeabi_fcmpun
 .text.__wrap___aeabi_ui2f
                0x0000000010005590        0xa CMakeFiles/simple_vga.dir/home/keyvin/pico-sdk/src/rp2_common/pico_float/float_aeabi.S.obj
                0x0000000010005590                __wrap___aeabi_ui2f
 *fill*         0x000000001000559a        0x2 
 .text.__wrap___aeabi_i2f
                0x000000001000559c       0x44 CMakeFiles/simple_vga.dir/home/keyvin/pico-sdk/src/rp2_common/pico_float/float_aeabi.S.obj
                0x000000001000559c                __wrap___aeabi_i2f
 .text.__wrap___aeabi_f2uiz
                0x00000000100055e0        0xc CMakeFiles/simple_vga.dir/home/keyvin/pico-sdk/src/rp2_common/pico_float/float_aeabi.S.obj
                0x00000000100055e0                __wrap___aeabi_f2uiz
 .text.__aeabi_float_init
                0x00000000100055ec       0x64 CMakeFiles/simple_vga.dir/home/keyvin/pico-sdk/src/rp2_common/pico_float/float_init_rom.c.obj
                0x00000000100055ec                __aeabi_float_init
 .text.float_table_shim_on_use_helper
                0x0000000010005650       0x2c CMakeFiles/simple_vga.dir/home/keyvin/pico-sdk/src/rp2_common/pico_float/float_v1_rom_shim.S.obj
                0x0000000010005650                float_table_shim_on_use_helper
 .text          0x000000001000567c       0x10 CMakeFiles/simple_vga.dir/home/keyvin/pico-sdk/src/rp2_common/pico_mem_ops/mem_ops_aeabi.S.obj
                0x000000001000567c                __aeabi_mem_init
 .text.memset   0x000000001000568c        0xc CMakeFiles/simple_vga.dir/home/keyvin/pico-sdk/src/rp2_common/pico_mem_ops/mem_ops_aeabi.S.obj
                0x000000001000568c                __wrap_memset
 .text.memcpy   0x0000000010005698        0xc CMakeFiles/simple_vga.dir/home/keyvin/pico-sdk/src/rp2_common/pico_mem_ops/mem_ops_aeabi.S.obj
                0x0000000010005698                __wrap___aeabi_memcpy
                0x0000000010005698                __wrap_memcpy
 .text.stdio_out_chars_no_crlf
                0x00000000100056a4       0x10 CMakeFiles/simple_vga.dir/home/keyvin/pico-sdk/src/rp2_common/pico_stdio/stdio.c.obj
 .text.stdio_out_chars_crlf
                0x00000000100056b4       0x94 CMakeFiles/simple_vga.dir/home/keyvin/pico-sdk/src/rp2_common/pico_stdio/stdio.c.obj
 .text.stdio_put_string
                0x0000000010005748      0x100 CMakeFiles/simple_vga.dir/home/keyvin/pico-sdk/src/rp2_common/pico_stdio/stdio.c.obj
 .text.__wrap_putchar
                0x0000000010005848       0xa4 CMakeFiles/simple_vga.dir/home/keyvin/pico-sdk/src/rp2_common/pico_stdio/stdio.c.obj
                0x0000000010005848                __wrap_putchar
 .text.__wrap_puts
                0x00000000100058ec       0x3c CMakeFiles/simple_vga.dir/home/keyvin/pico-sdk/src/rp2_common/pico_stdio/stdio.c.obj
                0x00000000100058ec                __wrap_puts
 .text._read    0x0000000010005928       0x98 CMakeFiles/simple_vga.dir/home/keyvin/pico-sdk/src/rp2_common/pico_stdio/stdio.c.obj
                0x0000000010005928                _read
 .text._write   0x00000000100059c0       0xac CMakeFiles/simple_vga.dir/home/keyvin/pico-sdk/src/rp2_common/pico_stdio/stdio.c.obj
                0x00000000100059c0                _write
 .text.stdio_set_driver_enabled
                0x0000000010005a6c       0x3c CMakeFiles/simple_vga.dir/home/keyvin/pico-sdk/src/rp2_common/pico_stdio/stdio.c.obj
                0x0000000010005a6c                stdio_set_driver_enabled
 .text.stdio_uart_out_chars
                0x0000000010005aa8       0x4c CMakeFiles/simple_vga.dir/home/keyvin/pico-sdk/src/rp2_common/pico_stdio_uart/stdio_uart.c.obj
 .text.stdio_uart_in_chars
                0x0000000010005af4       0x38 CMakeFiles/simple_vga.dir/home/keyvin/pico-sdk/src/rp2_common/pico_stdio_uart/stdio_uart.c.obj
                0x0000000010005af4                stdio_uart_in_chars
 .text.stdio_uart_init_full
                0x0000000010005b2c       0x38 CMakeFiles/simple_vga.dir/home/keyvin/pico-sdk/src/rp2_common/pico_stdio_uart/stdio_uart.c.obj
                0x0000000010005b2c                stdio_uart_init_full
 .text.pio_add_program
                0x0000000010005b64       0xe4 CMakeFiles/simple_vga.dir/home/keyvin/pico-sdk/src/rp2_common/hardware_pio/pio.c.obj
                0x0000000010005b64                pio_add_program
 .text.pio_sm_set_consecutive_pindirs
                0x0000000010005c48       0x88 CMakeFiles/simple_vga.dir/home/keyvin/pico-sdk/src/rp2_common/hardware_pio/pio.c.obj
                0x0000000010005c48                pio_sm_set_consecutive_pindirs
 .text.pio_sm_init
                0x0000000010005cd0       0x90 CMakeFiles/simple_vga.dir/home/keyvin/pico-sdk/src/rp2_common/hardware_pio/pio.c.obj
                0x0000000010005cd0                pio_sm_init
 .text.core1_trampoline
                0x0000000010005d60        0x4 CMakeFiles/simple_vga.dir/home/keyvin/pico-sdk/src/rp2_common/pico_multicore/multicore.c.obj
 .text.core1_wrapper
                0x0000000010005d64        0xc CMakeFiles/simple_vga.dir/home/keyvin/pico-sdk/src/rp2_common/pico_multicore/multicore.c.obj
                0x0000000010005d64                core1_wrapper
 .text.multicore_launch_core1_raw
                0x0000000010005d70       0x84 CMakeFiles/simple_vga.dir/home/keyvin/pico-sdk/src/rp2_common/pico_multicore/multicore.c.obj
                0x0000000010005d70                multicore_launch_core1_raw
 .text.multicore_launch_core1
                0x0000000010005df4       0x4c CMakeFiles/simple_vga.dir/home/keyvin/pico-sdk/src/rp2_common/pico_multicore/multicore.c.obj
                0x0000000010005df4                multicore_launch_core1
 .text.hcd_rp2040_irq
                0x0000000010005e40      0x2a0 CMakeFiles/simple_vga.dir/home/keyvin/pico-sdk/lib/tinyusb/src/portable/raspberrypi/rp2040/hcd_rp2040.c.obj
 .text.hcd_init
                0x00000000100060e0       0x48 CMakeFiles/simple_vga.dir/home/keyvin/pico-sdk/lib/tinyusb/src/portable/raspberrypi/rp2040/hcd_rp2040.c.obj
                0x00000000100060e0                hcd_init
 .text.hcd_port_reset
                0x0000000010006128        0x4 CMakeFiles/simple_vga.dir/home/keyvin/pico-sdk/lib/tinyusb/src/portable/raspberrypi/rp2040/hcd_rp2040.c.obj
                0x0000000010006128                hcd_port_reset
 .text.hcd_port_connect_status
                0x000000001000612c       0x18 CMakeFiles/simple_vga.dir/home/keyvin/pico-sdk/lib/tinyusb/src/portable/raspberrypi/rp2040/hcd_rp2040.c.obj
                0x000000001000612c                hcd_port_connect_status
 .text.hcd_port_speed_get
                0x0000000010006144       0x24 CMakeFiles/simple_vga.dir/home/keyvin/pico-sdk/lib/tinyusb/src/portable/raspberrypi/rp2040/hcd_rp2040.c.obj
                0x0000000010006144                hcd_port_speed_get
 .text.hcd_device_close
                0x0000000010006168        0x4 CMakeFiles/simple_vga.dir/home/keyvin/pico-sdk/lib/tinyusb/src/portable/raspberrypi/rp2040/hcd_rp2040.c.obj
                0x0000000010006168                hcd_device_close
 .text.hcd_int_enable
                0x000000001000616c        0xc CMakeFiles/simple_vga.dir/home/keyvin/pico-sdk/lib/tinyusb/src/portable/raspberrypi/rp2040/hcd_rp2040.c.obj
                0x000000001000616c                hcd_int_enable
 .text.hcd_edpt_open
                0x0000000010006178      0x20c CMakeFiles/simple_vga.dir/home/keyvin/pico-sdk/lib/tinyusb/src/portable/raspberrypi/rp2040/hcd_rp2040.c.obj
                0x0000000010006178                hcd_edpt_open
 .text.hcd_edpt_xfer
                0x0000000010006384      0x2d8 CMakeFiles/simple_vga.dir/home/keyvin/pico-sdk/lib/tinyusb/src/portable/raspberrypi/rp2040/hcd_rp2040.c.obj
                0x0000000010006384                hcd_edpt_xfer
 .text.hcd_setup_send
                0x000000001000665c       0x98 CMakeFiles/simple_vga.dir/home/keyvin/pico-sdk/lib/tinyusb/src/portable/raspberrypi/rp2040/hcd_rp2040.c.obj
                0x000000001000665c                hcd_setup_send
 .text._hw_endpoint_buffer_control_update32.part.0
                0x00000000100066f4       0x20 CMakeFiles/simple_vga.dir/home/keyvin/pico-sdk/lib/tinyusb/src/portable/raspberrypi/rp2040/rp2040_usb.c.obj
 .text.rp2040_usb_init
                0x0000000010006714       0x4c CMakeFiles/simple_vga.dir/home/keyvin/pico-sdk/lib/tinyusb/src/portable/raspberrypi/rp2040/rp2040_usb.c.obj
                0x0000000010006714                rp2040_usb_init
 .text.hw_endpoint_reset_transfer
                0x0000000010006760        0xc CMakeFiles/simple_vga.dir/home/keyvin/pico-sdk/lib/tinyusb/src/portable/raspberrypi/rp2040/rp2040_usb.c.obj
                0x0000000010006760                hw_endpoint_reset_transfer
 .text.hw_endpoint_xfer_start
                0x000000001000676c      0x128 CMakeFiles/simple_vga.dir/home/keyvin/pico-sdk/lib/tinyusb/src/portable/raspberrypi/rp2040/rp2040_usb.c.obj
                0x000000001000676c                hw_endpoint_xfer_start
 .text.hw_endpoint_xfer_continue
                0x0000000010006894      0x1d4 CMakeFiles/simple_vga.dir/home/keyvin/pico-sdk/lib/tinyusb/src/portable/raspberrypi/rp2040/rp2040_usb.c.obj
                0x0000000010006894                hw_endpoint_xfer_continue
 .text.enum_request_set_addr
                0x0000000010006a68       0xa0 CMakeFiles/simple_vga.dir/home/keyvin/pico-sdk/lib/tinyusb/src/host/usbh.c.obj
 .text.enum_hub_get_status0_complete
                0x0000000010006b08       0x60 CMakeFiles/simple_vga.dir/home/keyvin/pico-sdk/lib/tinyusb/src/host/usbh.c.obj
 .text.enum_hub_get_status1_complete
                0x0000000010006b68       0x38 CMakeFiles/simple_vga.dir/home/keyvin/pico-sdk/lib/tinyusb/src/host/usbh.c.obj
 .text.enum_hub_clear_reset1_complete
                0x0000000010006ba0       0x1c CMakeFiles/simple_vga.dir/home/keyvin/pico-sdk/lib/tinyusb/src/host/usbh.c.obj
 .text.enum_get_device_desc_complete
                0x0000000010006bbc       0x58 CMakeFiles/simple_vga.dir/home/keyvin/pico-sdk/lib/tinyusb/src/host/usbh.c.obj
 .text.enum_get_9byte_config_desc_complete
                0x0000000010006c14       0x44 CMakeFiles/simple_vga.dir/home/keyvin/pico-sdk/lib/tinyusb/src/host/usbh.c.obj
 .text.tuh_task.part.0
                0x0000000010006c58      0x4ac CMakeFiles/simple_vga.dir/home/keyvin/pico-sdk/lib/tinyusb/src/host/usbh.c.obj
 .text.enum_get_addr0_device_desc_complete
                0x0000000010007104       0x7c CMakeFiles/simple_vga.dir/home/keyvin/pico-sdk/lib/tinyusb/src/host/usbh.c.obj
 .text.enum_set_address_complete
                0x0000000010007180       0x9c CMakeFiles/simple_vga.dir/home/keyvin/pico-sdk/lib/tinyusb/src/host/usbh.c.obj
 .text.enum_get_config_desc_complete
                0x000000001000721c      0x120 CMakeFiles/simple_vga.dir/home/keyvin/pico-sdk/lib/tinyusb/src/host/usbh.c.obj
 .text.enum_set_config_complete
                0x000000001000733c       0xf8 CMakeFiles/simple_vga.dir/home/keyvin/pico-sdk/lib/tinyusb/src/host/usbh.c.obj
 .text.enum_hub_clear_reset0_complete
                0x0000000010007434       0x64 CMakeFiles/simple_vga.dir/home/keyvin/pico-sdk/lib/tinyusb/src/host/usbh.c.obj
 .text.tuh_speed_get
                0x0000000010007498       0x24 CMakeFiles/simple_vga.dir/home/keyvin/pico-sdk/lib/tinyusb/src/host/usbh.c.obj
                0x0000000010007498                tuh_speed_get
 .text.tuh_inited
                0x00000000100074bc        0xc CMakeFiles/simple_vga.dir/home/keyvin/pico-sdk/lib/tinyusb/src/host/usbh.c.obj
                0x00000000100074bc                tuh_inited
 .text.tuh_init
                0x00000000100074c8       0xa4 CMakeFiles/simple_vga.dir/home/keyvin/pico-sdk/lib/tinyusb/src/host/usbh.c.obj
                0x00000000100074c8                tuh_init
 .text.tuh_task
                0x000000001000756c       0x10 CMakeFiles/simple_vga.dir/home/keyvin/pico-sdk/lib/tinyusb/src/host/usbh.c.obj
                0x000000001000756c                tuh_task
 .text.usbh_get_rhport
                0x000000001000757c       0x20 CMakeFiles/simple_vga.dir/home/keyvin/pico-sdk/lib/tinyusb/src/host/usbh.c.obj
                0x000000001000757c                usbh_get_rhport
 .text.usbh_get_enum_buf
                0x000000001000759c        0x8 CMakeFiles/simple_vga.dir/home/keyvin/pico-sdk/lib/tinyusb/src/host/usbh.c.obj
                0x000000001000759c                usbh_get_enum_buf
 .text.hcd_event_handler
                0x00000000100075a4       0x38 CMakeFiles/simple_vga.dir/home/keyvin/pico-sdk/lib/tinyusb/src/host/usbh.c.obj
                0x00000000100075a4                hcd_event_handler
 .text.hcd_event_xfer_complete
                0x00000000100075dc       0x4c CMakeFiles/simple_vga.dir/home/keyvin/pico-sdk/lib/tinyusb/src/host/usbh.c.obj
                0x00000000100075dc                hcd_event_xfer_complete
 .text.hcd_event_device_attach
                0x0000000010007628       0x54 CMakeFiles/simple_vga.dir/home/keyvin/pico-sdk/lib/tinyusb/src/host/usbh.c.obj
                0x0000000010007628                hcd_event_device_attach
 .text.hcd_event_device_remove
                0x000000001000767c       0x54 CMakeFiles/simple_vga.dir/home/keyvin/pico-sdk/lib/tinyusb/src/host/usbh.c.obj
                0x000000001000767c                hcd_event_device_remove
 .text.usbh_driver_set_config_complete
                0x00000000100076d0      0x160 CMakeFiles/simple_vga.dir/home/keyvin/pico-sdk/lib/tinyusb/src/host/usbh.c.obj
                0x00000000100076d0                usbh_driver_set_config_complete
 .text.usbh_edpt_claim
                0x0000000010007830       0x90 CMakeFiles/simple_vga.dir/home/keyvin/pico-sdk/lib/tinyusb/src/host/usbh.c.obj
                0x0000000010007830                usbh_edpt_claim
 .text.usbh_edpt_xfer
                0x00000000100078c0       0x84 CMakeFiles/simple_vga.dir/home/keyvin/pico-sdk/lib/tinyusb/src/host/usbh.c.obj
                0x00000000100078c0                usbh_edpt_xfer
 .text.usbh_edpt_open
                0x0000000010007944       0x3c CMakeFiles/simple_vga.dir/home/keyvin/pico-sdk/lib/tinyusb/src/host/usbh.c.obj
                0x0000000010007944                usbh_edpt_open
 .text.usbh_edpt_busy
                0x0000000010007980       0x34 CMakeFiles/simple_vga.dir/home/keyvin/pico-sdk/lib/tinyusb/src/host/usbh.c.obj
                0x0000000010007980                usbh_edpt_busy
 .text.tuh_control_xfer
                0x00000000100079b4       0x44 CMakeFiles/simple_vga.dir/home/keyvin/pico-sdk/lib/tinyusb/src/host/usbh_control.c.obj
                0x00000000100079b4                tuh_control_xfer
 .text.usbh_control_xfer_cb
                0x00000000100079f8       0x90 CMakeFiles/simple_vga.dir/home/keyvin/pico-sdk/lib/tinyusb/src/host/usbh_control.c.obj
                0x00000000100079f8                usbh_control_xfer_cb
 .text.connection_port_reset_complete
                0x0000000010007a88       0x34 CMakeFiles/simple_vga.dir/home/keyvin/pico-sdk/lib/tinyusb/src/host/hub.c.obj
 .text.connection_get_status_complete
                0x0000000010007abc       0x50 CMakeFiles/simple_vga.dir/home/keyvin/pico-sdk/lib/tinyusb/src/host/hub.c.obj
 .text.config_set_port_power
                0x0000000010007b0c       0x44 CMakeFiles/simple_vga.dir/home/keyvin/pico-sdk/lib/tinyusb/src/host/hub.c.obj
 .text.config_port_power_complete
                0x0000000010007b50       0x6c CMakeFiles/simple_vga.dir/home/keyvin/pico-sdk/lib/tinyusb/src/host/hub.c.obj
 .text.connection_clear_conn_change_complete
                0x0000000010007bbc       0x74 CMakeFiles/simple_vga.dir/home/keyvin/pico-sdk/lib/tinyusb/src/host/hub.c.obj
 .text.hub_port_clear_feature
                0x0000000010007c30       0x20 CMakeFiles/simple_vga.dir/home/keyvin/pico-sdk/lib/tinyusb/src/host/hub.c.obj
                0x0000000010007c30                hub_port_clear_feature
 .text.hub_port_reset
                0x0000000010007c50       0x20 CMakeFiles/simple_vga.dir/home/keyvin/pico-sdk/lib/tinyusb/src/host/hub.c.obj
                0x0000000010007c50                hub_port_reset
 .text.hub_port_get_status
                0x0000000010007c70       0x1c CMakeFiles/simple_vga.dir/home/keyvin/pico-sdk/lib/tinyusb/src/host/hub.c.obj
                0x0000000010007c70                hub_port_get_status
 .text.hub_init
                0x0000000010007c8c       0x14 CMakeFiles/simple_vga.dir/home/keyvin/pico-sdk/lib/tinyusb/src/host/hub.c.obj
                0x0000000010007c8c                hub_init
 .text.hub_open
                0x0000000010007ca0       0x54 CMakeFiles/simple_vga.dir/home/keyvin/pico-sdk/lib/tinyusb/src/host/hub.c.obj
                0x0000000010007ca0                hub_open
 .text.hub_close
                0x0000000010007cf4       0x24 CMakeFiles/simple_vga.dir/home/keyvin/pico-sdk/lib/tinyusb/src/host/hub.c.obj
                0x0000000010007cf4                hub_close
 .text.hub_status_pipe_queue
                0x0000000010007d18       0x1c CMakeFiles/simple_vga.dir/home/keyvin/pico-sdk/lib/tinyusb/src/host/hub.c.obj
                0x0000000010007d18                hub_status_pipe_queue
 .text.hub_set_config
                0x0000000010007d34       0x40 CMakeFiles/simple_vga.dir/home/keyvin/pico-sdk/lib/tinyusb/src/host/hub.c.obj
                0x0000000010007d34                hub_set_config
 .text.hub_xfer_cb
                0x0000000010007d74       0x68 CMakeFiles/simple_vga.dir/home/keyvin/pico-sdk/lib/tinyusb/src/host/hub.c.obj
                0x0000000010007d74                hub_xfer_cb
 .text.tuh_cdc_receive
                0x0000000010007ddc       0x58 CMakeFiles/simple_vga.dir/home/keyvin/pico-sdk/lib/tinyusb/src/class/cdc/cdc_host.c.obj
                0x0000000010007ddc                tuh_cdc_receive
 .text.cdch_init
                0x0000000010007e34       0x14 CMakeFiles/simple_vga.dir/home/keyvin/pico-sdk/lib/tinyusb/src/class/cdc/cdc_host.c.obj
                0x0000000010007e34                cdch_init
 .text.cdch_open
                0x0000000010007e48      0x114 CMakeFiles/simple_vga.dir/home/keyvin/pico-sdk/lib/tinyusb/src/class/cdc/cdc_host.c.obj
                0x0000000010007e48                cdch_open
 .text.cdch_set_config
                0x0000000010007f5c        0x4 CMakeFiles/simple_vga.dir/home/keyvin/pico-sdk/lib/tinyusb/src/class/cdc/cdc_host.c.obj
                0x0000000010007f5c                cdch_set_config
 .text.cdch_xfer_cb
                0x0000000010007f60       0x10 CMakeFiles/simple_vga.dir/home/keyvin/pico-sdk/lib/tinyusb/src/class/cdc/cdc_host.c.obj
                0x0000000010007f60                cdch_xfer_cb
 .text.cdch_close
                0x0000000010007f70       0x20 CMakeFiles/simple_vga.dir/home/keyvin/pico-sdk/lib/tinyusb/src/class/cdc/cdc_host.c.obj
                0x0000000010007f70                cdch_close
 .text.config_set_protocol
                0x0000000010007f90       0xfc CMakeFiles/simple_vga.dir/home/keyvin/pico-sdk/lib/tinyusb/src/class/hid/hid_host.c.obj
 .text.config_get_report_desc
                0x000000001000808c      0x150 CMakeFiles/simple_vga.dir/home/keyvin/pico-sdk/lib/tinyusb/src/class/hid/hid_host.c.obj
 .text.config_get_report_desc_complete
                0x00000000100081dc      0x128 CMakeFiles/simple_vga.dir/home/keyvin/pico-sdk/lib/tinyusb/src/class/hid/hid_host.c.obj
 .text.tuh_hid_interface_protocol
                0x0000000010008304       0x20 CMakeFiles/simple_vga.dir/home/keyvin/pico-sdk/lib/tinyusb/src/class/hid/hid_host.c.obj
                0x0000000010008304                tuh_hid_interface_protocol
 .text.tuh_hid_receive_report
                0x0000000010008324       0x4c CMakeFiles/simple_vga.dir/home/keyvin/pico-sdk/lib/tinyusb/src/class/hid/hid_host.c.obj
                0x0000000010008324                tuh_hid_receive_report
 .text.hidh_init
                0x0000000010008370       0x18 CMakeFiles/simple_vga.dir/home/keyvin/pico-sdk/lib/tinyusb/src/class/hid/hid_host.c.obj
                0x0000000010008370                hidh_init
 .text.hidh_xfer_cb
                0x0000000010008388       0xe4 CMakeFiles/simple_vga.dir/home/keyvin/pico-sdk/lib/tinyusb/src/class/hid/hid_host.c.obj
                0x0000000010008388                hidh_xfer_cb
 .text.hidh_close
                0x000000001000846c       0x5c CMakeFiles/simple_vga.dir/home/keyvin/pico-sdk/lib/tinyusb/src/class/hid/hid_host.c.obj
                0x000000001000846c                hidh_close
 .text.hidh_open
                0x00000000100084c8       0xc4 CMakeFiles/simple_vga.dir/home/keyvin/pico-sdk/lib/tinyusb/src/class/hid/hid_host.c.obj
                0x00000000100084c8                hidh_open
 .text.hidh_set_config
                0x000000001000858c      0x104 CMakeFiles/simple_vga.dir/home/keyvin/pico-sdk/lib/tinyusb/src/class/hid/hid_host.c.obj
                0x000000001000858c                hidh_set_config
 .text.tuh_hid_parse_report_descriptor
                0x0000000010008690       0xd4 CMakeFiles/simple_vga.dir/home/keyvin/pico-sdk/lib/tinyusb/src/class/hid/hid_host.c.obj
                0x0000000010008690                tuh_hid_parse_report_descriptor
 .text.config_read_capacity_complete
                0x0000000010008764       0x94 CMakeFiles/simple_vga.dir/home/keyvin/pico-sdk/lib/tinyusb/src/class/msc/msc_host.c.obj
 .text.config_get_maxlun_complete
                0x00000000100087f8       0xb0 CMakeFiles/simple_vga.dir/home/keyvin/pico-sdk/lib/tinyusb/src/class/msc/msc_host.c.obj
 .text.config_request_sense_complete
                0x00000000100088a8       0xc0 CMakeFiles/simple_vga.dir/home/keyvin/pico-sdk/lib/tinyusb/src/class/msc/msc_host.c.obj
 .text.config_test_unit_ready_complete
                0x0000000010008968      0x164 CMakeFiles/simple_vga.dir/home/keyvin/pico-sdk/lib/tinyusb/src/class/msc/msc_host.c.obj
 .text.msch_init
                0x0000000010008acc       0x14 CMakeFiles/simple_vga.dir/home/keyvin/pico-sdk/lib/tinyusb/src/class/msc/msc_host.c.obj
                0x0000000010008acc                msch_init
 .text.msch_close
                0x0000000010008ae0       0x38 CMakeFiles/simple_vga.dir/home/keyvin/pico-sdk/lib/tinyusb/src/class/msc/msc_host.c.obj
                0x0000000010008ae0                msch_close
 .text.msch_xfer_cb
                0x0000000010008b18       0xe8 CMakeFiles/simple_vga.dir/home/keyvin/pico-sdk/lib/tinyusb/src/class/msc/msc_host.c.obj
                0x0000000010008b18                msch_xfer_cb
 .text.msch_open
                0x0000000010008c00       0xc4 CMakeFiles/simple_vga.dir/home/keyvin/pico-sdk/lib/tinyusb/src/class/msc/msc_host.c.obj
                0x0000000010008c00                msch_open
 .text.msch_set_config
                0x0000000010008cc4       0x48 CMakeFiles/simple_vga.dir/home/keyvin/pico-sdk/lib/tinyusb/src/class/msc/msc_host.c.obj
                0x0000000010008cc4                msch_set_config
 .text.tusb_init
                0x0000000010008d0c        0xc CMakeFiles/simple_vga.dir/home/keyvin/pico-sdk/lib/tinyusb/src/tusb.c.obj
                0x0000000010008d0c                tusb_init
 .text.tusb_inited
                0x0000000010008d18        0x8 CMakeFiles/simple_vga.dir/home/keyvin/pico-sdk/lib/tinyusb/src/tusb.c.obj
                0x0000000010008d18                tusb_inited
 .text.tu_edpt_validate
                0x0000000010008d20       0x78 CMakeFiles/simple_vga.dir/home/keyvin/pico-sdk/lib/tinyusb/src/tusb.c.obj
                0x0000000010008d20                tu_edpt_validate
 .text.tu_edpt_bind_driver
                0x0000000010008d98       0x2c CMakeFiles/simple_vga.dir/home/keyvin/pico-sdk/lib/tinyusb/src/tusb.c.obj
                0x0000000010008d98                tu_edpt_bind_driver
 .text.tu_desc_get_interface_total_len
                0x0000000010008dc4       0x4c CMakeFiles/simple_vga.dir/home/keyvin/pico-sdk/lib/tinyusb/src/tusb.c.obj
                0x0000000010008dc4                tu_desc_get_interface_total_len
 .text.tu_fifo_read
                0x0000000010008e10       0x9c CMakeFiles/simple_vga.dir/home/keyvin/pico-sdk/lib/tinyusb/src/common/tusb_fifo.c.obj
                0x0000000010008e10                tu_fifo_read
 .text.tu_fifo_write
                0x0000000010008eac       0x7c CMakeFiles/simple_vga.dir/home/keyvin/pico-sdk/lib/tinyusb/src/common/tusb_fifo.c.obj
                0x0000000010008eac                tu_fifo_write
 .text.tu_fifo_clear
                0x0000000010008f28       0x4c CMakeFiles/simple_vga.dir/home/keyvin/pico-sdk/lib/tinyusb/src/common/tusb_fifo.c.obj
                0x0000000010008f28                tu_fifo_clear
 .text.board_init
                0x0000000010008f74       0x30 CMakeFiles/simple_vga.dir/home/keyvin/pico-sdk/lib/tinyusb/hw/bsp/rp2040/family.c.obj
                0x0000000010008f74                board_init
 .text          0x0000000010008fa4       0x5c /usr/lib/gcc/arm-none-eabi/9.2.1/../../../arm-none-eabi/lib/thumb/v6-m/nofp/libc.a(lib_a-callocr.o)
                0x0000000010008fa4                _calloc_r
 .text          0x0000000010009000      0x58c /usr/lib/gcc/arm-none-eabi/9.2.1/../../../arm-none-eabi/lib/thumb/v6-m/nofp/libc.a(lib_a-mallocr.o)
                0x0000000010009000                _malloc_r
 .text          0x000000001000958c        0x8 /usr/lib/gcc/arm-none-eabi/9.2.1/../../../arm-none-eabi/lib/thumb/v6-m/nofp/libc.a(lib_a-mlock.o)
                0x000000001000958c                __malloc_lock
                0x0000000010009590                __malloc_unlock
 .text          0x0000000010009594       0x24 /usr/lib/gcc/arm-none-eabi/9.2.1/../../../arm-none-eabi/lib/thumb/v6-m/nofp/libc.a(lib_a-sbrkr.o)
                0x0000000010009594                _sbrk_r
 .text          0x00000000100095b8       0x9c /usr/lib/gcc/arm-none-eabi/9.2.1/../../../arm-none-eabi/lib/thumb/v6-m/nofp/libc.a(lib_a-sscanf.o)
                0x00000000100095b8                sscanf
                0x0000000010009608                _sscanf_r
 .text          0x0000000010009654       0xa4 /usr/lib/gcc/arm-none-eabi/9.2.1/../../../arm-none-eabi/lib/thumb/v6-m/nofp/libc.a(lib_a-stdio.o)
                0x0000000010009654                __sread
                0x000000001000967c                __seofread
                0x0000000010009680                __swrite
                0x00000000100096c0                __sseek
                0x00000000100096ec                __sclose
 .text          0x00000000100096f8       0x68 /usr/lib/gcc/arm-none-eabi/9.2.1/../../../arm-none-eabi/lib/thumb/v6-m/nofp/libc.a(lib_a-strlen-stub.o)
                0x00000000100096f8                strlen
 .text          0x0000000010009760      0xf7c /usr/lib/gcc/arm-none-eabi/9.2.1/../../../arm-none-eabi/lib/thumb/v6-m/nofp/libc.a(lib_a-svfscanf.o)
                0x0000000010009760                __ssvfscanf_r
 .text          0x000000001000a6dc       0x28 /usr/lib/gcc/arm-none-eabi/9.2.1/../../../arm-none-eabi/lib/thumb/v6-m/nofp/libc.a(lib_a-writer.o)
                0x000000001000a6dc                _write_r
 .text          0x000000001000a704       0x24 /usr/lib/gcc/arm-none-eabi/9.2.1/../../../arm-none-eabi/lib/thumb/v6-m/nofp/libc.a(lib_a-closer.o)
                0x000000001000a704                _close_r
 .text          0x000000001000a728      0x27c /usr/lib/gcc/arm-none-eabi/9.2.1/../../../arm-none-eabi/lib/thumb/v6-m/nofp/libc.a(lib_a-freer.o)
                0x000000001000a728                _malloc_trim_r
                0x000000001000a7c8                _free_r
 .text          0x000000001000a9a4        0xc /usr/lib/gcc/arm-none-eabi/9.2.1/../../../arm-none-eabi/lib/thumb/v6-m/nofp/libc.a(lib_a-iswspace.o)
                0x000000001000a9a4                iswspace
 .text          0x000000001000a9b0       0x18 /usr/lib/gcc/arm-none-eabi/9.2.1/../../../arm-none-eabi/lib/thumb/v6-m/nofp/libc.a(lib_a-iswspace_l.o)
                0x000000001000a9b0                iswspace_l
 .text          0x000000001000a9c8       0x6c /usr/lib/gcc/arm-none-eabi/9.2.1/../../../arm-none-eabi/lib/thumb/v6-m/nofp/libc.a(lib_a-locale.o)
                0x000000001000a9c8                _setlocale_r
                0x000000001000aa0c                __locale_mb_cur_max
                0x000000001000aa1c                setlocale
 .text          0x000000001000aa34       0x14 /usr/lib/gcc/arm-none-eabi/9.2.1/../../../arm-none-eabi/lib/thumb/v6-m/nofp/libc.a(lib_a-localeconv.o)
                0x000000001000aa34                __localeconv_l
                0x000000001000aa38                _localeconv_r
                0x000000001000aa40                localeconv
 .text          0x000000001000aa48       0x28 /usr/lib/gcc/arm-none-eabi/9.2.1/../../../arm-none-eabi/lib/thumb/v6-m/nofp/libc.a(lib_a-lseekr.o)
                0x000000001000aa48                _lseek_r
 .text          0x000000001000aa70       0x94 /usr/lib/gcc/arm-none-eabi/9.2.1/../../../arm-none-eabi/lib/thumb/v6-m/nofp/libc.a(lib_a-mbrtowc.o)
                0x000000001000aa70                _mbrtowc_r
                0x000000001000aab8                mbrtowc
 .text          0x000000001000ab04       0x44 /usr/lib/gcc/arm-none-eabi/9.2.1/../../../arm-none-eabi/lib/thumb/v6-m/nofp/libc.a(lib_a-mbtowc_r.o)
                0x000000001000ab04                _mbtowc_r
                0x000000001000ab1c                __ascii_mbtowc
 .text          0x000000001000ab48       0x28 /usr/lib/gcc/arm-none-eabi/9.2.1/../../../arm-none-eabi/lib/thumb/v6-m/nofp/libc.a(lib_a-readr.o)
                0x000000001000ab48                _read_r
 .text          0x000000001000ab70       0x6c /usr/lib/gcc/arm-none-eabi/9.2.1/../../../arm-none-eabi/lib/thumb/v6-m/nofp/libc.a(lib_a-sccl.o)
                0x000000001000ab70                __sccl
 .text          0x000000001000abdc        0x8 /usr/lib/gcc/arm-none-eabi/9.2.1/../../../arm-none-eabi/lib/thumb/v6-m/nofp/libc.a(lib_a-sf_nan.o)
                0x000000001000abdc                nanf
 .text          0x000000001000abe4       0x88 /usr/lib/gcc/arm-none-eabi/9.2.1/../../../arm-none-eabi/lib/thumb/v6-m/nofp/libc.a(lib_a-strcmp.o)
                0x000000001000abe4                strcmp
 .text          0x000000001000ac6c     0x10b8 /usr/lib/gcc/arm-none-eabi/9.2.1/../../../arm-none-eabi/lib/thumb/v6-m/nofp/libc.a(lib_a-strtod.o)
                0x000000001000ac9c                _strtod_l
                0x000000001000bb7c                _strtod_r
                0x000000001000bb8c                strtod_l
                0x000000001000bba4                strtod
                0x000000001000bbc0                strtof_l
                0x000000001000bc70                strtof
 .text          0x000000001000bd24      0x184 /usr/lib/gcc/arm-none-eabi/9.2.1/../../../arm-none-eabi/lib/thumb/v6-m/nofp/libc.a(lib_a-strtol.o)
                0x000000001000be70                _strtol_r
                0x000000001000be78                strtol_l
                0x000000001000be90                strtol
 .text          0x000000001000bea8      0x1d8 /usr/lib/gcc/arm-none-eabi/9.2.1/../../../arm-none-eabi/lib/thumb/v6-m/nofp/libc.a(lib_a-strtoll.o)
                0x000000001000c048                _strtoll_r
                0x000000001000c050                strtoll_l
                0x000000001000c068                strtoll
 .text          0x000000001000c080      0x180 /usr/lib/gcc/arm-none-eabi/9.2.1/../../../arm-none-eabi/lib/thumb/v6-m/nofp/libc.a(lib_a-strtoul.o)
                0x000000001000c1c8                _strtoul_r
                0x000000001000c1d0                strtoul_l
                0x000000001000c1e8                strtoul
 .text          0x000000001000c200      0x1f4 /usr/lib/gcc/arm-none-eabi/9.2.1/../../../arm-none-eabi/lib/thumb/v6-m/nofp/libc.a(lib_a-strtoull.o)
                0x000000001000c3bc                _strtoull_r
                0x000000001000c3c4                strtoull_l
                0x000000001000c3dc                strtoull
 .text          0x000000001000c3f4      0xc18 /usr/lib/gcc/arm-none-eabi/9.2.1/../../../arm-none-eabi/lib/thumb/v6-m/nofp/libc.a(lib_a-svfiscanf.o)
                0x000000001000c3f4                _sungetc_r
                0x000000001000c474                __ssrefill_r
                0x000000001000c4b4                _sfread_r
                0x000000001000c544                __ssvfiscanf_r
 .text          0x000000001000d00c      0x184 /usr/lib/gcc/arm-none-eabi/9.2.1/../../../arm-none-eabi/lib/thumb/v6-m/nofp/libc.a(lib_a-ungetc.o)
                0x000000001000d00c                __submore
                0x000000001000d090                _ungetc_r
                0x000000001000d178                ungetc
 .text          0x000000001000d190       0x2c /usr/lib/gcc/arm-none-eabi/9.2.1/../../../arm-none-eabi/lib/thumb/v6-m/nofp/libc.a(lib_a-wctomb_r.o)
                0x000000001000d190                _wctomb_r
                0x000000001000d1a0                __ascii_wctomb
 .text          0x000000001000d1bc        0xc /usr/lib/gcc/arm-none-eabi/9.2.1/../../../arm-none-eabi/lib/thumb/v6-m/nofp/libc.a(lib_a-errno.o)
                0x000000001000d1bc                __errno
 .text          0x000000001000d1c8      0x1b4 /usr/lib/gcc/arm-none-eabi/9.2.1/../../../arm-none-eabi/lib/thumb/v6-m/nofp/libc.a(lib_a-fflush.o)
                0x000000001000d1c8                __sflush_r
                0x000000001000d328                _fflush_r
                0x000000001000d354                fflush
 .text          0x000000001000d37c      0x220 /usr/lib/gcc/arm-none-eabi/9.2.1/../../../arm-none-eabi/lib/thumb/v6-m/nofp/libc.a(lib_a-findfp.o)
                0x000000001000d380                _cleanup_r
                0x000000001000d47c                __sfmoreglue
                0x000000001000d4ac                __sfp
                0x000000001000d534                _cleanup
                0x000000001000d54c                __sinit
                0x000000001000d55c                __sfp_lock_acquire
                0x000000001000d560                __sfp_lock_release
                0x000000001000d564                __sinit_lock_acquire
                0x000000001000d568                __sinit_lock_release
                0x000000001000d56c                __fp_lock_all
                0x000000001000d584                __fp_unlock_all
 .text          0x000000001000d59c       0x90 /usr/lib/gcc/arm-none-eabi/9.2.1/../../../arm-none-eabi/lib/thumb/v6-m/nofp/libc.a(lib_a-fwalk.o)
                0x000000001000d59c                _fwalk
                0x000000001000d5e0                _fwalk_reent
 .text          0x000000001000d62c      0x634 /usr/lib/gcc/arm-none-eabi/9.2.1/../../../arm-none-eabi/lib/thumb/v6-m/nofp/libc.a(lib_a-gdtoa-gethex.o)
                0x000000001000d6d0                __gethex
 .text          0x000000001000dc60      0x1d8 /usr/lib/gcc/arm-none-eabi/9.2.1/../../../arm-none-eabi/lib/thumb/v6-m/nofp/libc.a(lib_a-gdtoa-hexnan.o)
                0x000000001000dc60                __match
                0x000000001000dc8c                __hexnan
 .text          0x000000001000de38      0xa38 /usr/lib/gcc/arm-none-eabi/9.2.1/../../../arm-none-eabi/lib/thumb/v6-m/nofp/libc.a(lib_a-mprec.o)
                0x000000001000de38                _Balloc
                0x000000001000de88                _Bfree
                0x000000001000de9c                __multadd
                0x000000001000df4c                __s2b
                0x000000001000dff8                __hi0bits
                0x000000001000e030                __lo0bits
                0x000000001000e08c                __i2b
                0x000000001000e0b8                __multiply
                0x000000001000e244                __pow5mult
                0x000000001000e2f8                __lshift
                0x000000001000e3dc                __mcmp
                0x000000001000e410                __mdiff
                0x000000001000e558                __ulp
                0x000000001000e5a0                __b2d
                0x000000001000e658                __d2b
                0x000000001000e730                __ratio
                0x000000001000e7a4                _mprec_log10
                0x000000001000e7d8                __copybits
                0x000000001000e818                __any_on
 .text          0x000000001000e870      0x35c /usr/lib/gcc/arm-none-eabi/9.2.1/../../../arm-none-eabi/lib/thumb/v6-m/nofp/libc.a(lib_a-reallocr.o)
                0x000000001000e870                _realloc_r
 .text          0x000000001000ebcc        0xc /usr/lib/gcc/arm-none-eabi/9.2.1/../../../arm-none-eabi/lib/thumb/v6-m/nofp/libc.a(lib_a-s_nan.o)
                0x000000001000ebcc                nan
 .text          0x000000001000ebd8       0x94 /usr/lib/gcc/arm-none-eabi/9.2.1/../../../arm-none-eabi/lib/thumb/v6-m/nofp/libc.a(lib_a-strncmp.o)
                0x000000001000ebd8                strncmp
 .text          0x000000001000ec6c       0xac /usr/lib/gcc/arm-none-eabi/9.2.1/../../../arm-none-eabi/lib/thumb/v6-m/nofp/libc.a(lib_a-fclose.o)
                0x000000001000ec6c                _fclose_r
                0x000000001000ed04                fclose
 .text          0x000000001000ed18       0x10 /usr/lib/gcc/arm-none-eabi/9.2.1/../../../arm-none-eabi/lib/thumb/v6-m/nofp/libnosys.a(close.o)
                0x000000001000ed18                _close
 .text          0x000000001000ed28       0x10 /usr/lib/gcc/arm-none-eabi/9.2.1/../../../arm-none-eabi/lib/thumb/v6-m/nofp/libnosys.a(lseek.o)
                0x000000001000ed28                _lseek
 *(.fini)
 .fini          0x000000001000ed38        0x4 /usr/lib/gcc/arm-none-eabi/9.2.1/thumb/v6-m/nofp/crti.o
                0x000000001000ed38                _fini
 *fill*         0x000000001000ed3c        0x4 
 .fini.__stub   0x000000001000ed40       0x70 linker stubs
 *crtbegin.o(.ctors)
 *crtbegin?.o(.ctors)
 *(EXCLUDE_FILE(*crtend.o *crtend?.o) .ctors)
 *(SORT_BY_NAME(.ctors.*))
 *(.ctors)
 *crtbegin.o(.dtors)
 *crtbegin?.o(.dtors)
 *(EXCLUDE_FILE(*crtend.o *crtend?.o) .dtors)
 *(SORT_BY_NAME(.dtors.*))
 *(.dtors)
 *(.eh_frame*)
 .eh_frame      0x000000001000edb0        0x0 /usr/lib/gcc/arm-none-eabi/9.2.1/thumb/v6-m/nofp/crtbegin.o
                0x000000001000edb0                . = ALIGN (0x4)

.glue_7         0x000000001000edb0        0x0
 .glue_7        0x000000001000edb0        0x0 linker stubs

.glue_7t        0x000000001000edb0        0x0
 .glue_7t       0x000000001000edb0        0x0 linker stubs

.vfp11_veneer   0x000000001000edb0        0x0
 .vfp11_veneer  0x000000001000edb0        0x0 linker stubs

.v4_bx          0x000000001000edb0        0x0
 .v4_bx         0x000000001000edb0        0x0 linker stubs

.iplt           0x000000001000edb0        0x0
 .iplt          0x000000001000edb0        0x0 /usr/lib/gcc/arm-none-eabi/9.2.1/thumb/v6-m/nofp/crtbegin.o

.rodata         0x000000001000edb0     0x130c
 *(EXCLUDE_FILE(*libm.a: *libc.a:*lib_a-mem*.o *libgcc.a:) .rodata*)
 .rodata.main.str1.4
                0x000000001000edb0       0x32 CMakeFiles/simple_vga.dir/main.c.obj
 *fill*         0x000000001000ede2        0x2 
 .rodata.hsync_program
                0x000000001000ede4        0x6 CMakeFiles/simple_vga.dir/main.c.obj
 *fill*         0x000000001000edea        0x2 
 .rodata.hsync_program_instructions
                0x000000001000edec       0x12 CMakeFiles/simple_vga.dir/main.c.obj
 *fill*         0x000000001000edfe        0x2 
 .rodata.nrgb_program
                0x000000001000ee00        0x6 CMakeFiles/simple_vga.dir/main.c.obj
 *fill*         0x000000001000ee06        0x2 
 .rodata.nrgb_program_instructions
                0x000000001000ee08       0x10 CMakeFiles/simple_vga.dir/main.c.obj
 .rodata.vsync_program
                0x000000001000ee18        0x6 CMakeFiles/simple_vga.dir/main.c.obj
 *fill*         0x000000001000ee1e        0x2 
 .rodata.vsync_program_instructions
                0x000000001000ee20       0x1e CMakeFiles/simple_vga.dir/main.c.obj
 *fill*         0x000000001000ee3e        0x2 
 .rodata.tuh_hid_report_received_cb.str1.4
                0x000000001000ee40       0x31 CMakeFiles/simple_vga.dir/hid_app.c.obj
 *fill*         0x000000001000ee71        0x3 
 .rodata.keycode2ascii
                0x000000001000ee74      0x100 CMakeFiles/simple_vga.dir/hid_app.c.obj
 .rodata.fill_background.str1.4
                0x000000001000ef74       0x23 CMakeFiles/simple_vga.dir/text_mode.c.obj
 *fill*         0x000000001000ef97        0x1 
 .rodata.handle_h.str1.4
                0x000000001000ef98        0x6 CMakeFiles/simple_vga.dir/ansi_terminal.c.obj
 *fill*         0x000000001000ef9e        0x2 
 .rodata.handle_move.str1.4
                0x000000001000efa0        0x3 CMakeFiles/simple_vga.dir/ansi_terminal.c.obj
 *fill*         0x000000001000efa3        0x1 
 .rodata.process_recieve
                0x000000001000efa4       0xd4 CMakeFiles/simple_vga.dir/ansi_terminal.c.obj
 .rodata.spin_lock_claim_unused.str1.4
                0x000000001000f078       0x1b CMakeFiles/simple_vga.dir/home/keyvin/pico-sdk/src/rp2_common/hardware_sync/sync.c.obj
 *fill*         0x000000001000f093        0x5 
 .rodata.at_the_end_of_time
                0x000000001000f098        0x8 CMakeFiles/simple_vga.dir/home/keyvin/pico-sdk/src/common/pico_time/time.c.obj
                0x000000001000f098                at_the_end_of_time
 .rodata.hardware_alarm_claim.str1.4
                0x000000001000f0a0       0x22 CMakeFiles/simple_vga.dir/home/keyvin/pico-sdk/src/rp2_common/hardware_timer/timer.c.obj
 *fill*         0x000000001000f0c2        0x2 
 .rodata.__assert_func.str1.4
                0x000000001000f0c4       0x3f CMakeFiles/simple_vga.dir/home/keyvin/pico-sdk/src/rp2_common/pico_runtime/runtime.c.obj
                                         0x43 (size before relaxing)
 *fill*         0x000000001000f103        0x1 
 .rodata.panic.str1.4
                0x000000001000f104       0x12 CMakeFiles/simple_vga.dir/home/keyvin/pico-sdk/src/rp2_common/pico_runtime/runtime.c.obj
 *fill*         0x000000001000f116        0x2 
 .rodata.hard_assertion_failure.str1.4
                0x000000001000f118        0xc CMakeFiles/simple_vga.dir/home/keyvin/pico-sdk/src/rp2_common/pico_runtime/runtime.c.obj
 .rodata._ftoa.str1.4
                0x000000001000f124       0x15 CMakeFiles/simple_vga.dir/home/keyvin/pico-sdk/src/rp2_common/pico_printf/printf.c.obj
 *fill*         0x000000001000f139        0x3 
 .rodata._vsnprintf
                0x000000001000f13c      0x1e0 CMakeFiles/simple_vga.dir/home/keyvin/pico-sdk/src/rp2_common/pico_printf/printf.c.obj
 *fill*         0x000000001000f31c        0x4 
 .rodata.pow10.5435
                0x000000001000f320       0x50 CMakeFiles/simple_vga.dir/home/keyvin/pico-sdk/src/rp2_common/pico_printf/printf.c.obj
 .rodata.str1.4
                0x000000001000f370       0x40 CMakeFiles/simple_vga.dir/home/keyvin/pico-sdk/src/rp2_common/pico_standard_link/binary_info.c.obj
 .rodata.__bi_44
                0x000000001000f3b0        0xc CMakeFiles/simple_vga.dir/home/keyvin/pico-sdk/src/rp2_common/pico_standard_link/binary_info.c.obj
 .rodata.__bi_75
                0x000000001000f3bc        0xc CMakeFiles/simple_vga.dir/home/keyvin/pico-sdk/src/rp2_common/pico_standard_link/binary_info.c.obj
 .rodata.__bi_81
                0x000000001000f3c8        0xc CMakeFiles/simple_vga.dir/home/keyvin/pico-sdk/src/rp2_common/pico_standard_link/binary_info.c.obj
 .rodata.crlf_str.6051
                0x000000001000f3d4        0x2 CMakeFiles/simple_vga.dir/home/keyvin/pico-sdk/src/rp2_common/pico_stdio/stdio.c.obj
 *fill*         0x000000001000f3d6        0x2 
 .rodata.pio_add_program.str1.4
                0x000000001000f3d8       0x11 CMakeFiles/simple_vga.dir/home/keyvin/pico-sdk/src/rp2_common/hardware_pio/pio.c.obj
 *fill*         0x000000001000f3e9        0x3 
 .rodata.hcd_rp2040_irq.str1.4
                0x000000001000f3ec       0x40 CMakeFiles/simple_vga.dir/home/keyvin/pico-sdk/lib/tinyusb/src/portable/raspberrypi/rp2040/hcd_rp2040.c.obj
 .rodata.hcd_port_speed_get.str1.4
                0x000000001000f42c        0xf CMakeFiles/simple_vga.dir/home/keyvin/pico-sdk/lib/tinyusb/src/portable/raspberrypi/rp2040/hcd_rp2040.c.obj
 *fill*         0x000000001000f43b        0x1 
 .rodata._hw_endpoint_buffer_control_update32.part.0.str1.4
                0x000000001000f43c       0x1f CMakeFiles/simple_vga.dir/home/keyvin/pico-sdk/lib/tinyusb/src/portable/raspberrypi/rp2040/rp2040_usb.c.obj
 *fill*         0x000000001000f45b        0x1 
 .rodata.hw_endpoint_xfer_continue.str1.4
                0x000000001000f45c       0x29 CMakeFiles/simple_vga.dir/home/keyvin/pico-sdk/lib/tinyusb/src/portable/raspberrypi/rp2040/rp2040_usb.c.obj
 *fill*         0x000000001000f485        0x3 
 .rodata.str1.4
                0x000000001000f488        0x7 CMakeFiles/simple_vga.dir/home/keyvin/pico-sdk/lib/tinyusb/src/portable/raspberrypi/rp2040/rp2040_usb.c.obj
 *fill*         0x000000001000f48f        0x1 
 .rodata        0x000000001000f490       0x20 CMakeFiles/simple_vga.dir/home/keyvin/pico-sdk/lib/tinyusb/src/host/usbh.c.obj
 .rodata.usbh_class_drivers
                0x000000001000f4b0       0x50 CMakeFiles/simple_vga.dir/home/keyvin/pico-sdk/lib/tinyusb/src/host/usbh.c.obj
 .rodata        0x000000001000f500        0x8 CMakeFiles/simple_vga.dir/home/keyvin/pico-sdk/lib/tinyusb/src/host/hub.c.obj
 .rodata.str1.4
                0x000000001000f508        0x4 CMakeFiles/simple_vga.dir/home/keyvin/pico-sdk/lib/tinyusb/hw/bsp/rp2040/family.c.obj
 .rodata.__bi_121.8220
                0x000000001000f50c        0xc CMakeFiles/simple_vga.dir/home/keyvin/pico-sdk/lib/tinyusb/hw/bsp/rp2040/family.c.obj
 .rodata.__bi_131.8223
                0x000000001000f518        0x8 CMakeFiles/simple_vga.dir/home/keyvin/pico-sdk/lib/tinyusb/hw/bsp/rp2040/family.c.obj
 .rodata        0x000000001000f520        0x4 /usr/lib/gcc/arm-none-eabi/9.2.1/../../../arm-none-eabi/lib/thumb/v6-m/nofp/libc.a(lib_a-impure.o)
                0x000000001000f520                _global_impure_ptr
 .rodata        0x000000001000f524      0x3e6 /usr/lib/gcc/arm-none-eabi/9.2.1/../../../arm-none-eabi/lib/thumb/v6-m/nofp/libc.a(lib_a-svfscanf.o)
 *fill*         0x000000001000f90a        0x2 
 .rodata.str1.4
                0x000000001000f90c        0x5 /usr/lib/gcc/arm-none-eabi/9.2.1/../../../arm-none-eabi/lib/thumb/v6-m/nofp/libc.a(lib_a-svfscanf.o)
                                          0x9 (size before relaxing)
 *fill*         0x000000001000f911        0x3 
 .rodata        0x000000001000f914      0x101 /usr/lib/gcc/arm-none-eabi/9.2.1/../../../arm-none-eabi/lib/thumb/v6-m/nofp/libc.a(lib_a-ctype_.o)
                0x000000001000f914                _ctype_
 *fill*         0x000000001000fa15        0x3 
 .rodata.str1.4
                0x000000001000fa18        0xe /usr/lib/gcc/arm-none-eabi/9.2.1/../../../arm-none-eabi/lib/thumb/v6-m/nofp/libc.a(lib_a-locale.o)
                                         0x12 (size before relaxing)
 .rodata.str1.4
                0x000000001000fa26        0x1 /usr/lib/gcc/arm-none-eabi/9.2.1/../../../arm-none-eabi/lib/thumb/v6-m/nofp/libc.a(lib_a-mbrtowc.o)
 *fill*         0x000000001000fa26        0x2 
 .rodata        0x000000001000fa28      0x120 /usr/lib/gcc/arm-none-eabi/9.2.1/../../../arm-none-eabi/lib/thumb/v6-m/nofp/libc.a(lib_a-strtod.o)
 .rodata.str1.4
                0x000000001000fb48        0xf /usr/lib/gcc/arm-none-eabi/9.2.1/../../../arm-none-eabi/lib/thumb/v6-m/nofp/libc.a(lib_a-strtod.o)
                                         0x11 (size before relaxing)
 *fill*         0x000000001000fb57        0x1 
 .rodata        0x000000001000fb58      0x2aa /usr/lib/gcc/arm-none-eabi/9.2.1/../../../arm-none-eabi/lib/thumb/v6-m/nofp/libc.a(lib_a-svfiscanf.o)
 *fill*         0x000000001000fe02        0x2 
 .rodata        0x000000001000fe04      0x100 /usr/lib/gcc/arm-none-eabi/9.2.1/../../../arm-none-eabi/lib/thumb/v6-m/nofp/libc.a(lib_a-gdtoa-gethex.o)
                0x000000001000fe04                __hexdig
 .rodata.str1.4
                0x000000001000ff04       0x4e /usr/lib/gcc/arm-none-eabi/9.2.1/../../../arm-none-eabi/lib/thumb/v6-m/nofp/libc.a(lib_a-gdtoa-gethex.o)
 *fill*         0x000000001000ff52        0x2 
 .rodata        0x000000001000ff54        0xc /usr/lib/gcc/arm-none-eabi/9.2.1/../../../arm-none-eabi/lib/thumb/v6-m/nofp/libc.a(lib_a-lnumeric.o)
                0x000000001000ff54                _C_numeric_locale
 .rodata.str1.4
                0x000000001000ff60        0x5 /usr/lib/gcc/arm-none-eabi/9.2.1/../../../arm-none-eabi/lib/thumb/v6-m/nofp/libc.a(lib_a-lnumeric.o)
 .rodata        0x000000001000ff60      0x128 /usr/lib/gcc/arm-none-eabi/9.2.1/../../../arm-none-eabi/lib/thumb/v6-m/nofp/libc.a(lib_a-mprec.o)
                0x000000001000ff70                __mprec_tinytens
                0x000000001000ff98                __mprec_bigtens
                0x000000001000ffc0                __mprec_tens
 .rodata.str1.4
                0x0000000010010088       0x33 /usr/lib/gcc/arm-none-eabi/9.2.1/../../../arm-none-eabi/lib/thumb/v6-m/nofp/libc.a(lib_a-mprec.o)
                                         0x47 (size before relaxing)
                0x00000000100100bc                . = ALIGN (0x4)
 *fill*         0x00000000100100bb        0x1 
 *(SORT_BY_ALIGNMENT(SORT_BY_NAME(.flashdata*)))
                0x00000000100100bc                . = ALIGN (0x4)

.rel.dyn        0x00000000100100bc        0x0
 .rel.iplt      0x00000000100100bc        0x0 /usr/lib/gcc/arm-none-eabi/9.2.1/thumb/v6-m/nofp/crtbegin.o

.ARM.extab
 *(.ARM.extab* .gnu.linkonce.armextab.*)
                0x00000000100100bc                __exidx_start = .

.ARM.exidx
 *(.ARM.exidx* .gnu.linkonce.armexidx.*)
                0x00000000100100bc                __exidx_end = .
                0x00000000100100bc                . = ALIGN (0x4)
                0x00000000100100bc                __binary_info_start = .

.binary_info    0x00000000100100bc       0x24
 *(.binary_info.keep.*)
 .binary_info.keep.__bi_ptr22
                0x00000000100100bc        0x4 CMakeFiles/simple_vga.dir/home/keyvin/pico-sdk/src/rp2_common/pico_standard_link/binary_info.c.obj
 .binary_info.keep.__bi_ptr30
                0x00000000100100c0        0x4 CMakeFiles/simple_vga.dir/home/keyvin/pico-sdk/src/rp2_common/pico_standard_link/binary_info.c.obj
 .binary_info.keep.__bi_ptr38
                0x00000000100100c4        0x4 CMakeFiles/simple_vga.dir/home/keyvin/pico-sdk/src/rp2_common/pico_standard_link/binary_info.c.obj
 .binary_info.keep.__bi_ptr44
                0x00000000100100c8        0x4 CMakeFiles/simple_vga.dir/home/keyvin/pico-sdk/src/rp2_common/pico_standard_link/binary_info.c.obj
 .binary_info.keep.__bi_ptr50
                0x00000000100100cc        0x4 CMakeFiles/simple_vga.dir/home/keyvin/pico-sdk/src/rp2_common/pico_standard_link/binary_info.c.obj
 .binary_info.keep.__bi_ptr75
                0x00000000100100d0        0x4 CMakeFiles/simple_vga.dir/home/keyvin/pico-sdk/src/rp2_common/pico_standard_link/binary_info.c.obj
 .binary_info.keep.__bi_ptr81
                0x00000000100100d4        0x4 CMakeFiles/simple_vga.dir/home/keyvin/pico-sdk/src/rp2_common/pico_standard_link/binary_info.c.obj
 .binary_info.keep.__bi_ptr121
                0x00000000100100d8        0x4 CMakeFiles/simple_vga.dir/home/keyvin/pico-sdk/lib/tinyusb/hw/bsp/rp2040/family.c.obj
 .binary_info.keep.__bi_ptr131
                0x00000000100100dc        0x4 CMakeFiles/simple_vga.dir/home/keyvin/pico-sdk/lib/tinyusb/hw/bsp/rp2040/family.c.obj
 *(.binary_info.*)
                0x00000000100100e0                __binary_info_end = .
                0x00000000100100e0                . = ALIGN (0x4)
                0x00000000100100e0                __etext = .

.ram_vector_table
                0x0000000020000000       0xc0
 *(.ram_vector_table)
 .ram_vector_table
                0x0000000020000000       0xc0 CMakeFiles/simple_vga.dir/home/keyvin/pico-sdk/src/rp2_common/pico_runtime/runtime.c.obj
                0x0000000020000000                ram_vector_table

.data           0x00000000200000c0     0x1d74 load address 0x00000000100100e0
                0x00000000200000c0                __data_start__ = .
 *(vtable)
 *(.time_critical*)
 .time_critical.mutex_enter_blocking
                0x00000000200000c0       0x48 CMakeFiles/simple_vga.dir/home/keyvin/pico-sdk/src/common/pico_sync/mutex.c.obj
                0x00000000200000c0                mutex_enter_blocking
 .time_critical.mutex_try_enter
                0x0000000020000108       0x48 CMakeFiles/simple_vga.dir/home/keyvin/pico-sdk/src/common/pico_sync/mutex.c.obj
                0x0000000020000108                mutex_try_enter
 .time_critical.mutex_enter_timeout_ms
                0x0000000020000150       0x98 CMakeFiles/simple_vga.dir/home/keyvin/pico-sdk/src/common/pico_sync/mutex.c.obj
                0x0000000020000150                mutex_enter_timeout_ms
 .time_critical.mutex_exit
                0x00000000200001e8       0x28 CMakeFiles/simple_vga.dir/home/keyvin/pico-sdk/src/common/pico_sync/mutex.c.obj
                0x00000000200001e8                mutex_exit
 *(.text*)
 .text          0x0000000020000210        0x4 /usr/lib/gcc/arm-none-eabi/9.2.1/thumb/v6-m/nofp/libgcc.a(_dvmd_tls.o)
                0x0000000020000210                __aeabi_ldiv0
                0x0000000020000210                __aeabi_idiv0
 .text          0x0000000020000214       0xbc /usr/lib/gcc/arm-none-eabi/9.2.1/../../../arm-none-eabi/lib/thumb/v6-m/nofp/libc.a(lib_a-memmove.o)
                0x0000000020000214                memmove
 .text.__stub   0x00000000200002d0       0x30 linker stubs
                0x0000000020000300                . = ALIGN (0x4)
 *(.rodata*)
                0x0000000020000300                . = ALIGN (0x4)
 *(.data*)
 .data.VGA8_F16
                0x0000000020000300     0x1000 CMakeFiles/simple_vga.dir/text_mode.c.obj
                0x0000000020000300                VGA8_F16
 .data.bt_color
                0x0000000020001300       0x40 CMakeFiles/simple_vga.dir/ansi_terminal.c.obj
                0x0000000020001300                bt_color
 .data.t_color  0x0000000020001340       0x40 CMakeFiles/simple_vga.dir/ansi_terminal.c.obj
                0x0000000020001340                t_color
 .data.striped_spin_lock_num
                0x0000000020001380        0x1 CMakeFiles/simple_vga.dir/home/keyvin/pico-sdk/src/rp2_common/hardware_sync/sync.c.obj
 *fill*         0x0000000020001381        0x3 
 .data.default_alarm_pool
                0x0000000020001384       0x18 CMakeFiles/simple_vga.dir/home/keyvin/pico-sdk/src/common/pico_time/time.c.obj
 .data.default_alarm_pool_heap
                0x000000002000139c       0x10 CMakeFiles/simple_vga.dir/home/keyvin/pico-sdk/src/common/pico_time/time.c.obj
 .data          0x00000000200013ac       0x48 CMakeFiles/simple_vga.dir/home/keyvin/pico-sdk/src/rp2_common/hardware_irq/irq_handler_chain.S.obj
                0x00000000200013ac                irq_handler_chain_slots
                0x00000000200013dc                irq_handler_chain_first_slot
                0x00000000200013e6                irq_handler_chain_remove_tail
 *fill*         0x00000000200013f4        0xc 
 .data.aeabi_bits_funcs
                0x0000000020001400       0x10 CMakeFiles/simple_vga.dir/home/keyvin/pico-sdk/src/rp2_common/pico_bit_ops/bit_ops_aeabi.S.obj
                0x0000000020001400                aeabi_bits_funcs
                0x0000000020001410                aeabi_bits_funcs_end
 .data.aeabi_mem_funcs
                0x0000000020001410       0x10 CMakeFiles/simple_vga.dir/home/keyvin/pico-sdk/src/rp2_common/pico_mem_ops/mem_ops_aeabi.S.obj
                0x0000000020001410                aeabi_mem_funcs
                0x0000000020001420                aeabi_mem_funcs_end
 .data.stdio_uart
                0x0000000020001420       0x14 CMakeFiles/simple_vga.dir/home/keyvin/pico-sdk/src/rp2_common/pico_stdio_uart/stdio_uart.c.obj
                0x0000000020001420                stdio_uart
 .data.ep_dir_string
                0x0000000020001434        0x8 CMakeFiles/simple_vga.dir/home/keyvin/pico-sdk/lib/tinyusb/src/portable/raspberrypi/rp2040/rp2040_usb.c.obj
                0x0000000020001434                ep_dir_string
 .data._usbh_qdef
                0x000000002000143c       0x24 CMakeFiles/simple_vga.dir/home/keyvin/pico-sdk/lib/tinyusb/src/host/usbh.c.obj
                0x000000002000143c                _usbh_qdef
 .data          0x0000000020001460      0x430 /usr/lib/gcc/arm-none-eabi/9.2.1/../../../arm-none-eabi/lib/thumb/v6-m/nofp/libc.a(lib_a-impure.o)
                0x0000000020001460                _impure_ptr
 .data          0x0000000020001890      0x410 /usr/lib/gcc/arm-none-eabi/9.2.1/../../../arm-none-eabi/lib/thumb/v6-m/nofp/libc.a(lib_a-mallocr.o)
                0x0000000020001890                __malloc_sbrk_base
                0x0000000020001894                __malloc_trim_threshold
                0x0000000020001898                __malloc_av_
 .data          0x0000000020001ca0      0x16c /usr/lib/gcc/arm-none-eabi/9.2.1/../../../arm-none-eabi/lib/thumb/v6-m/nofp/libc.a(lib_a-locale.o)
                0x0000000020001ca0                __global_locale
 .data          0x0000000020001e0c        0x2 /usr/lib/gcc/arm-none-eabi/9.2.1/../../../arm-none-eabi/lib/thumb/v6-m/nofp/libc.a(lib_a-lnumeric.o)
                0x0000000020001e10                . = ALIGN (0x4)
 *fill*         0x0000000020001e0e        0x2 
 *(.after_data.*)
                0x0000000020001e10                . = ALIGN (0x4)
                0x0000000020001e10                PROVIDE (__mutex_array_start = .)
 *(SORT_BY_NAME(.mutex_array.*))
 *(.mutex_array)
 .mutex_array   0x0000000020001e10        0x8 CMakeFiles/simple_vga.dir/home/keyvin/pico-sdk/src/rp2_common/pico_malloc/pico_malloc.c.obj
 .mutex_array   0x0000000020001e18        0x8 CMakeFiles/simple_vga.dir/home/keyvin/pico-sdk/src/rp2_common/pico_stdio/stdio.c.obj
                0x0000000020001e20                PROVIDE (__mutex_array_end = .)
                0x0000000020001e20                . = ALIGN (0x4)
                0x0000000020001e20                PROVIDE (__preinit_array_start = .)
 *(SORT_BY_NAME(.preinit_array.*))
 .preinit_array.00001
                0x0000000020001e20        0x4 CMakeFiles/simple_vga.dir/home/keyvin/pico-sdk/src/rp2_common/pico_mem_ops/mem_ops_aeabi.S.obj
 .preinit_array.00010
                0x0000000020001e24        0x4 CMakeFiles/simple_vga.dir/home/keyvin/pico-sdk/src/rp2_common/pico_bit_ops/bit_ops_aeabi.S.obj
 .preinit_array.00020
                0x0000000020001e28        0x4 CMakeFiles/simple_vga.dir/home/keyvin/pico-sdk/src/rp2_common/pico_double/double_aeabi.S.obj
 .preinit_array.00020
                0x0000000020001e2c        0x4 CMakeFiles/simple_vga.dir/home/keyvin/pico-sdk/src/rp2_common/pico_float/float_aeabi.S.obj
 *(.preinit_array)