Archive member included to satisfy reference by file (symbol)

/usr/lib/gcc/arm-none-eabi/10.3.1/thumb/v6-m/nofp/libgcc.a(_dvmd_tls.o)
                              CMakeFiles/simple_vga.dir/home/keyvin/pico-sdk/src/rp2_common/pico_divider/divider.S.obj (__aeabi_idiv0)
/usr/lib/gcc/arm-none-eabi/10.3.1/../../../arm-none-eabi/lib/thumb/v6-m/nofp/libc.a(lib_a-atexit.o)
                              /usr/lib/gcc/arm-none-eabi/10.3.1/../../../arm-none-eabi/lib/thumb/v6-m/nofp/crt0.o (atexit)
/usr/lib/gcc/arm-none-eabi/10.3.1/../../../arm-none-eabi/lib/thumb/v6-m/nofp/libc.a(lib_a-calloc.o)
                              CMakeFiles/simple_vga.dir/home/keyvin/pico-sdk/src/rp2_common/pico_malloc/pico_malloc.c.obj (calloc)
/usr/lib/gcc/arm-none-eabi/10.3.1/../../../arm-none-eabi/lib/thumb/v6-m/nofp/libc.a(lib_a-callocr.o)
                              /usr/lib/gcc/arm-none-eabi/10.3.1/../../../arm-none-eabi/lib/thumb/v6-m/nofp/libc.a(lib_a-calloc.o) (_calloc_r)
/usr/lib/gcc/arm-none-eabi/10.3.1/../../../arm-none-eabi/lib/thumb/v6-m/nofp/libc.a(lib_a-fini.o)
                              /usr/lib/gcc/arm-none-eabi/10.3.1/../../../arm-none-eabi/lib/thumb/v6-m/nofp/crt0.o (__libc_fini_array)
/usr/lib/gcc/arm-none-eabi/10.3.1/../../../arm-none-eabi/lib/thumb/v6-m/nofp/libc.a(lib_a-impure.o)
                              /usr/lib/gcc/arm-none-eabi/10.3.1/../../../arm-none-eabi/lib/thumb/v6-m/nofp/libc.a(lib_a-calloc.o) (_impure_ptr)
/usr/lib/gcc/arm-none-eabi/10.3.1/../../../arm-none-eabi/lib/thumb/v6-m/nofp/libc.a(lib_a-init.o)
                              /usr/lib/gcc/arm-none-eabi/10.3.1/../../../arm-none-eabi/lib/thumb/v6-m/nofp/crt0.o (__libc_init_array)
/usr/lib/gcc/arm-none-eabi/10.3.1/../../../arm-none-eabi/lib/thumb/v6-m/nofp/libc.a(lib_a-malloc.o)
                              CMakeFiles/simple_vga.dir/home/keyvin/pico-sdk/src/rp2_common/pico_malloc/pico_malloc.c.obj (malloc)
/usr/lib/gcc/arm-none-eabi/10.3.1/../../../arm-none-eabi/lib/thumb/v6-m/nofp/libc.a(lib_a-mallocr.o)
                              /usr/lib/gcc/arm-none-eabi/10.3.1/../../../arm-none-eabi/lib/thumb/v6-m/nofp/libc.a(lib_a-callocr.o) (_malloc_r)
/usr/lib/gcc/arm-none-eabi/10.3.1/../../../arm-none-eabi/lib/thumb/v6-m/nofp/libc.a(lib_a-memmove.o)
                              CMakeFiles/simple_vga.dir/vga_charrom.c.obj (memmove)
/usr/lib/gcc/arm-none-eabi/10.3.1/../../../arm-none-eabi/lib/thumb/v6-m/nofp/libc.a(lib_a-mlock.o)
                              /usr/lib/gcc/arm-none-eabi/10.3.1/../../../arm-none-eabi/lib/thumb/v6-m/nofp/libc.a(lib_a-mallocr.o) (__malloc_lock)
/usr/lib/gcc/arm-none-eabi/10.3.1/../../../arm-none-eabi/lib/thumb/v6-m/nofp/libc.a(lib_a-sbrkr.o)
                              /usr/lib/gcc/arm-none-eabi/10.3.1/../../../arm-none-eabi/lib/thumb/v6-m/nofp/libc.a(lib_a-mallocr.o) (_sbrk_r)
/usr/lib/gcc/arm-none-eabi/10.3.1/../../../arm-none-eabi/lib/thumb/v6-m/nofp/libc.a(lib_a-strlen-stub.o)
                              CMakeFiles/simple_vga.dir/home/keyvin/pico-sdk/src/rp2_common/pico_stdio/stdio.c.obj (strlen)
/usr/lib/gcc/arm-none-eabi/10.3.1/../../../arm-none-eabi/lib/thumb/v6-m/nofp/libc.a(lib_a-__atexit.o)
                              /usr/lib/gcc/arm-none-eabi/10.3.1/../../../arm-none-eabi/lib/thumb/v6-m/nofp/libc.a(lib_a-atexit.o) (__register_exitproc)
/usr/lib/gcc/arm-none-eabi/10.3.1/../../../arm-none-eabi/lib/thumb/v6-m/nofp/libc.a(lib_a-freer.o)
                              /usr/lib/gcc/arm-none-eabi/10.3.1/../../../arm-none-eabi/lib/thumb/v6-m/nofp/libc.a(lib_a-malloc.o) (_free_r)
/usr/lib/gcc/arm-none-eabi/10.3.1/../../../arm-none-eabi/lib/thumb/v6-m/nofp/libc.a(lib_a-reent.o)
                              /usr/lib/gcc/arm-none-eabi/10.3.1/../../../arm-none-eabi/lib/thumb/v6-m/nofp/libc.a(lib_a-sbrkr.o) (errno)

Discarded input sections

 .text          0x0000000000000000        0x0 /usr/lib/gcc/arm-none-eabi/10.3.1/thumb/v6-m/nofp/crti.o
 .data          0x0000000000000000        0x0 /usr/lib/gcc/arm-none-eabi/10.3.1/thumb/v6-m/nofp/crti.o
 .bss           0x0000000000000000        0x0 /usr/lib/gcc/arm-none-eabi/10.3.1/thumb/v6-m/nofp/crti.o
 .data          0x0000000000000000        0x4 /usr/lib/gcc/arm-none-eabi/10.3.1/thumb/v6-m/nofp/crtbegin.o
 .rodata        0x0000000000000000       0x24 /usr/lib/gcc/arm-none-eabi/10.3.1/thumb/v6-m/nofp/crtbegin.o
 .fini_array    0x0000000000000000        0x4 /usr/lib/gcc/arm-none-eabi/10.3.1/thumb/v6-m/nofp/crtbegin.o
 .text          0x0000000000000000       0x74 /usr/lib/gcc/arm-none-eabi/10.3.1/../../../arm-none-eabi/lib/thumb/v6-m/nofp/crt0.o
 .data          0x0000000000000000        0x0 /usr/lib/gcc/arm-none-eabi/10.3.1/../../../arm-none-eabi/lib/thumb/v6-m/nofp/crt0.o
 .bss           0x0000000000000000        0x0 /usr/lib/gcc/arm-none-eabi/10.3.1/../../../arm-none-eabi/lib/thumb/v6-m/nofp/crt0.o
 .ARM.extab     0x0000000000000000        0x0 /usr/lib/gcc/arm-none-eabi/10.3.1/../../../arm-none-eabi/lib/thumb/v6-m/nofp/crt0.o
[...]
Memory Configuration

Name             Origin             Length             Attributes
FLASH            0x0000000010000000 0x0000000000200000 xr
RAM              0x0000000020000000 0x0000000000040000 xrw
SCRATCH_X        0x0000000020040000 0x0000000000001000 xrw
SCRATCH_Y        0x0000000020041000 0x0000000000001000 xrw
*default*        0x0000000000000000 0xffffffffffffffff

Linker script and memory map

LOAD /usr/lib/gcc/arm-none-eabi/10.3.1/thumb/v6-m/nofp/crti.o
LOAD /usr/lib/gcc/arm-none-eabi/10.3.1/thumb/v6-m/nofp/crtbegin.o
LOAD /usr/lib/gcc/arm-none-eabi/10.3.1/../../../arm-none-eabi/lib/thumb/v6-m/nofp/crt0.o

.flash_begin    0x0000000010000000        0x0
                0x0000000010000000                __flash_binary_start = .

.boot2          0x0000000010000000      0x100
                0x0000000010000000                __boot2_start__ = .
 *(.boot2)
 .boot2         0x0000000010000000      0x100 /tmp/ccovOZcf.o
                0x0000000010000100                __boot2_end__ = .
                0x0000000000000001                ASSERT (((__boot2_end__ - __boot2_start__) == 0x100), ERROR: Pico second stage bootloader must be 256 bytes in size)

.text           0x0000000010000100     0x85e8
                0x0000000010000100                __logical_binary_start = .
 *(.vectors)
 .vectors       0x0000000010000100       0xd4 CMakeFiles/simple_vga.dir/home/keyvin/pico-sdk/src/rp2_common/pico_standard_link/crt0.S.obj
                0x0000000010000100                __vectors
                0x0000000010000100                __VECTOR_TABLE
                0x00000000100001c0                isr_invalid
                0x00000000100001c0                __default_isrs_start
                0x00000000100001c2                isr_nmi
                0x00000000100001c4                isr_hardfault
                0x00000000100001c6                isr_svcall
                0x00000000100001c8                isr_pendsv
                0x00000000100001ca                isr_systick
                0x00000000100001cc                isr_irq30
                0x00000000100001cc                __unhandled_user_irq
                0x00000000100001cc                isr_irq13
                0x00000000100001cc                isr_irq27
                0x00000000100001cc                isr_irq31
                0x00000000100001cc                isr_irq5
                0x00000000100001cc                isr_irq11
                0x00000000100001cc                isr_irq23
                0x00000000100001cc                isr_irq18
                0x00000000100001cc                isr_irq28
                0x00000000100001cc                isr_irq19
                0x00000000100001cc                isr_irq0
                0x00000000100001cc                isr_irq6
                0x00000000100001cc                isr_irq22
                0x00000000100001cc                isr_irq17
                0x00000000100001cc                isr_irq14
                0x00000000100001cc                isr_irq2
                0x00000000100001cc                isr_irq10
                0x00000000100001cc                isr_irq8
                0x00000000100001cc                isr_irq24
                0x00000000100001cc                isr_irq1
                0x00000000100001cc                isr_irq7
                0x00000000100001cc                isr_irq21
                0x00000000100001cc                isr_irq20
                0x00000000100001cc                isr_irq15
                0x00000000100001cc                isr_irq25
                0x00000000100001cc                isr_irq4
                0x00000000100001cc                isr_irq16
                0x00000000100001cc                isr_irq29
                0x00000000100001cc                isr_irq26
                0x00000000100001cc                __default_isrs_end
                0x00000000100001cc                isr_irq3
                0x00000000100001cc                isr_irq12
                0x00000000100001cc                isr_irq9
                0x00000000100001d2                unhandled_user_irq_num_in_r0
 *(.binary_info_header)
 .binary_info_header
                0x00000000100001d4       0x14 CMakeFiles/simple_vga.dir/home/keyvin/pico-sdk/src/rp2_common/pico_standard_link/crt0.S.obj
                0x00000000100001e8                __binary_info_header_end = .
 *(.reset)
 .reset         0x00000000100001e8       0xa8 CMakeFiles/simple_vga.dir/home/keyvin/pico-sdk/src/rp2_common/pico_standard_link/crt0.S.obj
                0x00000000100001e8                _entry_point
                0x0000000010000266                __get_current_exception
 .reset         0x0000000010000290       0x30 CMakeFiles/simple_vga.dir/home/keyvin/pico-sdk/src/rp2_common/pico_standard_link/binary_info.c.obj
 *(.init)
 .init          0x00000000100002c0        0x4 /usr/lib/gcc/arm-none-eabi/10.3.1/thumb/v6-m/nofp/crti.o
                0x00000000100002c0                _init
 *(EXCLUDE_FILE(*libm.a: *libc.a:*lib_a-mem*.o *libgcc.a:) .text*)
 .text          0x00000000100002c4       0x98 /usr/lib/gcc/arm-none-eabi/10.3.1/thumb/v6-m/nofp/crtbegin.o
 .text.io_main  0x000000001000035c      0x130 CMakeFiles/simple_vga.dir/vga_charrom.c.obj
                0x000000001000035c                io_main
 .text.fill_background
                0x000000001000048c       0x54 CMakeFiles/simple_vga.dir/vga_charrom.c.obj
                0x000000001000048c                fill_background
 .text.unpack_font
                0x00000000100004e0      0x118 CMakeFiles/simple_vga.dir/vga_charrom.c.obj
                0x00000000100004e0                unpack_font
 .text.fill_scan
                0x00000000100005f8       0xb8 CMakeFiles/simple_vga.dir/vga_charrom.c.obj
                0x00000000100005f8                fill_scan
 .text.keypress
                0x00000000100006b0       0x1c CMakeFiles/simple_vga.dir/vga_charrom.c.obj
                0x00000000100006b0                keypress
 .text.serial_setup
                0x00000000100006cc       0x44 CMakeFiles/simple_vga.dir/vga_charrom.c.obj
                0x00000000100006cc                serial_setup
 .text.startup.main
                0x0000000010000710      0x364 CMakeFiles/simple_vga.dir/vga_charrom.c.obj
                0x0000000010000710                main
 .text.usb_init
                0x0000000010000a74        0xc CMakeFiles/simple_vga.dir/usb_main.c.obj
                0x0000000010000a74                usb_init
 .text.tuh_mount_cb
                0x0000000010000a80       0x24 CMakeFiles/simple_vga.dir/usb_main.c.obj
                0x0000000010000a80                tuh_mount_cb
 .text.tuh_umount_cb
                0x0000000010000aa4       0x10 CMakeFiles/simple_vga.dir/usb_main.c.obj
                0x0000000010000aa4                tuh_umount_cb
 .text.tuh_cdc_xfer_isr
                0x0000000010000ab4       0x28 CMakeFiles/simple_vga.dir/usb_main.c.obj
                0x0000000010000ab4                tuh_cdc_xfer_isr
 .text.process_kbd_report
                0x0000000010000adc      0x294 CMakeFiles/simple_vga.dir/hid_app.c.obj
 .text.hid_app_task
                0x0000000010000d70        0x4 CMakeFiles/simple_vga.dir/hid_app.c.obj
                0x0000000010000d70                hid_app_task
 .text.tuh_hid_mount_cb
                0x0000000010000d74       0xa0 CMakeFiles/simple_vga.dir/hid_app.c.obj
                0x0000000010000d74                tuh_hid_mount_cb
 .text.tuh_hid_umount_cb
                0x0000000010000e14       0x14 CMakeFiles/simple_vga.dir/hid_app.c.obj
                0x0000000010000e14                tuh_hid_umount_cb
 .text.tuh_hid_report_received_cb
                0x0000000010000e28       0x9c CMakeFiles/simple_vga.dir/hid_app.c.obj
                0x0000000010000e28                tuh_hid_report_received_cb
 .text.set_sys_clock_pll
                0x0000000010000ec4       0x78 CMakeFiles/simple_vga.dir/home/keyvin/pico-sdk/src/rp2_common/pico_stdlib/stdlib.c.obj
                0x0000000010000ec4                set_sys_clock_pll
 .text.check_sys_clock_khz
                0x0000000010000f3c      0x178 CMakeFiles/simple_vga.dir/home/keyvin/pico-sdk/src/rp2_common/pico_stdlib/stdlib.c.obj
                0x0000000010000f3c                check_sys_clock_khz
 .text.gpio_set_function
                0x00000000100010b4       0x30 CMakeFiles/simple_vga.dir/home/keyvin/pico-sdk/src/rp2_common/hardware_gpio/gpio.c.obj
                0x00000000100010b4                gpio_set_function
 .text.gpio_init
                0x00000000100010e4       0x3c CMakeFiles/simple_vga.dir/home/keyvin/pico-sdk/src/rp2_common/hardware_gpio/gpio.c.obj
                0x00000000100010e4                gpio_init
 .text.hw_claim_lock
                0x0000000010001120       0x18 CMakeFiles/simple_vga.dir/home/keyvin/pico-sdk/src/rp2_common/hardware_claim/claim.c.obj
                0x0000000010001120                hw_claim_lock
 .text.hw_claim_unlock
                0x0000000010001138       0x14 CMakeFiles/simple_vga.dir/home/keyvin/pico-sdk/src/rp2_common/hardware_claim/claim.c.obj
                0x0000000010001138                hw_claim_unlock
 .text.hw_claim_or_assert
                0x000000001000114c       0x44 CMakeFiles/simple_vga.dir/home/keyvin/pico-sdk/src/rp2_common/hardware_claim/claim.c.obj
                0x000000001000114c                hw_claim_or_assert
 .text.hw_claim_unused_from_range
                0x0000000010001190       0x9c CMakeFiles/simple_vga.dir/home/keyvin/pico-sdk/src/rp2_common/hardware_claim/claim.c.obj
                0x0000000010001190                hw_claim_unused_from_range
 .text.running_on_fpga
                0x000000001000122c       0x10 CMakeFiles/simple_vga.dir/home/keyvin/pico-sdk/src/rp2_common/pico_platform/platform.c.obj
                0x000000001000122c                running_on_fpga
 .text.spin_locks_reset
                0x000000001000123c       0x1c CMakeFiles/simple_vga.dir/home/keyvin/pico-sdk/src/rp2_common/hardware_sync/sync.c.obj
                0x000000001000123c                spin_locks_reset
 .text.next_striped_spin_lock_num
                0x0000000010001258       0x18 CMakeFiles/simple_vga.dir/home/keyvin/pico-sdk/src/rp2_common/hardware_sync/sync.c.obj
                0x0000000010001258                next_striped_spin_lock_num
 .text.spin_lock_claim_unused
                0x0000000010001270       0x20 CMakeFiles/simple_vga.dir/home/keyvin/pico-sdk/src/rp2_common/hardware_sync/sync.c.obj
                0x0000000010001270                spin_lock_claim_unused
 .text.uart_init
                0x0000000010001290       0xe0 CMakeFiles/simple_vga.dir/home/keyvin/pico-sdk/src/rp2_common/hardware_uart/uart.c.obj
                0x0000000010001290                uart_init
 .text.timer_pool_entry_comparator
                0x0000000010001370       0x34 CMakeFiles/simple_vga.dir/home/keyvin/pico-sdk/src/common/pico_time/time.c.obj
                0x0000000010001370                timer_pool_entry_comparator
 .text.sleep_until_callback
                0x00000000100013a4       0x30 CMakeFiles/simple_vga.dir/home/keyvin/pico-sdk/src/common/pico_time/time.c.obj
 .text.add_alarm_under_lock.isra.0
                0x00000000100013d4      0x100 CMakeFiles/simple_vga.dir/home/keyvin/pico-sdk/src/common/pico_time/time.c.obj
 .text.alarm_pool_alarm_callback
                0x00000000100014d4      0x1c8 CMakeFiles/simple_vga.dir/home/keyvin/pico-sdk/src/common/pico_time/time.c.obj
 .text.alarm_pool_add_alarm_at.constprop.0
                0x000000001000169c      0x11c CMakeFiles/simple_vga.dir/home/keyvin/pico-sdk/src/common/pico_time/time.c.obj
 .text.alarm_pool_init_default
                0x00000000100017b8       0x64 CMakeFiles/simple_vga.dir/home/keyvin/pico-sdk/src/common/pico_time/time.c.obj
                0x00000000100017b8                alarm_pool_init_default
 .text.sleep_until
                0x000000001000181c       0xac CMakeFiles/simple_vga.dir/home/keyvin/pico-sdk/src/common/pico_time/time.c.obj
                0x000000001000181c                sleep_until
 .text.sleep_ms
                0x00000000100018c8       0x38 CMakeFiles/simple_vga.dir/home/keyvin/pico-sdk/src/common/pico_time/time.c.obj
                0x00000000100018c8                sleep_ms
 .text.best_effort_wfe_or_timeout
                0x0000000010001900       0xd4 CMakeFiles/simple_vga.dir/home/keyvin/pico-sdk/src/common/pico_time/time.c.obj
                0x0000000010001900                best_effort_wfe_or_timeout
 .text.hardware_alarm_irq_handler
                0x00000000100019d4       0xb8 CMakeFiles/simple_vga.dir/home/keyvin/pico-sdk/src/rp2_common/hardware_timer/timer.c.obj
 .text.hardware_alarm_claim
                0x0000000010001a8c       0x18 CMakeFiles/simple_vga.dir/home/keyvin/pico-sdk/src/rp2_common/hardware_timer/timer.c.obj
                0x0000000010001a8c                hardware_alarm_claim
 .text.time_us_64
                0x0000000010001aa4       0x14 CMakeFiles/simple_vga.dir/home/keyvin/pico-sdk/src/rp2_common/hardware_timer/timer.c.obj
                0x0000000010001aa4                time_us_64
 .text.busy_wait_until
                0x0000000010001ab8       0x20 CMakeFiles/simple_vga.dir/home/keyvin/pico-sdk/src/rp2_common/hardware_timer/timer.c.obj
                0x0000000010001ab8                busy_wait_until
 .text.hardware_alarm_set_callback
                0x0000000010001ad8       0x8c CMakeFiles/simple_vga.dir/home/keyvin/pico-sdk/src/rp2_common/hardware_timer/timer.c.obj
                0x0000000010001ad8                hardware_alarm_set_callback
 .text.hardware_alarm_set_target
                0x0000000010001b64       0xe0 CMakeFiles/simple_vga.dir/home/keyvin/pico-sdk/src/rp2_common/hardware_timer/timer.c.obj
                0x0000000010001b64                hardware_alarm_set_target
 .text.hardware_alarm_cancel
                0x0000000010001c44       0x3c CMakeFiles/simple_vga.dir/home/keyvin/pico-sdk/src/rp2_common/hardware_timer/timer.c.obj
                0x0000000010001c44                hardware_alarm_cancel
 .text.lock_init
                0x0000000010001c80       0x10 CMakeFiles/simple_vga.dir/home/keyvin/pico-sdk/src/common/pico_sync/lock_core.c.obj
                0x0000000010001c80                lock_init
 .text.mutex_init
                0x0000000010001c90       0x1c CMakeFiles/simple_vga.dir/home/keyvin/pico-sdk/src/common/pico_sync/mutex.c.obj
                0x0000000010001c90                mutex_init
 .text.recursive_mutex_init
                0x0000000010001cac       0x1c CMakeFiles/simple_vga.dir/home/keyvin/pico-sdk/src/common/pico_sync/mutex.c.obj
                0x0000000010001cac                recursive_mutex_init
 .text.critical_section_init
                0x0000000010001cc8       0x20 CMakeFiles/simple_vga.dir/home/keyvin/pico-sdk/src/common/pico_sync/critical_section.c.obj
                0x0000000010001cc8                critical_section_init
 .text.ph_merge_nodes
                0x0000000010001ce8       0x68 CMakeFiles/simple_vga.dir/home/keyvin/pico-sdk/src/common/pico_util/pheap.c.obj
 .text.ph_post_alloc_init
                0x0000000010001d50       0x3c CMakeFiles/simple_vga.dir/home/keyvin/pico-sdk/src/common/pico_util/pheap.c.obj
                0x0000000010001d50                ph_post_alloc_init
 .text.ph_merge_two_pass
                0x0000000010001d8c       0x90 CMakeFiles/simple_vga.dir/home/keyvin/pico-sdk/src/common/pico_util/pheap.c.obj
                0x0000000010001d8c                ph_merge_two_pass
 .text.ph_remove_any_head
                0x0000000010001e1c       0xf8 CMakeFiles/simple_vga.dir/home/keyvin/pico-sdk/src/common/pico_util/pheap.c.obj
 .text.ph_remove_head
                0x0000000010001f14       0xfc CMakeFiles/simple_vga.dir/home/keyvin/pico-sdk/src/common/pico_util/pheap.c.obj
                0x0000000010001f14                ph_remove_head
 .text.ph_remove_and_free_node
                0x0000000010002010       0x7c CMakeFiles/simple_vga.dir/home/keyvin/pico-sdk/src/common/pico_util/pheap.c.obj
                0x0000000010002010                ph_remove_and_free_node
 .text.runtime_init
                0x000000001000208c       0xf0 CMakeFiles/simple_vga.dir/home/keyvin/pico-sdk/src/rp2_common/pico_runtime/runtime.c.obj
                0x000000001000208c                runtime_init
 .text.exit     0x000000001000217c        0x4 CMakeFiles/simple_vga.dir/home/keyvin/pico-sdk/src/rp2_common/pico_runtime/runtime.c.obj
                0x000000001000217c                exit
 .text.panic    0x0000000010002180       0x30 CMakeFiles/simple_vga.dir/home/keyvin/pico-sdk/src/rp2_common/pico_runtime/runtime.c.obj
                0x0000000010002180                panic
 .text.hard_assertion_failure
                0x00000000100021b0        0xc CMakeFiles/simple_vga.dir/home/keyvin/pico-sdk/src/rp2_common/pico_runtime/runtime.c.obj
                0x00000000100021b0                hard_assertion_failure
 .text.clock_configure
                0x00000000100021bc      0x114 CMakeFiles/simple_vga.dir/home/keyvin/pico-sdk/src/rp2_common/hardware_clocks/clocks.c.obj
                0x00000000100021bc                clock_configure
 .text.clocks_init
                0x00000000100022d0      0x2bc CMakeFiles/simple_vga.dir/home/keyvin/pico-sdk/src/rp2_common/hardware_clocks/clocks.c.obj
                0x00000000100022d0                clocks_init
 .text.clock_get_hz
                0x000000001000258c        0xc CMakeFiles/simple_vga.dir/home/keyvin/pico-sdk/src/rp2_common/hardware_clocks/clocks.c.obj
                0x000000001000258c                clock_get_hz
 .text.irq_set_enabled
                0x0000000010002598       0x24 CMakeFiles/simple_vga.dir/home/keyvin/pico-sdk/src/rp2_common/hardware_irq/irq.c.obj
                0x0000000010002598                irq_set_enabled
 .text.irq_is_enabled
                0x00000000100025bc       0x18 CMakeFiles/simple_vga.dir/home/keyvin/pico-sdk/src/rp2_common/hardware_irq/irq.c.obj
                0x00000000100025bc                irq_is_enabled
 .text.irq_get_vtable_handler
                0x00000000100025d4       0x10 CMakeFiles/simple_vga.dir/home/keyvin/pico-sdk/src/rp2_common/hardware_irq/irq.c.obj
                0x00000000100025d4                irq_get_vtable_handler
 .text.irq_set_exclusive_handler
                0x00000000100025e4       0x54 CMakeFiles/simple_vga.dir/home/keyvin/pico-sdk/src/rp2_common/hardware_irq/irq.c.obj
                0x00000000100025e4                irq_set_exclusive_handler
 .text.irq_remove_handler
                0x0000000010002638      0x1b4 CMakeFiles/simple_vga.dir/home/keyvin/pico-sdk/src/rp2_common/hardware_irq/irq.c.obj
                0x0000000010002638                irq_remove_handler
 .text.irq_add_tail_to_free_list
                0x00000000100027ec       0xb4 CMakeFiles/simple_vga.dir/home/keyvin/pico-sdk/src/rp2_common/hardware_irq/irq.c.obj
                0x00000000100027ec                irq_add_tail_to_free_list
 .text.irq_init_priorities
                0x00000000100028a0       0x24 CMakeFiles/simple_vga.dir/home/keyvin/pico-sdk/src/rp2_common/hardware_irq/irq.c.obj
                0x00000000100028a0                irq_init_priorities
 .text.pll_init
                0x00000000100028c4       0xb0 CMakeFiles/simple_vga.dir/home/keyvin/pico-sdk/src/rp2_common/hardware_pll/pll.c.obj
                0x00000000100028c4                pll_init
 .text.watchdog_start_tick
                0x0000000010002974       0x10 CMakeFiles/simple_vga.dir/home/keyvin/pico-sdk/src/rp2_common/hardware_watchdog/watchdog.c.obj
                0x0000000010002974                watchdog_start_tick
 .text.xosc_init
                0x0000000010002984       0x28 CMakeFiles/simple_vga.dir/home/keyvin/pico-sdk/src/rp2_common/hardware_xosc/xosc.c.obj
                0x0000000010002984                xosc_init
 .text._out_null
                0x00000000100029ac        0x4 CMakeFiles/simple_vga.dir/home/keyvin/pico-sdk/src/rp2_common/pico_printf/printf.c.obj
 .text._out_rev
                0x00000000100029b0       0x9c CMakeFiles/simple_vga.dir/home/keyvin/pico-sdk/src/rp2_common/pico_printf/printf.c.obj
 .text._ntoa_format
                0x0000000010002a4c      0x1cc CMakeFiles/simple_vga.dir/home/keyvin/pico-sdk/src/rp2_common/pico_printf/printf.c.obj
 .text._out_char
                0x0000000010002c18       0x10 CMakeFiles/simple_vga.dir/home/keyvin/pico-sdk/src/rp2_common/pico_printf/printf.c.obj
 .text._out_fct
                0x0000000010002c28       0x10 CMakeFiles/simple_vga.dir/home/keyvin/pico-sdk/src/rp2_common/pico_printf/printf.c.obj
 .text._etoa    0x0000000010002c38      0x44c CMakeFiles/simple_vga.dir/home/keyvin/pico-sdk/src/rp2_common/pico_printf/printf.c.obj
 .text._ftoa    0x0000000010003084      0x398 CMakeFiles/simple_vga.dir/home/keyvin/pico-sdk/src/rp2_common/pico_printf/printf.c.obj
 .text._vsnprintf
                0x000000001000341c      0xb04 CMakeFiles/simple_vga.dir/home/keyvin/pico-sdk/src/rp2_common/pico_printf/printf.c.obj
 .text.vfctprintf
                0x0000000010003f20       0x20 CMakeFiles/simple_vga.dir/home/keyvin/pico-sdk/src/rp2_common/pico_printf/printf.c.obj
                0x0000000010003f20                vfctprintf
 .text.weak_raw_vprintf
                0x0000000010003f40       0x30 CMakeFiles/simple_vga.dir/home/keyvin/pico-sdk/src/rp2_common/pico_printf/printf.c.obj
                0x0000000010003f40                weak_raw_vprintf
 .text          0x0000000010003f70       0x10 CMakeFiles/simple_vga.dir/home/keyvin/pico-sdk/src/rp2_common/pico_bit_ops/bit_ops_aeabi.S.obj
 .text.rom_func_lookup
                0x0000000010003f80       0x10 CMakeFiles/simple_vga.dir/home/keyvin/pico-sdk/src/rp2_common/pico_bootrom/bootrom.c.obj
                0x0000000010003f80                rom_func_lookup
 .text.rom_data_lookup
                0x0000000010003f90       0x10 CMakeFiles/simple_vga.dir/home/keyvin/pico-sdk/src/rp2_common/pico_bootrom/bootrom.c.obj
                0x0000000010003f90                rom_data_lookup
 .text.rom_funcs_lookup
                0x0000000010003fa0       0x44 CMakeFiles/simple_vga.dir/home/keyvin/pico-sdk/src/rp2_common/pico_bootrom/bootrom.c.obj
                0x0000000010003fa0                rom_funcs_lookup
 .text.__wrap___aeabi_idiv
                0x0000000010003fe4       0x50 CMakeFiles/simple_vga.dir/home/keyvin/pico-sdk/src/rp2_common/pico_divider/divider.S.obj
                0x0000000010003fe4                __wrap___aeabi_idivmod
                0x0000000010003fe4                divmod_s32s32
                0x0000000010003fe4                div_s32s32
                0x0000000010003fe4                __wrap___aeabi_idiv
                0x0000000010003fec                divmod_s32s32_unsafe
                0x0000000010004018                divmod_s32s32_savestate
 .text.__wrap___aeabi_uidiv
                0x0000000010004034       0x4c CMakeFiles/simple_vga.dir/home/keyvin/pico-sdk/src/rp2_common/pico_divider/divider.S.obj
                0x0000000010004034                __wrap___aeabi_uidiv
                0x0000000010004034                __wrap___aeabi_uidivmod
                0x0000000010004034                div_u32u32
                0x0000000010004034                divmod_u32u32
                0x000000001000403c                divmod_u32u32_unsafe
                0x0000000010004064                divmod_u32u32_savestate
 .text.__wrap___aeabi_ldiv
                0x0000000010004080      0x434 CMakeFiles/simple_vga.dir/home/keyvin/pico-sdk/src/rp2_common/pico_divider/divider.S.obj
                0x0000000010004080                div_s64s64
                0x0000000010004080                divmod_s64s64
                0x0000000010004080                __wrap___aeabi_ldivmod
                0x00000000100040b8                div_u64u64
                0x00000000100040b8                divmod_u64u64
                0x00000000100040b8                __wrap___aeabi_uldivmod
                0x00000000100040c8                divmod_u64u64_savestate
                0x00000000100040f0                divmod_s64s64_unsafe
                0x0000000010004178                divmod_u64u64_unsafe
 .text.__wrap___aeabi_darithmetic
                0x00000000100044b4       0x80 CMakeFiles/simple_vga.dir/home/keyvin/pico-sdk/src/rp2_common/pico_double/double_aeabi.S.obj
                0x00000000100044b4                __wrap___aeabi_drsub
                0x00000000100044ba                __wrap___aeabi_dsub
                0x00000000100044cc                __wrap___aeabi_dadd
                0x00000000100044de                __wrap___aeabi_ddiv
                0x000000001000451a                __wrap___aeabi_dmul
 .text.__wrap___aeabi_cdcmple
                0x0000000010004534       0x6c CMakeFiles/simple_vga.dir/home/keyvin/pico-sdk/src/rp2_common/pico_double/double_aeabi.S.obj
                0x0000000010004534                __wrap___aeabi_cdrcmple
                0x0000000010004544                __wrap___aeabi_cdcmple
                0x0000000010004544                __wrap___aeabi_cdcmpeq
 .text.__wrap___aeabi_dcmplt
                0x00000000100045a0        0xc CMakeFiles/simple_vga.dir/home/keyvin/pico-sdk/src/rp2_common/pico_double/double_aeabi.S.obj
                0x00000000100045a0                __wrap___aeabi_dcmplt
 .text.__wrap___aeabi_dcmple
                0x00000000100045ac       0x10 CMakeFiles/simple_vga.dir/home/keyvin/pico-sdk/src/rp2_common/pico_double/double_aeabi.S.obj
                0x00000000100045ac                __wrap___aeabi_dcmple
 .text.__wrap___aeabi_dcmpge
                0x00000000100045bc       0x10 CMakeFiles/simple_vga.dir/home/keyvin/pico-sdk/src/rp2_common/pico_double/double_aeabi.S.obj
                0x00000000100045bc                __wrap___aeabi_dcmpge
 .text.__wrap___aeabi_dcmpgt
                0x00000000100045cc        0xa CMakeFiles/simple_vga.dir/home/keyvin/pico-sdk/src/rp2_common/pico_double/double_aeabi.S.obj
                0x00000000100045cc                __wrap___aeabi_dcmpgt
 .text.__wrap___aeabi_dcmpun
                0x00000000100045d6       0x1c CMakeFiles/simple_vga.dir/home/keyvin/pico-sdk/src/rp2_common/pico_double/double_aeabi.S.obj
                0x00000000100045d6                __wrap___aeabi_dcmpun
 *fill*         0x00000000100045f2        0x2 
 .text.__wrap___aeabi_i2d
                0x00000000100045f4       0x38 CMakeFiles/simple_vga.dir/home/keyvin/pico-sdk/src/rp2_common/pico_double/double_aeabi.S.obj
                0x00000000100045f4                __wrap___aeabi_ui2d
                0x00000000100045fc                __wrap___aeabi_i2d
 .text.__wrap___aeabi_d2iz
                0x000000001000462c       0x48 CMakeFiles/simple_vga.dir/home/keyvin/pico-sdk/src/rp2_common/pico_double/double_aeabi.S.obj
                0x000000001000462c                __wrap___aeabi_d2iz
                0x000000001000462c                double2int_z
 .text.__wrap___aeabi_d2uiz
                0x0000000010004674       0x18 CMakeFiles/simple_vga.dir/home/keyvin/pico-sdk/src/rp2_common/pico_double/double_aeabi.S.obj
                0x0000000010004674                double2uint
                0x0000000010004674                __wrap___aeabi_d2uiz
 .text.__aeabi_double_init
                0x000000001000468c       0x94 CMakeFiles/simple_vga.dir/home/keyvin/pico-sdk/src/rp2_common/pico_double/double_init_rom.c.obj
                0x000000001000468c                __aeabi_double_init
 .text.double_table_shim_on_use_helper
                0x0000000010004720       0x2c CMakeFiles/simple_vga.dir/home/keyvin/pico-sdk/src/rp2_common/pico_double/double_v1_rom_shim.S.obj
                0x0000000010004720                double_table_shim_on_use_helper
 .text.__wrap___aeabi_dsub
                0x000000001000474c       0x10 CMakeFiles/simple_vga.dir/home/keyvin/pico-sdk/src/rp2_common/pico_double/double_v1_rom_shim.S.obj
                0x000000001000474c                drsub_shim
                0x0000000010004752                dsub_shim
 .text.dadd_shim
                0x000000001000475c      0x15c CMakeFiles/simple_vga.dir/home/keyvin/pico-sdk/src/rp2_common/pico_double/double_v1_rom_shim.S.obj
                0x000000001000475c                dadd_shim
 .text.dmul_shim
                0x00000000100048b8      0x15c CMakeFiles/simple_vga.dir/home/keyvin/pico-sdk/src/rp2_common/pico_double/double_v1_rom_shim.S.obj
                0x00000000100048b8                dmul_shim
 .text.ddiv_shim
                0x0000000010004a14      0x1b0 CMakeFiles/simple_vga.dir/home/keyvin/pico-sdk/src/rp2_common/pico_double/double_v1_rom_shim.S.obj
                0x0000000010004a14                ddiv_shim
 .text.double2uint_shim
                0x0000000010004bc4        0xe CMakeFiles/simple_vga.dir/home/keyvin/pico-sdk/src/rp2_common/pico_double/double_v1_rom_shim.S.obj
                0x0000000010004bc4                double2uint_shim
                0x0000000010004bc6                double2ufix_shim
 *fill*         0x0000000010004bd2        0x2 
 .text.double2uint64_shim
                0x0000000010004bd4       0x70 CMakeFiles/simple_vga.dir/home/keyvin/pico-sdk/src/rp2_common/pico_double/double_v1_rom_shim.S.obj
                0x0000000010004bd4                double2uint64_shim
                0x0000000010004bd6                double2ufix64_shim
                0x0000000010004bf6                d2fix_a
 .text.dunpacks
                0x0000000010004c44       0x3c CMakeFiles/simple_vga.dir/home/keyvin/pico-sdk/src/rp2_common/pico_double/double_v1_rom_shim.S.obj
                0x0000000010004c44                dunpacks
 .text.__aeabi_lmul
                0x0000000010004c80       0x32 CMakeFiles/simple_vga.dir/home/keyvin/pico-sdk/src/rp2_common/pico_int64_ops/pico_int64_ops_aeabi.S.obj
                0x0000000010004c80                __wrap___aeabi_lmul
 *fill*         0x0000000010004cb2        0x2 
 .text.__wrap___aeabi_farithmetic
                0x0000000010004cb4       0x48 CMakeFiles/simple_vga.dir/home/keyvin/pico-sdk/src/rp2_common/pico_float/float_aeabi.S.obj
                0x0000000010004cb4                __wrap___aeabi_frsub
                0x0000000010004cba                __wrap___aeabi_fsub
                0x0000000010004cc0                __wrap___aeabi_fadd
                0x0000000010004cc6                __wrap___aeabi_fdiv
                0x0000000010004cee                __wrap___aeabi_fmul
 .text.__wrap___aeabi_ui2f
                0x0000000010004cfc        0xa CMakeFiles/simple_vga.dir/home/keyvin/pico-sdk/src/rp2_common/pico_float/float_aeabi.S.obj
                0x0000000010004cfc                __wrap___aeabi_ui2f
 *fill*         0x0000000010004d06        0x2 
 .text.__wrap___aeabi_i2f
                0x0000000010004d08       0x44 CMakeFiles/simple_vga.dir/home/keyvin/pico-sdk/src/rp2_common/pico_float/float_aeabi.S.obj
                0x0000000010004d08                __wrap___aeabi_i2f
 .text.__wrap___aeabi_f2uiz
                0x0000000010004d4c        0xc CMakeFiles/simple_vga.dir/home/keyvin/pico-sdk/src/rp2_common/pico_float/float_aeabi.S.obj
                0x0000000010004d4c                __wrap___aeabi_f2uiz
 .text.__aeabi_float_init
                0x0000000010004d58       0x64 CMakeFiles/simple_vga.dir/home/keyvin/pico-sdk/src/rp2_common/pico_float/float_init_rom.c.obj
                0x0000000010004d58                __aeabi_float_init
 .text.float_table_shim_on_use_helper
                0x0000000010004dbc       0x2c CMakeFiles/simple_vga.dir/home/keyvin/pico-sdk/src/rp2_common/pico_float/float_v1_rom_shim.S.obj
                0x0000000010004dbc                float_table_shim_on_use_helper
 .text          0x0000000010004de8       0x10 CMakeFiles/simple_vga.dir/home/keyvin/pico-sdk/src/rp2_common/pico_mem_ops/mem_ops_aeabi.S.obj
                0x0000000010004de8                __aeabi_mem_init
 .text.memset   0x0000000010004df8        0xc CMakeFiles/simple_vga.dir/home/keyvin/pico-sdk/src/rp2_common/pico_mem_ops/mem_ops_aeabi.S.obj
                0x0000000010004df8                __wrap_memset
 .text.memcpy   0x0000000010004e04        0xc CMakeFiles/simple_vga.dir/home/keyvin/pico-sdk/src/rp2_common/pico_mem_ops/mem_ops_aeabi.S.obj
                0x0000000010004e04                __wrap___aeabi_memcpy
                0x0000000010004e04                __wrap_memcpy
 .text.stdio_out_chars_no_crlf
                0x0000000010004e10       0x10 CMakeFiles/simple_vga.dir/home/keyvin/pico-sdk/src/rp2_common/pico_stdio/stdio.c.obj
 .text.stdio_out_chars_crlf
                0x0000000010004e20       0xb4 CMakeFiles/simple_vga.dir/home/keyvin/pico-sdk/src/rp2_common/pico_stdio/stdio.c.obj
 .text.stdio_buffered_printer
                0x0000000010004ed4       0x64 CMakeFiles/simple_vga.dir/home/keyvin/pico-sdk/src/rp2_common/pico_stdio/stdio.c.obj
 .text.stdio_put_string.isra.0
                0x0000000010004f38       0xfc CMakeFiles/simple_vga.dir/home/keyvin/pico-sdk/src/rp2_common/pico_stdio/stdio.c.obj
 .text.__wrap_putchar
                0x0000000010005034       0xa0 CMakeFiles/simple_vga.dir/home/keyvin/pico-sdk/src/rp2_common/pico_stdio/stdio.c.obj
                0x0000000010005034                __wrap_putchar
 .text.__wrap_puts
                0x00000000100050d4       0x3c CMakeFiles/simple_vga.dir/home/keyvin/pico-sdk/src/rp2_common/pico_stdio/stdio.c.obj
                0x00000000100050d4                __wrap_puts
 .text.__wrap_vprintf
                0x0000000010005110       0xd8 CMakeFiles/simple_vga.dir/home/keyvin/pico-sdk/src/rp2_common/pico_stdio/stdio.c.obj
                0x0000000010005110                __wrap_vprintf
 .text.__wrap_printf
                0x00000000100051e8       0x18 CMakeFiles/simple_vga.dir/home/keyvin/pico-sdk/src/rp2_common/pico_stdio/stdio.c.obj
                0x00000000100051e8                __wrap_printf
 .text.pio_add_program
                0x0000000010005200       0xc8 CMakeFiles/simple_vga.dir/home/keyvin/pico-sdk/src/rp2_common/hardware_pio/pio.c.obj
                0x0000000010005200                pio_add_program
 .text.pio_sm_set_consecutive_pindirs
                0x00000000100052c8       0x84 CMakeFiles/simple_vga.dir/home/keyvin/pico-sdk/src/rp2_common/hardware_pio/pio.c.obj
                0x00000000100052c8                pio_sm_set_consecutive_pindirs
 .text.pio_sm_init
                0x000000001000534c       0x90 CMakeFiles/simple_vga.dir/home/keyvin/pico-sdk/src/rp2_common/hardware_pio/pio.c.obj
                0x000000001000534c                pio_sm_init
 .text.core1_trampoline
                0x00000000100053dc        0x4 CMakeFiles/simple_vga.dir/home/keyvin/pico-sdk/src/rp2_common/pico_multicore/multicore.c.obj
 .text.core1_wrapper
                0x00000000100053e0        0xc CMakeFiles/simple_vga.dir/home/keyvin/pico-sdk/src/rp2_common/pico_multicore/multicore.c.obj
                0x00000000100053e0                core1_wrapper
 .text.multicore_launch_core1_raw
                0x00000000100053ec       0x84 CMakeFiles/simple_vga.dir/home/keyvin/pico-sdk/src/rp2_common/pico_multicore/multicore.c.obj
                0x00000000100053ec                multicore_launch_core1_raw
 .text.multicore_launch_core1
                0x0000000010005470       0x4c CMakeFiles/simple_vga.dir/home/keyvin/pico-sdk/src/rp2_common/pico_multicore/multicore.c.obj
                0x0000000010005470                multicore_launch_core1
 .text.hcd_rp2040_irq
                0x00000000100054bc      0x2a0 CMakeFiles/simple_vga.dir/home/keyvin/pico-sdk/lib/tinyusb/src/portable/raspberrypi/rp2040/hcd_rp2040.c.obj
 .text.hcd_init
                0x000000001000575c       0x48 CMakeFiles/simple_vga.dir/home/keyvin/pico-sdk/lib/tinyusb/src/portable/raspberrypi/rp2040/hcd_rp2040.c.obj
                0x000000001000575c                hcd_init
 .text.hcd_port_reset
                0x00000000100057a4        0x4 CMakeFiles/simple_vga.dir/home/keyvin/pico-sdk/lib/tinyusb/src/portable/raspberrypi/rp2040/hcd_rp2040.c.obj
                0x00000000100057a4                hcd_port_reset
 .text.hcd_port_connect_status
                0x00000000100057a8       0x18 CMakeFiles/simple_vga.dir/home/keyvin/pico-sdk/lib/tinyusb/src/portable/raspberrypi/rp2040/hcd_rp2040.c.obj
                0x00000000100057a8                hcd_port_connect_status
 .text.hcd_port_speed_get
                0x00000000100057c0       0x24 CMakeFiles/simple_vga.dir/home/keyvin/pico-sdk/lib/tinyusb/src/portable/raspberrypi/rp2040/hcd_rp2040.c.obj
                0x00000000100057c0                hcd_port_speed_get
 .text.hcd_device_close
                0x00000000100057e4        0x4 CMakeFiles/simple_vga.dir/home/keyvin/pico-sdk/lib/tinyusb/src/portable/raspberrypi/rp2040/hcd_rp2040.c.obj
                0x00000000100057e4                hcd_device_close
 .text.hcd_int_enable
                0x00000000100057e8        0xc CMakeFiles/simple_vga.dir/home/keyvin/pico-sdk/lib/tinyusb/src/portable/raspberrypi/rp2040/hcd_rp2040.c.obj
                0x00000000100057e8                hcd_int_enable
 .text.hcd_edpt_open
                0x00000000100057f4      0x20c CMakeFiles/simple_vga.dir/home/keyvin/pico-sdk/lib/tinyusb/src/portable/raspberrypi/rp2040/hcd_rp2040.c.obj
                0x00000000100057f4                hcd_edpt_open
 .text.hcd_edpt_xfer
                0x0000000010005a00      0x2d4 CMakeFiles/simple_vga.dir/home/keyvin/pico-sdk/lib/tinyusb/src/portable/raspberrypi/rp2040/hcd_rp2040.c.obj
                0x0000000010005a00                hcd_edpt_xfer
 .text.hcd_setup_send
                0x0000000010005cd4       0x94 CMakeFiles/simple_vga.dir/home/keyvin/pico-sdk/lib/tinyusb/src/portable/raspberrypi/rp2040/hcd_rp2040.c.obj
                0x0000000010005cd4                hcd_setup_send
 .text._hw_endpoint_buffer_control_update32.part.0.isra.0
                0x0000000010005d68       0x1c CMakeFiles/simple_vga.dir/home/keyvin/pico-sdk/lib/tinyusb/src/portable/raspberrypi/rp2040/rp2040_usb.c.obj
 .text.rp2040_usb_init
                0x0000000010005d84       0x4c CMakeFiles/simple_vga.dir/home/keyvin/pico-sdk/lib/tinyusb/src/portable/raspberrypi/rp2040/rp2040_usb.c.obj
                0x0000000010005d84                rp2040_usb_init
 .text.hw_endpoint_reset_transfer
                0x0000000010005dd0        0xc CMakeFiles/simple_vga.dir/home/keyvin/pico-sdk/lib/tinyusb/src/portable/raspberrypi/rp2040/rp2040_usb.c.obj
                0x0000000010005dd0                hw_endpoint_reset_transfer
 .text.hw_endpoint_xfer_start
                0x0000000010005ddc      0x128 CMakeFiles/simple_vga.dir/home/keyvin/pico-sdk/lib/tinyusb/src/portable/raspberrypi/rp2040/rp2040_usb.c.obj
                0x0000000010005ddc                hw_endpoint_xfer_start
 .text.hw_endpoint_xfer_continue
                0x0000000010005f04      0x1d4 CMakeFiles/simple_vga.dir/home/keyvin/pico-sdk/lib/tinyusb/src/portable/raspberrypi/rp2040/rp2040_usb.c.obj
                0x0000000010005f04                hw_endpoint_xfer_continue
 .text.enum_hub_get_status0_complete
                0x00000000100060d8       0x5c CMakeFiles/simple_vga.dir/home/keyvin/pico-sdk/lib/tinyusb/src/host/usbh.c.obj
 .text.enum_hub_get_status1_complete
                0x0000000010006134       0x38 CMakeFiles/simple_vga.dir/home/keyvin/pico-sdk/lib/tinyusb/src/host/usbh.c.obj
 .text.enum_get_device_desc_complete
                0x000000001000616c       0x58 CMakeFiles/simple_vga.dir/home/keyvin/pico-sdk/lib/tinyusb/src/host/usbh.c.obj
 .text.enum_get_9byte_config_desc_complete
                0x00000000100061c4       0x48 CMakeFiles/simple_vga.dir/home/keyvin/pico-sdk/lib/tinyusb/src/host/usbh.c.obj
 .text.enum_set_address_complete
                0x000000001000620c       0x9c CMakeFiles/simple_vga.dir/home/keyvin/pico-sdk/lib/tinyusb/src/host/usbh.c.obj
 .text.enum_get_config_desc_complete
                0x00000000100062a8      0x130 CMakeFiles/simple_vga.dir/home/keyvin/pico-sdk/lib/tinyusb/src/host/usbh.c.obj
 .text.enum_request_set_addr.isra.0
                0x00000000100063d8       0xa0 CMakeFiles/simple_vga.dir/home/keyvin/pico-sdk/lib/tinyusb/src/host/usbh.c.obj
 .text.enum_hub_clear_reset1_complete
                0x0000000010006478       0x1c CMakeFiles/simple_vga.dir/home/keyvin/pico-sdk/lib/tinyusb/src/host/usbh.c.obj
 .text.tuh_task.part.0
                0x0000000010006494      0x4ac CMakeFiles/simple_vga.dir/home/keyvin/pico-sdk/lib/tinyusb/src/host/usbh.c.obj
 .text.enum_get_addr0_device_desc_complete
                0x0000000010006940       0x7c CMakeFiles/simple_vga.dir/home/keyvin/pico-sdk/lib/tinyusb/src/host/usbh.c.obj
 .text.enum_set_config_complete
                0x00000000100069bc       0xf8 CMakeFiles/simple_vga.dir/home/keyvin/pico-sdk/lib/tinyusb/src/host/usbh.c.obj
 .text.enum_hub_clear_reset0_complete
                0x0000000010006ab4       0x64 CMakeFiles/simple_vga.dir/home/keyvin/pico-sdk/lib/tinyusb/src/host/usbh.c.obj
 .text.tuh_speed_get
                0x0000000010006b18       0x24 CMakeFiles/simple_vga.dir/home/keyvin/pico-sdk/lib/tinyusb/src/host/usbh.c.obj
                0x0000000010006b18                tuh_speed_get
 .text.tuh_inited
                0x0000000010006b3c        0xc CMakeFiles/simple_vga.dir/home/keyvin/pico-sdk/lib/tinyusb/src/host/usbh.c.obj
                0x0000000010006b3c                tuh_inited
 .text.tuh_init
                0x0000000010006b48       0xa4 CMakeFiles/simple_vga.dir/home/keyvin/pico-sdk/lib/tinyusb/src/host/usbh.c.obj
                0x0000000010006b48                tuh_init
 .text.tuh_task
                0x0000000010006bec       0x10 CMakeFiles/simple_vga.dir/home/keyvin/pico-sdk/lib/tinyusb/src/host/usbh.c.obj
                0x0000000010006bec                tuh_task
 .text.usbh_get_rhport
                0x0000000010006bfc       0x20 CMakeFiles/simple_vga.dir/home/keyvin/pico-sdk/lib/tinyusb/src/host/usbh.c.obj
                0x0000000010006bfc                usbh_get_rhport
 .text.usbh_get_enum_buf
                0x0000000010006c1c        0x8 CMakeFiles/simple_vga.dir/home/keyvin/pico-sdk/lib/tinyusb/src/host/usbh.c.obj
                0x0000000010006c1c                usbh_get_enum_buf
 .text.hcd_event_handler
                0x0000000010006c24       0x38 CMakeFiles/simple_vga.dir/home/keyvin/pico-sdk/lib/tinyusb/src/host/usbh.c.obj
                0x0000000010006c24                hcd_event_handler
 .text.hcd_event_xfer_complete
                0x0000000010006c5c       0x4c CMakeFiles/simple_vga.dir/home/keyvin/pico-sdk/lib/tinyusb/src/host/usbh.c.obj
                0x0000000010006c5c                hcd_event_xfer_complete
 .text.hcd_event_device_attach
                0x0000000010006ca8       0x4c CMakeFiles/simple_vga.dir/home/keyvin/pico-sdk/lib/tinyusb/src/host/usbh.c.obj
                0x0000000010006ca8                hcd_event_device_attach
 .text.hcd_event_device_remove
                0x0000000010006cf4       0x54 CMakeFiles/simple_vga.dir/home/keyvin/pico-sdk/lib/tinyusb/src/host/usbh.c.obj
                0x0000000010006cf4                hcd_event_device_remove
 .text.usbh_driver_set_config_complete
                0x0000000010006d48      0x160 CMakeFiles/simple_vga.dir/home/keyvin/pico-sdk/lib/tinyusb/src/host/usbh.c.obj
                0x0000000010006d48                usbh_driver_set_config_complete
 .text.usbh_edpt_claim
                0x0000000010006ea8       0x90 CMakeFiles/simple_vga.dir/home/keyvin/pico-sdk/lib/tinyusb/src/host/usbh.c.obj
                0x0000000010006ea8                usbh_edpt_claim
 .text.usbh_edpt_xfer
                0x0000000010006f38       0x84 CMakeFiles/simple_vga.dir/home/keyvin/pico-sdk/lib/tinyusb/src/host/usbh.c.obj
                0x0000000010006f38                usbh_edpt_xfer
 .text.usbh_edpt_open
                0x0000000010006fbc       0x3c CMakeFiles/simple_vga.dir/home/keyvin/pico-sdk/lib/tinyusb/src/host/usbh.c.obj
                0x0000000010006fbc                usbh_edpt_open
 .text.usbh_edpt_busy
                0x0000000010006ff8       0x34 CMakeFiles/simple_vga.dir/home/keyvin/pico-sdk/lib/tinyusb/src/host/usbh.c.obj
                0x0000000010006ff8                usbh_edpt_busy
 .text.tuh_control_xfer
                0x000000001000702c       0x44 CMakeFiles/simple_vga.dir/home/keyvin/pico-sdk/lib/tinyusb/src/host/usbh_control.c.obj
                0x000000001000702c                tuh_control_xfer
 .text.usbh_control_xfer_cb
                0x0000000010007070       0x90 CMakeFiles/simple_vga.dir/home/keyvin/pico-sdk/lib/tinyusb/src/host/usbh_control.c.obj
                0x0000000010007070                usbh_control_xfer_cb
 .text.connection_port_reset_complete
                0x0000000010007100       0x34 CMakeFiles/simple_vga.dir/home/keyvin/pico-sdk/lib/tinyusb/src/host/hub.c.obj
 .text.connection_get_status_complete
                0x0000000010007134       0x54 CMakeFiles/simple_vga.dir/home/keyvin/pico-sdk/lib/tinyusb/src/host/hub.c.obj
 .text.config_set_port_power
                0x0000000010007188       0x4c CMakeFiles/simple_vga.dir/home/keyvin/pico-sdk/lib/tinyusb/src/host/hub.c.obj
 .text.config_port_power_complete
                0x00000000100071d4       0x74 CMakeFiles/simple_vga.dir/home/keyvin/pico-sdk/lib/tinyusb/src/host/hub.c.obj
 .text.connection_clear_conn_change_complete
                0x0000000010007248       0x78 CMakeFiles/simple_vga.dir/home/keyvin/pico-sdk/lib/tinyusb/src/host/hub.c.obj
 .text.hub_port_clear_feature
                0x00000000100072c0       0x20 CMakeFiles/simple_vga.dir/home/keyvin/pico-sdk/lib/tinyusb/src/host/hub.c.obj
                0x00000000100072c0                hub_port_clear_feature
 .text.hub_port_reset
                0x00000000100072e0       0x24 CMakeFiles/simple_vga.dir/home/keyvin/pico-sdk/lib/tinyusb/src/host/hub.c.obj
                0x00000000100072e0                hub_port_reset
 .text.hub_port_get_status
                0x0000000010007304       0x20 CMakeFiles/simple_vga.dir/home/keyvin/pico-sdk/lib/tinyusb/src/host/hub.c.obj
                0x0000000010007304                hub_port_get_status
 .text.hub_init
                0x0000000010007324       0x14 CMakeFiles/simple_vga.dir/home/keyvin/pico-sdk/lib/tinyusb/src/host/hub.c.obj
                0x0000000010007324                hub_init
 .text.hub_open
                0x0000000010007338       0x54 CMakeFiles/simple_vga.dir/home/keyvin/pico-sdk/lib/tinyusb/src/host/hub.c.obj
                0x0000000010007338                hub_open
 .text.hub_close
                0x000000001000738c       0x24 CMakeFiles/simple_vga.dir/home/keyvin/pico-sdk/lib/tinyusb/src/host/hub.c.obj
                0x000000001000738c                hub_close
 .text.hub_status_pipe_queue
                0x00000000100073b0       0x1c CMakeFiles/simple_vga.dir/home/keyvin/pico-sdk/lib/tinyusb/src/host/hub.c.obj
                0x00000000100073b0                hub_status_pipe_queue
 .text.hub_set_config
                0x00000000100073cc       0x40 CMakeFiles/simple_vga.dir/home/keyvin/pico-sdk/lib/tinyusb/src/host/hub.c.obj
                0x00000000100073cc                hub_set_config
 .text.hub_xfer_cb
                0x000000001000740c       0x6c CMakeFiles/simple_vga.dir/home/keyvin/pico-sdk/lib/tinyusb/src/host/hub.c.obj
                0x000000001000740c                hub_xfer_cb
 .text.tuh_cdc_receive
                0x0000000010007478       0x58 CMakeFiles/simple_vga.dir/home/keyvin/pico-sdk/lib/tinyusb/src/class/cdc/cdc_host.c.obj
                0x0000000010007478                tuh_cdc_receive
 .text.cdch_init
                0x00000000100074d0       0x14 CMakeFiles/simple_vga.dir/home/keyvin/pico-sdk/lib/tinyusb/src/class/cdc/cdc_host.c.obj
                0x00000000100074d0                cdch_init
 .text.cdch_open
                0x00000000100074e4      0x114 CMakeFiles/simple_vga.dir/home/keyvin/pico-sdk/lib/tinyusb/src/class/cdc/cdc_host.c.obj
                0x00000000100074e4                cdch_open
 .text.cdch_set_config
                0x00000000100075f8        0x4 CMakeFiles/simple_vga.dir/home/keyvin/pico-sdk/lib/tinyusb/src/class/cdc/cdc_host.c.obj
                0x00000000100075f8                cdch_set_config
 .text.cdch_xfer_cb
                0x00000000100075fc       0x10 CMakeFiles/simple_vga.dir/home/keyvin/pico-sdk/lib/tinyusb/src/class/cdc/cdc_host.c.obj
                0x00000000100075fc                cdch_xfer_cb
 .text.cdch_close
                0x000000001000760c       0x20 CMakeFiles/simple_vga.dir/home/keyvin/pico-sdk/lib/tinyusb/src/class/cdc/cdc_host.c.obj
                0x000000001000760c                cdch_close
 .text.config_get_report_desc
                0x000000001000762c      0x150 CMakeFiles/simple_vga.dir/home/keyvin/pico-sdk/lib/tinyusb/src/class/hid/hid_host.c.obj
 .text.config_set_protocol
                0x000000001000777c       0xfc CMakeFiles/simple_vga.dir/home/keyvin/pico-sdk/lib/tinyusb/src/class/hid/hid_host.c.obj
 .text.config_get_report_desc_complete
                0x0000000010007878      0x130 CMakeFiles/simple_vga.dir/home/keyvin/pico-sdk/lib/tinyusb/src/class/hid/hid_host.c.obj
 .text.tuh_hid_interface_protocol
                0x00000000100079a8       0x20 CMakeFiles/simple_vga.dir/home/keyvin/pico-sdk/lib/tinyusb/src/class/hid/hid_host.c.obj
                0x00000000100079a8                tuh_hid_interface_protocol
 .text.tuh_hid_receive_report
                0x00000000100079c8       0x4c CMakeFiles/simple_vga.dir/home/keyvin/pico-sdk/lib/tinyusb/src/class/hid/hid_host.c.obj
                0x00000000100079c8                tuh_hid_receive_report
 .text.hidh_init
                0x0000000010007a14       0x18 CMakeFiles/simple_vga.dir/home/keyvin/pico-sdk/lib/tinyusb/src/class/hid/hid_host.c.obj
                0x0000000010007a14                hidh_init
 .text.hidh_xfer_cb
                0x0000000010007a2c       0xe4 CMakeFiles/simple_vga.dir/home/keyvin/pico-sdk/lib/tinyusb/src/class/hid/hid_host.c.obj
                0x0000000010007a2c                hidh_xfer_cb
 .text.hidh_close
                0x0000000010007b10       0x5c CMakeFiles/simple_vga.dir/home/keyvin/pico-sdk/lib/tinyusb/src/class/hid/hid_host.c.obj
                0x0000000010007b10                hidh_close
 .text.hidh_open
                0x0000000010007b6c       0xc4 CMakeFiles/simple_vga.dir/home/keyvin/pico-sdk/lib/tinyusb/src/class/hid/hid_host.c.obj
                0x0000000010007b6c                hidh_open
 .text.hidh_set_config
                0x0000000010007c30      0x108 CMakeFiles/simple_vga.dir/home/keyvin/pico-sdk/lib/tinyusb/src/class/hid/hid_host.c.obj
                0x0000000010007c30                hidh_set_config
 .text.tuh_hid_parse_report_descriptor
                0x0000000010007d38       0xcc CMakeFiles/simple_vga.dir/home/keyvin/pico-sdk/lib/tinyusb/src/class/hid/hid_host.c.obj
                0x0000000010007d38                tuh_hid_parse_report_descriptor
 .text.config_read_capacity_complete
                0x0000000010007e04       0x94 CMakeFiles/simple_vga.dir/home/keyvin/pico-sdk/lib/tinyusb/src/class/msc/msc_host.c.obj
 .text.config_get_maxlun_complete
                0x0000000010007e98       0xac CMakeFiles/simple_vga.dir/home/keyvin/pico-sdk/lib/tinyusb/src/class/msc/msc_host.c.obj
 .text.config_request_sense_complete
                0x0000000010007f44       0xb4 CMakeFiles/simple_vga.dir/home/keyvin/pico-sdk/lib/tinyusb/src/class/msc/msc_host.c.obj
 .text.config_test_unit_ready_complete
                0x0000000010007ff8      0x164 CMakeFiles/simple_vga.dir/home/keyvin/pico-sdk/lib/tinyusb/src/class/msc/msc_host.c.obj
 .text.msch_init
                0x000000001000815c       0x14 CMakeFiles/simple_vga.dir/home/keyvin/pico-sdk/lib/tinyusb/src/class/msc/msc_host.c.obj
                0x000000001000815c                msch_init
 .text.msch_close
                0x0000000010008170       0x38 CMakeFiles/simple_vga.dir/home/keyvin/pico-sdk/lib/tinyusb/src/class/msc/msc_host.c.obj
                0x0000000010008170                msch_close
 .text.msch_xfer_cb
                0x00000000100081a8       0xe4 CMakeFiles/simple_vga.dir/home/keyvin/pico-sdk/lib/tinyusb/src/class/msc/msc_host.c.obj
                0x00000000100081a8                msch_xfer_cb
 .text.msch_open
                0x000000001000828c       0xc4 CMakeFiles/simple_vga.dir/home/keyvin/pico-sdk/lib/tinyusb/src/class/msc/msc_host.c.obj
                0x000000001000828c                msch_open
 .text.msch_set_config
                0x0000000010008350       0x4c CMakeFiles/simple_vga.dir/home/keyvin/pico-sdk/lib/tinyusb/src/class/msc/msc_host.c.obj
                0x0000000010008350                msch_set_config
 .text.tusb_init
                0x000000001000839c        0xc CMakeFiles/simple_vga.dir/home/keyvin/pico-sdk/lib/tinyusb/src/tusb.c.obj
                0x000000001000839c                tusb_init
 .text.tusb_inited
                0x00000000100083a8        0x8 CMakeFiles/simple_vga.dir/home/keyvin/pico-sdk/lib/tinyusb/src/tusb.c.obj
                0x00000000100083a8                tusb_inited
 .text.tu_edpt_validate
                0x00000000100083b0       0x78 CMakeFiles/simple_vga.dir/home/keyvin/pico-sdk/lib/tinyusb/src/tusb.c.obj
                0x00000000100083b0                tu_edpt_validate
 .text.tu_edpt_bind_driver
                0x0000000010008428       0x2c CMakeFiles/simple_vga.dir/home/keyvin/pico-sdk/lib/tinyusb/src/tusb.c.obj
                0x0000000010008428                tu_edpt_bind_driver
 .text.tu_desc_get_interface_total_len
                0x0000000010008454       0x4c CMakeFiles/simple_vga.dir/home/keyvin/pico-sdk/lib/tinyusb/src/tusb.c.obj
                0x0000000010008454                tu_desc_get_interface_total_len
 .text.tu_fifo_read
                0x00000000100084a0       0x9c CMakeFiles/simple_vga.dir/home/keyvin/pico-sdk/lib/tinyusb/src/common/tusb_fifo.c.obj
                0x00000000100084a0                tu_fifo_read
 .text.tu_fifo_write
                0x000000001000853c       0x7c CMakeFiles/simple_vga.dir/home/keyvin/pico-sdk/lib/tinyusb/src/common/tusb_fifo.c.obj
                0x000000001000853c                tu_fifo_write
 .text.tu_fifo_clear
                0x00000000100085b8       0x4c CMakeFiles/simple_vga.dir/home/keyvin/pico-sdk/lib/tinyusb/src/common/tusb_fifo.c.obj
                0x00000000100085b8                tu_fifo_clear
 .text.board_init
                0x0000000010008604       0x14 CMakeFiles/simple_vga.dir/home/keyvin/pico-sdk/lib/tinyusb/hw/bsp/rp2040/family.c.obj
                0x0000000010008604                board_init
 .text          0x0000000010008618       0x5c /usr/lib/gcc/arm-none-eabi/10.3.1/../../../arm-none-eabi/lib/thumb/v6-m/nofp/libc.a(lib_a-strlen-stub.o)
                0x0000000010008618                strlen
 *(.fini)
 .fini          0x0000000010008674        0x4 /usr/lib/gcc/arm-none-eabi/10.3.1/thumb/v6-m/nofp/crti.o
                0x0000000010008674                _fini
 .fini.__stub   0x0000000010008678       0x70 linker stubs
 *crtbegin.o(.ctors)
 *crtbegin?.o(.ctors)
 *(EXCLUDE_FILE(*crtend.o *crtend?.o) .ctors)
 *(SORT_BY_NAME(.ctors.*))
 *(.ctors)
 *crtbegin.o(.dtors)
 *crtbegin?.o(.dtors)
 *(EXCLUDE_FILE(*crtend.o *crtend?.o) .dtors)
 *(SORT_BY_NAME(.dtors.*))
 *(.dtors)
 *(.eh_frame*)
 .eh_frame      0x00000000100086e8        0x0 /usr/lib/gcc/arm-none-eabi/10.3.1/thumb/v6-m/nofp/crtbegin.o
                0x00000000100086e8                . = ALIGN (0x4)

.glue_7         0x00000000100086e8        0x0
 .glue_7        0x00000000100086e8        0x0 linker stubs

.glue_7t        0x00000000100086e8        0x0
 .glue_7t       0x00000000100086e8        0x0 linker stubs

.vfp11_veneer   0x00000000100086e8        0x0
 .vfp11_veneer  0x00000000100086e8        0x0 linker stubs

.v4_bx          0x00000000100086e8        0x0
 .v4_bx         0x00000000100086e8        0x0 linker stubs

.iplt           0x00000000100086e8        0x0
 .iplt          0x00000000100086e8        0x0 /usr/lib/gcc/arm-none-eabi/10.3.1/thumb/v6-m/nofp/crtbegin.o

.rodata         0x00000000100086e8      0x780
 *(EXCLUDE_FILE(*libm.a: *libc.a:*lib_a-mem*.o *libgcc.a:) .rodata*)
 .rodata.fill_background.str1.4
                0x00000000100086e8       0x23 CMakeFiles/simple_vga.dir/vga_charrom.c.obj
 *fill*         0x000000001000870b        0x1 
 .rodata.main.str1.4
                0x000000001000870c       0x32 CMakeFiles/simple_vga.dir/vga_charrom.c.obj
 *fill*         0x000000001000873e        0x2 
 .rodata.hsync_program
                0x0000000010008740        0x6 CMakeFiles/simple_vga.dir/vga_charrom.c.obj
 *fill*         0x0000000010008746        0x2 
 .rodata.hsync_program_instructions
                0x0000000010008748       0x12 CMakeFiles/simple_vga.dir/vga_charrom.c.obj
 *fill*         0x000000001000875a        0x2 
 .rodata.nrgb_program
                0x000000001000875c        0x6 CMakeFiles/simple_vga.dir/vga_charrom.c.obj
 *fill*         0x0000000010008762        0x2 
 .rodata.nrgb_program_instructions
                0x0000000010008764       0x12 CMakeFiles/simple_vga.dir/vga_charrom.c.obj
 *fill*         0x0000000010008776        0x2 
 .rodata.vsync_program
                0x0000000010008778        0x6 CMakeFiles/simple_vga.dir/vga_charrom.c.obj
 *fill*         0x000000001000877e        0x2 
 .rodata.vsync_program_instructions
                0x0000000010008780       0x1c CMakeFiles/simple_vga.dir/vga_charrom.c.obj
 .rodata.tuh_mount_cb.str1.4
                0x000000001000879c       0x26 CMakeFiles/simple_vga.dir/usb_main.c.obj
 *fill*         0x00000000100087c2        0x2 
 .rodata.tuh_umount_cb.str1.4
                0x00000000100087c4       0x29 CMakeFiles/simple_vga.dir/usb_main.c.obj
 *fill*         0x00000000100087ed        0x3 
 .rodata.str1.4
                0x00000000100087f0       0x1a CMakeFiles/simple_vga.dir/hid_app.c.obj
 *fill*         0x000000001000880a        0x2 
 .rodata.tuh_hid_mount_cb.str1.4
                0x000000001000880c       0x95 CMakeFiles/simple_vga.dir/hid_app.c.obj
 *fill*         0x00000000100088a1        0x3 
 .rodata.tuh_hid_umount_cb.str1.4
                0x00000000100088a4       0x36 CMakeFiles/simple_vga.dir/hid_app.c.obj
 *fill*         0x00000000100088da        0x2 
 .rodata.tuh_hid_report_received_cb.str1.4
                0x00000000100088dc       0x31 CMakeFiles/simple_vga.dir/hid_app.c.obj
 *fill*         0x000000001000890d        0x3 
 .rodata        0x0000000010008910        0xc CMakeFiles/simple_vga.dir/hid_app.c.obj
 .rodata.keycode2ascii
                0x000000001000891c      0x100 CMakeFiles/simple_vga.dir/hid_app.c.obj
 .rodata.spin_lock_claim_unused.str1.4
                0x0000000010008a1c       0x1b CMakeFiles/simple_vga.dir/home/keyvin/pico-sdk/src/rp2_common/hardware_sync/sync.c.obj
 *fill*         0x0000000010008a37        0x1 
 .rodata.hardware_alarm_claim.str1.4
                0x0000000010008a38       0x22 CMakeFiles/simple_vga.dir/home/keyvin/pico-sdk/src/rp2_common/hardware_timer/timer.c.obj
 *fill*         0x0000000010008a5a        0x2 
 .rodata.panic.str1.4
                0x0000000010008a5c       0x10 CMakeFiles/simple_vga.dir/home/keyvin/pico-sdk/src/rp2_common/pico_runtime/runtime.c.obj
                                         0x12 (size before relaxing)
 .rodata.hard_assertion_failure.str1.4
                0x0000000010008a6c        0xc CMakeFiles/simple_vga.dir/home/keyvin/pico-sdk/src/rp2_common/pico_runtime/runtime.c.obj
 .rodata._ftoa.str1.4
                0x0000000010008a78       0x15 CMakeFiles/simple_vga.dir/home/keyvin/pico-sdk/src/rp2_common/pico_printf/printf.c.obj
 *fill*         0x0000000010008a8d        0x3 
 .rodata._vsnprintf
                0x0000000010008a90      0x1e0 CMakeFiles/simple_vga.dir/home/keyvin/pico-sdk/src/rp2_common/pico_printf/printf.c.obj
 .rodata.pow10.0
                0x0000000010008c70       0x50 CMakeFiles/simple_vga.dir/home/keyvin/pico-sdk/src/rp2_common/pico_printf/printf.c.obj
 .rodata.str1.4
                0x0000000010008cc0       0x40 CMakeFiles/simple_vga.dir/home/keyvin/pico-sdk/src/rp2_common/pico_standard_link/binary_info.c.obj
 .rodata.__bi_44
                0x0000000010008d00        0xc CMakeFiles/simple_vga.dir/home/keyvin/pico-sdk/src/rp2_common/pico_standard_link/binary_info.c.obj
 .rodata.__bi_75
                0x0000000010008d0c        0xc CMakeFiles/simple_vga.dir/home/keyvin/pico-sdk/src/rp2_common/pico_standard_link/binary_info.c.obj
 .rodata.__bi_81
                0x0000000010008d18        0xc CMakeFiles/simple_vga.dir/home/keyvin/pico-sdk/src/rp2_common/pico_standard_link/binary_info.c.obj
 .rodata.crlf_str.0
                0x0000000010008d24        0x2 CMakeFiles/simple_vga.dir/home/keyvin/pico-sdk/src/rp2_common/pico_stdio/stdio.c.obj
 *fill*         0x0000000010008d26        0x2 
 .rodata.pio_add_program.str1.4
                0x0000000010008d28       0x11 CMakeFiles/simple_vga.dir/home/keyvin/pico-sdk/src/rp2_common/hardware_pio/pio.c.obj
 *fill*         0x0000000010008d39        0x3 
 .rodata.hcd_rp2040_irq.str1.4
                0x0000000010008d3c       0x40 CMakeFiles/simple_vga.dir/home/keyvin/pico-sdk/lib/tinyusb/src/portable/raspberrypi/rp2040/hcd_rp2040.c.obj
 .rodata.hcd_port_speed_get.str1.4
                0x0000000010008d7c        0xf CMakeFiles/simple_vga.dir/home/keyvin/pico-sdk/lib/tinyusb/src/portable/raspberrypi/rp2040/hcd_rp2040.c.obj
 *fill*         0x0000000010008d8b        0x1 
 .rodata._hw_endpoint_buffer_control_update32.part.0.isra.0.str1.4
                0x0000000010008d8c       0x1f CMakeFiles/simple_vga.dir/home/keyvin/pico-sdk/lib/tinyusb/src/portable/raspberrypi/rp2040/rp2040_usb.c.obj
 *fill*         0x0000000010008dab        0x1 
 .rodata.hw_endpoint_xfer_continue.str1.4
                0x0000000010008dac       0x29 CMakeFiles/simple_vga.dir/home/keyvin/pico-sdk/lib/tinyusb/src/portable/raspberrypi/rp2040/rp2040_usb.c.obj
 *fill*         0x0000000010008dd5        0x3 
 .rodata.str1.4
                0x0000000010008dd8        0x7 CMakeFiles/simple_vga.dir/home/keyvin/pico-sdk/lib/tinyusb/src/portable/raspberrypi/rp2040/rp2040_usb.c.obj
 *fill*         0x0000000010008ddf        0x1 
 .rodata        0x0000000010008de0       0x20 CMakeFiles/simple_vga.dir/home/keyvin/pico-sdk/lib/tinyusb/src/host/usbh.c.obj
 .rodata.usbh_class_drivers
                0x0000000010008e00       0x50 CMakeFiles/simple_vga.dir/home/keyvin/pico-sdk/lib/tinyusb/src/host/usbh.c.obj
 .rodata        0x0000000010008e50        0x8 CMakeFiles/simple_vga.dir/home/keyvin/pico-sdk/lib/tinyusb/src/host/hub.c.obj
 .rodata.str1.4
                0x0000000010008e58        0x4 CMakeFiles/simple_vga.dir/home/keyvin/pico-sdk/lib/tinyusb/hw/bsp/rp2040/family.c.obj
 .rodata.__bi_121.0
                0x0000000010008e5c        0xc CMakeFiles/simple_vga.dir/home/keyvin/pico-sdk/lib/tinyusb/hw/bsp/rp2040/family.c.obj
                0x0000000010008e68                . = ALIGN (0x4)
 *(SORT_BY_ALIGNMENT(SORT_BY_NAME(.flashdata*)))
                0x0000000010008e68                . = ALIGN (0x4)

.rel.dyn        0x0000000010008e68        0x0
 .rel.iplt      0x0000000010008e68        0x0 /usr/lib/gcc/arm-none-eabi/10.3.1/thumb/v6-m/nofp/crtbegin.o

.ARM.extab
 *(.ARM.extab* .gnu.linkonce.armextab.*)
                0x0000000010008e68                __exidx_start = .

.ARM.exidx
 *(.ARM.exidx* .gnu.linkonce.armexidx.*)
                0x0000000010008e68                __exidx_end = .
                0x0000000010008e68                . = ALIGN (0x4)
                0x0000000010008e68                __binary_info_start = .

.binary_info    0x0000000010008e68       0x20
 *(.binary_info.keep.*)
 .binary_info.keep.__bi_ptr22
                0x0000000010008e68        0x4 CMakeFiles/simple_vga.dir/home/keyvin/pico-sdk/src/rp2_common/pico_standard_link/binary_info.c.obj
 .binary_info.keep.__bi_ptr30
                0x0000000010008e6c        0x4 CMakeFiles/simple_vga.dir/home/keyvin/pico-sdk/src/rp2_common/pico_standard_link/binary_info.c.obj
 .binary_info.keep.__bi_ptr38
                0x0000000010008e70        0x4 CMakeFiles/simple_vga.dir/home/keyvin/pico-sdk/src/rp2_common/pico_standard_link/binary_info.c.obj
 .binary_info.keep.__bi_ptr44
                0x0000000010008e74        0x4 CMakeFiles/simple_vga.dir/home/keyvin/pico-sdk/src/rp2_common/pico_standard_link/binary_info.c.obj
 .binary_info.keep.__bi_ptr50
                0x0000000010008e78        0x4 CMakeFiles/simple_vga.dir/home/keyvin/pico-sdk/src/rp2_common/pico_standard_link/binary_info.c.obj
 .binary_info.keep.__bi_ptr75
                0x0000000010008e7c        0x4 CMakeFiles/simple_vga.dir/home/keyvin/pico-sdk/src/rp2_common/pico_standard_link/binary_info.c.obj
 .binary_info.keep.__bi_ptr81
                0x0000000010008e80        0x4 CMakeFiles/simple_vga.dir/home/keyvin/pico-sdk/src/rp2_common/pico_standard_link/binary_info.c.obj
 .binary_info.keep.__bi_ptr121
                0x0000000010008e84        0x4 CMakeFiles/simple_vga.dir/home/keyvin/pico-sdk/lib/tinyusb/hw/bsp/rp2040/family.c.obj
 *(.binary_info.*)
                0x0000000010008e88                __binary_info_end = .
                0x0000000010008e88                . = ALIGN (0x4)
                0x0000000010008e88                __etext = .

.ram_vector_table
                0x0000000020000000       0xc0
 *(.ram_vector_table)
 .ram_vector_table
                0x0000000020000000       0xc0 CMakeFiles/simple_vga.dir/home/keyvin/pico-sdk/src/rp2_common/pico_runtime/runtime.c.obj
                0x0000000020000000                ram_vector_table

.data           0x00000000200000c0     0x13a0 load address 0x0000000010008e88
                0x00000000200000c0                __data_start__ = .
 *(vtable)
 *(.time_critical*)
 .time_critical.mutex_enter_blocking
                0x00000000200000c0       0x48 CMakeFiles/simple_vga.dir/home/keyvin/pico-sdk/src/common/pico_sync/mutex.c.obj
                0x00000000200000c0                mutex_enter_blocking
 .time_critical.mutex_try_enter
                0x0000000020000108       0x44 CMakeFiles/simple_vga.dir/home/keyvin/pico-sdk/src/common/pico_sync/mutex.c.obj
                0x0000000020000108                mutex_try_enter
 .time_critical.mutex_enter_timeout_ms
                0x000000002000014c       0xa0 CMakeFiles/simple_vga.dir/home/keyvin/pico-sdk/src/common/pico_sync/mutex.c.obj
                0x000000002000014c                mutex_enter_timeout_ms
 .time_critical.mutex_exit
                0x00000000200001ec       0x28 CMakeFiles/simple_vga.dir/home/keyvin/pico-sdk/src/common/pico_sync/mutex.c.obj
                0x00000000200001ec                mutex_exit
 *(.text*)
 .text          0x0000000020000214        0x4 /usr/lib/gcc/arm-none-eabi/10.3.1/thumb/v6-m/nofp/libgcc.a(_dvmd_tls.o)
                0x0000000020000214                __aeabi_ldiv0
                0x0000000020000214                __aeabi_idiv0
 .text          0x0000000020000218       0xac /usr/lib/gcc/arm-none-eabi/10.3.1/../../../arm-none-eabi/lib/thumb/v6-m/nofp/libc.a(lib_a-memmove.o)
                0x0000000020000218                memmove
 *fill*         0x00000000200002c4        0x4 
 .text.__stub   0x00000000200002c8       0x30 linker stubs
                0x00000000200002f8                . = ALIGN (0x4)
 *(.rodata*)
                0x00000000200002f8                . = ALIGN (0x4)
 *(.data*)
 .data.VGA8_F16
                0x00000000200002f8     0x1000 CMakeFiles/simple_vga.dir/vga_charrom.c.obj
                0x00000000200002f8                VGA8_F16
 .data.bt_color
                0x00000000200012f8       0x40 CMakeFiles/simple_vga.dir/vga_charrom.c.obj
                0x00000000200012f8                bt_color
 .data.t_color  0x0000000020001338       0x40 CMakeFiles/simple_vga.dir/vga_charrom.c.obj
                0x0000000020001338                t_color
 .data.striped_spin_lock_num
                0x0000000020001378        0x1 CMakeFiles/simple_vga.dir/home/keyvin/pico-sdk/src/rp2_common/hardware_sync/sync.c.obj
 *fill*         0x0000000020001379        0x3 
 .data.default_alarm_pool
                0x000000002000137c       0x18 CMakeFiles/simple_vga.dir/home/keyvin/pico-sdk/src/common/pico_time/time.c.obj
 .data.default_alarm_pool_heap
                0x0000000020001394       0x10 CMakeFiles/simple_vga.dir/home/keyvin/pico-sdk/src/common/pico_time/time.c.obj
 .data          0x00000000200013a4       0x48 CMakeFiles/simple_vga.dir/home/keyvin/pico-sdk/src/rp2_common/hardware_irq/irq_handler_chain.S.obj
                0x00000000200013a4                irq_handler_chain_slots
                0x00000000200013d4                irq_handler_chain_first_slot
                0x00000000200013de                irq_handler_chain_remove_tail
 *fill*         0x00000000200013ec        0x4 
 .data.aeabi_bits_funcs
                0x00000000200013f0       0x10 CMakeFiles/simple_vga.dir/home/keyvin/pico-sdk/src/rp2_common/pico_bit_ops/bit_ops_aeabi.S.obj
                0x00000000200013f0                aeabi_bits_funcs
                0x0000000020001400                aeabi_bits_funcs_end
 .data.aeabi_mem_funcs
                0x0000000020001400       0x10 CMakeFiles/simple_vga.dir/home/keyvin/pico-sdk/src/rp2_common/pico_mem_ops/mem_ops_aeabi.S.obj
                0x0000000020001400                aeabi_mem_funcs
                0x0000000020001410                aeabi_mem_funcs_end
 .data.ep_dir_string
                0x0000000020001410        0x8 CMakeFiles/simple_vga.dir/home/keyvin/pico-sdk/lib/tinyusb/src/portable/raspberrypi/rp2040/rp2040_usb.c.obj
                0x0000000020001410                ep_dir_string
 .data._usbh_qdef
                0x0000000020001418       0x24 CMakeFiles/simple_vga.dir/home/keyvin/pico-sdk/lib/tinyusb/src/host/usbh.c.obj
                0x0000000020001418                _usbh_qdef
                0x000000002000143c                . = ALIGN (0x4)
 *(.after_data.*)
                0x000000002000143c                . = ALIGN (0x4)
                0x000000002000143c                PROVIDE (__mutex_array_start = .)
 *(SORT_BY_NAME(.mutex_array.*))
 *(.mutex_array)
 .mutex_array   0x000000002000143c        0x8 CMakeFiles/simple_vga.dir/home/keyvin/pico-sdk/src/rp2_common/pico_malloc/pico_malloc.c.obj
 .mutex_array   0x0000000020001444        0x8 CMakeFiles/simple_vga.dir/home/keyvin/pico-sdk/src/rp2_common/pico_stdio/stdio.c.obj
                0x000000002000144c                PROVIDE (__mutex_array_end = .)
                0x000000002000144c                . = ALIGN (0x4)
                0x000000002000144c                PROVIDE (__preinit_array_start = .)
 *(SORT_BY_NAME(.preinit_array.*))
 .preinit_array.00001
                0x000000002000144c        0x4 CMakeFiles/simple_vga.dir/home/keyvin/pico-sdk/src/rp2_common/pico_mem_ops/mem_ops_aeabi.S.obj
 .preinit_array.00010
                0x0000000020001450        0x4 CMakeFiles/simple_vga.dir/home/keyvin/pico-sdk/src/rp2_common/pico_bit_ops/bit_ops_aeabi.S.obj
 .preinit_array.00020
                0x0000000020001454        0x4 CMakeFiles/simple_vga.dir/home/keyvin/pico-sdk/src/rp2_common/pico_double/double_aeabi.S.obj
 .preinit_array.00020
                0x0000000020001458        0x4 CMakeFiles/simple_vga.dir/home/keyvin/pico-sdk/src/rp2_common/pico_float/float_aeabi.S.obj
 *(.preinit_array)
                0x000000002000145c                PROVIDE (__preinit_array_end = .)
                0x000000002000145c                . = ALIGN (0x4)
                0x000000002000145c                PROVIDE (__init_array_start = .)
 *(SORT_BY_NAME(.init_array.*))
 *(.init_array)
 .init_array    0x000000002000145c        0x4 /usr/lib/gcc/arm-none-eabi/10.3.1/thumb/v6-m/nofp/crtbegin.o
                0x0000000020001460                PROVIDE (__init_array_end = .)
                0x0000000020001460                . = ALIGN (0x4)
                0x0000000020001460                PROVIDE (__fini_array_start = .)
 *(SORT_BY_NAME(.fini_array.*))
 *(.fini_array)
                0x0000000020001460                PROVIDE (__fini_array_end = .)
 *(.jcr)
                0x0000000020001460                . = ALIGN (0x4)
                0x0000000020001460                __data_end__ = .

.tm_clone_table
                0x0000000020001460        0x0 load address 0x000000001000a228
 .tm_clone_table
                0x0000000020001460        0x0 /usr/lib/gcc/arm-none-eabi/10.3.1/thumb/v6-m/nofp/crtbegin.o
 .tm_clone_table
                0x0000000020001460        0x0 /usr/lib/gcc/arm-none-eabi/10.3.1/thumb/v6-m/nofp/crtend.o

.igot.plt       0x0000000020001460        0x0 load address 0x000000001000a228
 .igot.plt      0x0000000020001460        0x0 /usr/lib/gcc/arm-none-eabi/10.3.1/thumb/v6-m/nofp/crtbegin.o

.uninitialized_data
                0x0000000020001460        0x0 load address 0x000000001000a228
                0x0000000020001460                . = ALIGN (0x4)
 *(.uninitialized_data*)

.scratch_x      0x0000000020040000        0x0 load address 0x000000001000a228
                0x0000000020040000                __scratch_x_start__ = .
 *(.scratch_x.*)
                0x0000000020040000                . = ALIGN (0x4)
                0x0000000020040000                __scratch_x_end__ = .
                0x000000001000a228                __scratch_x_source__ = LOADADDR (.scratch_x)

.scratch_y      0x0000000020041000        0x0 load address 0x000000001000a228
                0x0000000020041000                __scratch_y_start__ = .
 *(.scratch_y.*)
                0x0000000020041000                . = ALIGN (0x4)
                0x0000000020041000                __scratch_y_end__ = .
                0x000000001000a228                __scratch_y_source__ = LOADADDR (.scratch_y)

.bss            0x0000000020001460    0x13458
                0x0000000020001460                . = ALIGN (0x4)
                0x0000000020001460                __bss_start__ = .
 *(SORT_BY_ALIGNMENT(SORT_BY_NAME(.bss*)))
 .bss.default_alarm_pool_entries
                0x0000000020001460      0x100 CMakeFiles/simple_vga.dir/home/keyvin/pico-sdk/src/common/pico_time/time.c.obj
 .bss.sd_table  0x0000000020001560      0x100 CMakeFiles/simple_vga.dir/home/keyvin/pico-sdk/src/rp2_common/pico_double/double_init_rom.c.obj
                0x0000000020001560                sd_table
 .bss.sf_table  0x0000000020001660      0x100 CMakeFiles/simple_vga.dir/home/keyvin/pico-sdk/src/rp2_common/pico_float/float_init_rom.c.obj
                0x0000000020001660                sf_table
 .bss           0x0000000020001760       0x1c /usr/lib/gcc/arm-none-eabi/10.3.1/thumb/v6-m/nofp/crtbegin.o
 .bss.RGB_buffer
                0x000000002000177c      0x640 CMakeFiles/simple_vga.dir/vga_charrom.c.obj
                0x000000002000177c                RGB_buffer
 .bss._ctrl_xfer
                0x0000000020001dbc       0x14 CMakeFiles/simple_vga.dir/home/keyvin/pico-sdk/lib/tinyusb/src/host/usbh_control.c.obj
 .bss._dev0     0x0000000020001dd0        0x5 CMakeFiles/simple_vga.dir/home/keyvin/pico-sdk/lib/tinyusb/src/host/usbh.c.obj
 *fill*         0x0000000020001dd5        0x3 
 .bss._hidh_dev
                0x0000000020001dd8      0x8c8 CMakeFiles/simple_vga.dir/home/keyvin/pico-sdk/lib/tinyusb/src/class/hid/hid_host.c.obj
 .bss._hub_buffer
                0x00000000200026a0        0x9 CMakeFiles/simple_vga.dir/home/keyvin/pico-sdk/lib/tinyusb/src/host/hub.c.obj
 *fill*         0x00000000200026a9        0x3 
 .bss._msch_buffer
                0x00000000200026ac       0x24 CMakeFiles/simple_vga.dir/home/keyvin/pico-sdk/lib/tinyusb/src/class/msc/msc_host.c.obj
 .bss._msch_itf
                0x00000000200026d0      0x180 CMakeFiles/simple_vga.dir/home/keyvin/pico-sdk/lib/tinyusb/src/class/msc/msc_host.c.obj
 .bss._usbh_ctrl_buf
                0x0000000020002850      0x100 CMakeFiles/simple_vga.dir/home/keyvin/pico-sdk/lib/tinyusb/src/host/usbh.c.obj
 .bss._usbh_devices
                0x0000000020002950      0x190 CMakeFiles/simple_vga.dir/home/keyvin/pico-sdk/lib/tinyusb/src/host/usbh.c.obj
                0x0000000020002950                _usbh_devices
 .bss._usbh_q   0x0000000020002ae0        0x4 CMakeFiles/simple_vga.dir/home/keyvin/pico-sdk/lib/tinyusb/src/host/usbh.c.obj
 .bss._usbh_qdef_buf
                0x0000000020002ae4       0xc0 CMakeFiles/simple_vga.dir/home/keyvin/pico-sdk/lib/tinyusb/src/host/usbh.c.obj
                0x0000000020002ae4                _usbh_qdef_buf
 .bss._used_instruction_space
                0x0000000020002ba4        0x8 CMakeFiles/simple_vga.dir/home/keyvin/pico-sdk/src/rp2_common/hardware_pio/pio.c.obj
 .bss.abuffer   0x0000000020002bac      0x961 CMakeFiles/simple_vga.dir/vga_charrom.c.obj
                0x0000000020002bac                abuffer
 *fill*         0x000000002000350d        0x3 
 .bss.alarm_callbacks
                0x0000000020003510       0x10 CMakeFiles/simple_vga.dir/home/keyvin/pico-sdk/src/rp2_common/hardware_timer/timer.c.obj
 .bss.cdch_data
                0x0000000020003520       0x18 CMakeFiles/simple_vga.dir/home/keyvin/pico-sdk/lib/tinyusb/src/class/cdc/cdc_host.c.obj
 .bss.claimed   0x0000000020003538        0x4 CMakeFiles/simple_vga.dir/home/keyvin/pico-sdk/src/rp2_common/hardware_sync/sync.c.obj
 .bss.configured_freq
                0x000000002000353c       0x28 CMakeFiles/simple_vga.dir/home/keyvin/pico-sdk/src/rp2_common/hardware_clocks/clocks.c.obj
 .bss.cursor    0x0000000020003564        0x4 CMakeFiles/simple_vga.dir/vga_charrom.c.obj
                0x0000000020003564                cursor
 .bss.default_alarm_pool_entry_ids_high
                0x0000000020003568       0x10 CMakeFiles/simple_vga.dir/home/keyvin/pico-sdk/src/common/pico_time/time.c.obj
 .bss.default_alarm_pool_heap_nodes
                0x0000000020003578       0x30 CMakeFiles/simple_vga.dir/home/keyvin/pico-sdk/src/common/pico_time/time.c.obj
 .bss.drivers   0x00000000200035a8        0x4 CMakeFiles/simple_vga.dir/home/keyvin/pico-sdk/src/rp2_common/pico_stdio/stdio.c.obj
 .bss.ep_pool   0x00000000200035ac      0x240 CMakeFiles/simple_vga.dir/home/keyvin/pico-sdk/lib/tinyusb/src/portable/raspberrypi/rp2040/hcd_rp2040.c.obj
 .bss.filter    0x00000000200037ec        0x4 CMakeFiles/simple_vga.dir/home/keyvin/pico-sdk/src/rp2_common/pico_stdio/stdio.c.obj
 .bss.hid_info  0x00000000200037f0       0x48 CMakeFiles/simple_vga.dir/hid_app.c.obj
 .bss.hub_data  0x0000000020003838        0x8 CMakeFiles/simple_vga.dir/home/keyvin/pico-sdk/lib/tinyusb/src/host/hub.c.obj
 .bss.kb_buffer
                0x0000000020003840       0x14 CMakeFiles/simple_vga.dir/vga_charrom.c.obj
                0x0000000020003840                kb_buffer
 .bss.lazy_vsnprintf
                0x0000000020003854        0x4 CMakeFiles/simple_vga.dir/home/keyvin/pico-sdk/src/rp2_common/pico_printf/printf.c.obj
 .bss.pools     0x0000000020003858       0x10 CMakeFiles/simple_vga.dir/home/keyvin/pico-sdk/src/common/pico_time/time.c.obj
 .bss.prev_report.0
                0x0000000020003868        0x8 CMakeFiles/simple_vga.dir/hid_app.c.obj
 .bss.sbuffer   0x0000000020003870      0x961 CMakeFiles/simple_vga.dir/vga_charrom.c.obj
                0x0000000020003870                sbuffer
 *fill*         0x00000000200041d1        0x3 
 .bss.serial_in_buffer
                0x00000000200041d4       0x40 CMakeFiles/simple_vga.dir/usb_main.c.obj
 .bss.sf_clz_func
                0x0000000020004214        0x4 CMakeFiles/simple_vga.dir/home/keyvin/pico-sdk/src/rp2_common/pico_double/double_init_rom.c.obj
                0x0000000020004214                sf_clz_func
 .bss.sleep_notifier
                0x0000000020004218        0x4 CMakeFiles/simple_vga.dir/home/keyvin/pico-sdk/src/common/pico_time/time.c.obj
 .bss.target_hi
                0x000000002000421c       0x10 CMakeFiles/simple_vga.dir/home/keyvin/pico-sdk/src/rp2_common/hardware_timer/timer.c.obj
 .bss.uart_char_to_line_feed
                0x000000002000422c        0x4 CMakeFiles/simple_vga.dir/home/keyvin/pico-sdk/src/rp2_common/hardware_uart/uart.c.obj
                0x000000002000422c                uart_char_to_line_feed
 .bss.unpacked_font
                0x0000000020004230     0x8340 CMakeFiles/simple_vga.dir/vga_charrom.c.obj
                0x0000000020004230                unpacked_font
 .bss.unpacked_mask
                0x000000002000c570     0x8340 CMakeFiles/simple_vga.dir/vga_charrom.c.obj
                0x000000002000c570                unpacked_mask
 .bss._usbh_initialized
                0x00000000200148b0        0x1 CMakeFiles/simple_vga.dir/home/keyvin/pico-sdk/lib/tinyusb/src/host/usbh.c.obj
 .bss.claimed   0x00000000200148b1        0x1 CMakeFiles/simple_vga.dir/home/keyvin/pico-sdk/src/rp2_common/hardware_timer/timer.c.obj
 .bss.in_escape
                0x00000000200148b2        0x1 CMakeFiles/simple_vga.dir/vga_charrom.c.obj
                0x00000000200148b2                in_escape
 .bss.irq_hander_chain_free_slot_head
                0x00000000200148b3        0x1 CMakeFiles/simple_vga.dir/home/keyvin/pico-sdk/src/rp2_common/hardware_irq/irq.c.obj
 .bss.kb_count  0x00000000200148b4        0x1 CMakeFiles/simple_vga.dir/vga_charrom.c.obj
                0x00000000200148b4                kb_count
 .bss.timer_callbacks_pending
                0x00000000200148b5        0x1 CMakeFiles/simple_vga.dir/home/keyvin/pico-sdk/src/rp2_common/hardware_timer/timer.c.obj
 *(COMMON)
                0x00000000200148b8                . = ALIGN (0x4)
 *fill*         0x00000000200148b6        0x2 
                0x00000000200148b8                __bss_end__ = .

.heap           0x00000000200148b8      0x800
                0x00000000200148b8                __end__ = .
                0x00000000200148b8                end = __end__
 *(.heap*)
 .heap          0x00000000200148b8      0x800 CMakeFiles/simple_vga.dir/home/keyvin/pico-sdk/src/rp2_common/pico_standard_link/crt0.S.obj
                0x00000000200150b8                __HeapLimit = .

.stack1_dummy   0x0000000020040000      0x800
 *(.stack1*)
 .stack1        0x0000000020040000      0x800 CMakeFiles/simple_vga.dir/home/keyvin/pico-sdk/src/rp2_common/pico_multicore/multicore.c.obj

.stack_dummy    0x0000000020041000      0x800
 *(.stack*)
 .stack         0x0000000020041000      0x800 CMakeFiles/simple_vga.dir/home/keyvin/pico-sdk/src/rp2_common/pico_standard_link/crt0.S.obj

.flash_end      0x000000001000a228        0x0
                0x000000001000a228                __flash_binary_end = .
                0x0000000020040000                __StackLimit = (ORIGIN (RAM) + LENGTH (RAM))
                0x0000000020041000                __StackOneTop = (ORIGIN (SCRATCH_X) + LENGTH (SCRATCH_X))
                0x0000000020042000                __StackTop = (ORIGIN (SCRATCH_Y) + LENGTH (SCRATCH_Y))
                0x0000000020040800                __StackOneBottom = (__StackOneTop - SIZEOF (.stack1_dummy))
                0x0000000020041800                __StackBottom = (__StackTop - SIZEOF (.stack_dummy))
                0x0000000020042000                PROVIDE (__stack = __StackTop)
                0x0000000000000001                ASSERT ((__StackLimit >= __HeapLimit), region RAM overflowed)
                0x0000000000000001                ASSERT (((__binary_info_header_end - __logical_binary_start) <= 0x100), Binary info must be in first 256 bytes of the binary)
LOAD CMakeFiles/simple_vga.dir/vga_charrom.c.obj
LOAD CMakeFiles/simple_vga.dir/usb_main.c.obj
LOAD CMakeFiles/simple_vga.dir/hid_app.c.obj
LOAD CMakeFiles/simple_vga.dir/home/keyvin/pico-sdk/src/rp2_common/pico_stdlib/stdlib.c.obj
LOAD CMakeFiles/simple_vga.dir/home/keyvin/pico-sdk/src/rp2_common/hardware_gpio/gpio.c.obj
LOAD CMakeFiles/simple_vga.dir/home/keyvin/pico-sdk/src/rp2_common/hardware_claim/claim.c.obj
LOAD CMakeFiles/simple_vga.dir/home/keyvin/pico-sdk/src/rp2_common/pico_platform/platform.c.obj
LOAD CMakeFiles/simple_vga.dir/home/keyvin/pico-sdk/src/rp2_common/hardware_sync/sync.c.obj
LOAD CMakeFiles/simple_vga.dir/home/keyvin/pico-sdk/src/rp2_common/hardware_uart/uart.c.obj
LOAD CMakeFiles/simple_vga.dir/home/keyvin/pico-sdk/src/rp2_common/hardware_divider/divider.S.obj
LOAD CMakeFiles/simple_vga.dir/home/keyvin/pico-sdk/src/common/pico_time/time.c.obj
LOAD CMakeFiles/simple_vga.dir/home/keyvin/pico-sdk/src/common/pico_time/timeout_helper.c.obj
LOAD CMakeFiles/simple_vga.dir/home/keyvin/pico-sdk/src/rp2_common/hardware_timer/timer.c.obj
LOAD CMakeFiles/simple_vga.dir/home/keyvin/pico-sdk/src/common/pico_sync/sem.c.obj
LOAD CMakeFiles/simple_vga.dir/home/keyvin/pico-sdk/src/common/pico_sync/lock_core.c.obj
LOAD CMakeFiles/simple_vga.dir/home/keyvin/pico-sdk/src/common/pico_sync/mutex.c.obj
LOAD CMakeFiles/simple_vga.dir/home/keyvin/pico-sdk/src/common/pico_sync/critical_section.c.obj
LOAD CMakeFiles/simple_vga.dir/home/keyvin/pico-sdk/src/common/pico_util/datetime.c.obj
LOAD CMakeFiles/simple_vga.dir/home/keyvin/pico-sdk/src/common/pico_util/pheap.c.obj
LOAD CMakeFiles/simple_vga.dir/home/keyvin/pico-sdk/src/common/pico_util/queue.c.obj
LOAD CMakeFiles/simple_vga.dir/home/keyvin/pico-sdk/src/rp2_common/pico_runtime/runtime.c.obj
LOAD CMakeFiles/simple_vga.dir/home/keyvin/pico-sdk/src/rp2_common/hardware_clocks/clocks.c.obj
LOAD CMakeFiles/simple_vga.dir/home/keyvin/pico-sdk/src/rp2_common/hardware_irq/irq.c.obj
LOAD CMakeFiles/simple_vga.dir/home/keyvin/pico-sdk/src/rp2_common/hardware_irq/irq_handler_chain.S.obj
LOAD CMakeFiles/simple_vga.dir/home/keyvin/pico-sdk/src/rp2_common/hardware_pll/pll.c.obj
LOAD CMakeFiles/simple_vga.dir/home/keyvin/pico-sdk/src/rp2_common/hardware_vreg/vreg.c.obj
LOAD CMakeFiles/simple_vga.dir/home/keyvin/pico-sdk/src/rp2_common/hardware_watchdog/watchdog.c.obj
LOAD CMakeFiles/simple_vga.dir/home/keyvin/pico-sdk/src/rp2_common/hardware_xosc/xosc.c.obj
LOAD CMakeFiles/simple_vga.dir/home/keyvin/pico-sdk/src/rp2_common/pico_printf/printf.c.obj
LOAD CMakeFiles/simple_vga.dir/home/keyvin/pico-sdk/src/rp2_common/pico_bit_ops/bit_ops_aeabi.S.obj
LOAD CMakeFiles/simple_vga.dir/home/keyvin/pico-sdk/src/rp2_common/pico_bootrom/bootrom.c.obj
LOAD CMakeFiles/simple_vga.dir/home/keyvin/pico-sdk/src/rp2_common/pico_divider/divider.S.obj
LOAD CMakeFiles/simple_vga.dir/home/keyvin/pico-sdk/src/rp2_common/pico_double/double_aeabi.S.obj
LOAD CMakeFiles/simple_vga.dir/home/keyvin/pico-sdk/src/rp2_common/pico_double/double_init_rom.c.obj
LOAD CMakeFiles/simple_vga.dir/home/keyvin/pico-sdk/src/rp2_common/pico_double/double_math.c.obj
LOAD CMakeFiles/simple_vga.dir/home/keyvin/pico-sdk/src/rp2_common/pico_double/double_v1_rom_shim.S.obj
LOAD CMakeFiles/simple_vga.dir/home/keyvin/pico-sdk/src/rp2_common/pico_int64_ops/pico_int64_ops_aeabi.S.obj
LOAD CMakeFiles/simple_vga.dir/home/keyvin/pico-sdk/src/rp2_common/pico_float/float_aeabi.S.obj
LOAD CMakeFiles/simple_vga.dir/home/keyvin/pico-sdk/src/rp2_common/pico_float/float_init_rom.c.obj
LOAD CMakeFiles/simple_vga.dir/home/keyvin/pico-sdk/src/rp2_common/pico_float/float_math.c.obj
LOAD CMakeFiles/simple_vga.dir/home/keyvin/pico-sdk/src/rp2_common/pico_float/float_v1_rom_shim.S.obj
LOAD CMakeFiles/simple_vga.dir/home/keyvin/pico-sdk/src/rp2_common/pico_malloc/pico_malloc.c.obj
LOAD CMakeFiles/simple_vga.dir/home/keyvin/pico-sdk/src/rp2_common/pico_mem_ops/mem_ops_aeabi.S.obj
LOAD CMakeFiles/simple_vga.dir/home/keyvin/pico-sdk/src/rp2_common/pico_standard_link/crt0.S.obj
LOAD CMakeFiles/simple_vga.dir/home/keyvin/pico-sdk/src/rp2_common/pico_standard_link/new_delete.cpp.obj
LOAD CMakeFiles/simple_vga.dir/home/keyvin/pico-sdk/src/rp2_common/pico_standard_link/binary_info.c.obj
LOAD CMakeFiles/simple_vga.dir/home/keyvin/pico-sdk/src/rp2_common/pico_stdio/stdio.c.obj
LOAD CMakeFiles/simple_vga.dir/home/keyvin/pico-sdk/src/rp2_common/hardware_pio/pio.c.obj
LOAD CMakeFiles/simple_vga.dir/home/keyvin/pico-sdk/src/rp2_common/hardware_dma/dma.c.obj
LOAD CMakeFiles/simple_vga.dir/home/keyvin/pico-sdk/src/rp2_common/pico_multicore/multicore.c.obj
LOAD CMakeFiles/simple_vga.dir/home/keyvin/pico-sdk/lib/tinyusb/src/portable/raspberrypi/rp2040/hcd_rp2040.c.obj
LOAD CMakeFiles/simple_vga.dir/home/keyvin/pico-sdk/lib/tinyusb/src/portable/raspberrypi/rp2040/rp2040_usb.c.obj
LOAD CMakeFiles/simple_vga.dir/home/keyvin/pico-sdk/lib/tinyusb/src/host/usbh.c.obj
LOAD CMakeFiles/simple_vga.dir/home/keyvin/pico-sdk/lib/tinyusb/src/host/usbh_control.c.obj
LOAD CMakeFiles/simple_vga.dir/home/keyvin/pico-sdk/lib/tinyusb/src/host/hub.c.obj
LOAD CMakeFiles/simple_vga.dir/home/keyvin/pico-sdk/lib/tinyusb/src/class/cdc/cdc_host.c.obj
LOAD CMakeFiles/simple_vga.dir/home/keyvin/pico-sdk/lib/tinyusb/src/class/hid/hid_host.c.obj
LOAD CMakeFiles/simple_vga.dir/home/keyvin/pico-sdk/lib/tinyusb/src/class/msc/msc_host.c.obj
LOAD CMakeFiles/simple_vga.dir/home/keyvin/pico-sdk/lib/tinyusb/src/class/vendor/vendor_host.c.obj
LOAD CMakeFiles/simple_vga.dir/home/keyvin/pico-sdk/lib/tinyusb/src/tusb.c.obj
LOAD CMakeFiles/simple_vga.dir/home/keyvin/pico-sdk/lib/tinyusb/src/common/tusb_fifo.c.obj
LOAD CMakeFiles/simple_vga.dir/home/keyvin/pico-sdk/lib/tinyusb/hw/bsp/rp2040/family.c.obj
LOAD /tmp/ccovOZcf.o
LOAD /usr/lib/gcc/arm-none-eabi/10.3.1/../../../arm-none-eabi/lib/thumb/v6-m/nofp/libstdc++.a
LOAD /usr/lib/gcc/arm-none-eabi/10.3.1/../../../arm-none-eabi/lib/thumb/v6-m/nofp/libm.a
START GROUP
LOAD /usr/lib/gcc/arm-none-eabi/10.3.1/thumb/v6-m/nofp/libgcc.a
LOAD /usr/lib/gcc/arm-none-eabi/10.3.1/../../../arm-none-eabi/lib/thumb/v6-m/nofp/libc.a
END GROUP
START GROUP
LOAD /usr/lib/gcc/arm-none-eabi/10.3.1/thumb/v6-m/nofp/libgcc.a
LOAD /usr/lib/gcc/arm-none-eabi/10.3.1/../../../arm-none-eabi/lib/thumb/v6-m/nofp/libc.a
LOAD /usr/lib/gcc/arm-none-eabi/10.3.1/../../../arm-none-eabi/lib/thumb/v6-m/nofp/libnosys.a
END GROUP
LOAD /usr/lib/gcc/arm-none-eabi/10.3.1/thumb/v6-m/nofp/crtend.o
LOAD /usr/lib/gcc/arm-none-eabi/10.3.1/thumb/v6-m/nofp/crtn.o
OUTPUT(simple_vga.elf elf32-littlearm)
LOAD linker stubs

.ARM.attributes
                0x0000000000000000       0x28
 .ARM.attributes
                0x0000000000000000       0x1e /usr/lib/gcc/arm-none-eabi/10.3.1/thumb/v6-m/nofp/crti.o
 .ARM.attributes
                0x000000000000001e       0x2c /usr/lib/gcc/arm-none-eabi/10.3.1/thumb/v6-m/nofp/crtbegin.o
 .ARM.attributes
                0x000000000000004a       0x2c CMakeFiles/simple_vga.dir/vga_charrom.c.obj
 .ARM.attributes
                0x0000000000000076       0x2c CMakeFiles/simple_vga.dir/usb_main.c.obj
 .ARM.attributes
                0x00000000000000a2       0x2c CMakeFiles/simple_vga.dir/hid_app.c.obj
 .ARM.attributes
                0x00000000000000ce       0x2c CMakeFiles/simple_vga.dir/home/keyvin/pico-sdk/src/rp2_common/pico_stdlib/stdlib.c.obj
 .ARM.attributes
                0x00000000000000fa       0x2c CMakeFiles/simple_vga.dir/home/keyvin/pico-sdk/src/rp2_common/hardware_gpio/gpio.c.obj
 .ARM.attributes
                0x0000000000000126       0x2c CMakeFiles/simple_vga.dir/home/keyvin/pico-sdk/src/rp2_common/hardware_claim/claim.c.obj
 .ARM.attributes
                0x0000000000000152       0x2c CMakeFiles/simple_vga.dir/home/keyvin/pico-sdk/src/rp2_common/pico_platform/platform.c.obj
 .ARM.attributes
                0x000000000000017e       0x2c CMakeFiles/simple_vga.dir/home/keyvin/pico-sdk/src/rp2_common/hardware_sync/sync.c.obj
 .ARM.attributes
                0x00000000000001aa       0x2c CMakeFiles/simple_vga.dir/home/keyvin/pico-sdk/src/rp2_common/hardware_uart/uart.c.obj
 .ARM.attributes
                0x00000000000001d6       0x2c CMakeFiles/simple_vga.dir/home/keyvin/pico-sdk/src/common/pico_time/time.c.obj
 .ARM.attributes
                0x0000000000000202       0x2c CMakeFiles/simple_vga.dir/home/keyvin/pico-sdk/src/rp2_common/hardware_timer/timer.c.obj
 .ARM.attributes
                0x000000000000022e       0x2c CMakeFiles/simple_vga.dir/home/keyvin/pico-sdk/src/common/pico_sync/lock_core.c.obj
 .ARM.attributes
                0x000000000000025a       0x2c CMakeFiles/simple_vga.dir/home/keyvin/pico-sdk/src/common/pico_sync/mutex.c.obj
 .ARM.attributes
                0x0000000000000286       0x2c CMakeFiles/simple_vga.dir/home/keyvin/pico-sdk/src/common/pico_sync/critical_section.c.obj
 .ARM.attributes
                0x00000000000002b2       0x2c CMakeFiles/simple_vga.dir/home/keyvin/pico-sdk/src/common/pico_util/pheap.c.obj
 .ARM.attributes
                0x00000000000002de       0x2c CMakeFiles/simple_vga.dir/home/keyvin/pico-sdk/src/rp2_common/pico_runtime/runtime.c.obj
 .ARM.attributes
                0x000000000000030a       0x2c CMakeFiles/simple_vga.dir/home/keyvin/pico-sdk/src/rp2_common/hardware_clocks/clocks.c.obj
 .ARM.attributes
                0x0000000000000336       0x2c CMakeFiles/simple_vga.dir/home/keyvin/pico-sdk/src/rp2_common/hardware_irq/irq.c.obj
 .ARM.attributes
                0x0000000000000362       0x22 CMakeFiles/simple_vga.dir/home/keyvin/pico-sdk/src/rp2_common/hardware_irq/irq_handler_chain.S.obj
 .ARM.attributes
                0x0000000000000384       0x2c CMakeFiles/simple_vga.dir/home/keyvin/pico-sdk/src/rp2_common/hardware_pll/pll.c.obj
 .ARM.attributes
                0x00000000000003b0       0x2c CMakeFiles/simple_vga.dir/home/keyvin/pico-sdk/src/rp2_common/hardware_watchdog/watchdog.c.obj
 .ARM.attributes
                0x00000000000003dc       0x2c CMakeFiles/simple_vga.dir/home/keyvin/pico-sdk/src/rp2_common/hardware_xosc/xosc.c.obj
 .ARM.attributes
                0x0000000000000408       0x2c CMakeFiles/simple_vga.dir/home/keyvin/pico-sdk/src/rp2_common/pico_printf/printf.c.obj
 .ARM.attributes
                0x0000000000000434       0x22 CMakeFiles/simple_vga.dir/home/keyvin/pico-sdk/src/rp2_common/pico_bit_ops/bit_ops_aeabi.S.obj
 .ARM.attributes
                0x0000000000000456       0x2c CMakeFiles/simple_vga.dir/home/keyvin/pico-sdk/src/rp2_common/pico_bootrom/bootrom.c.obj
 .ARM.attributes
                0x0000000000000482       0x22 CMakeFiles/simple_vga.dir/home/keyvin/pico-sdk/src/rp2_common/pico_divider/divider.S.obj
 .ARM.attributes
                0x00000000000004a4       0x22 CMakeFiles/simple_vga.dir/home/keyvin/pico-sdk/src/rp2_common/pico_double/double_aeabi.S.obj
 .ARM.attributes
                0x00000000000004c6       0x2c CMakeFiles/simple_vga.dir/home/keyvin/pico-sdk/src/rp2_common/pico_double/double_init_rom.c.obj
 .ARM.attributes
                0x00000000000004f2       0x22 CMakeFiles/simple_vga.dir/home/keyvin/pico-sdk/src/rp2_common/pico_double/double_v1_rom_shim.S.obj
 .ARM.attributes
                0x0000000000000514       0x22 CMakeFiles/simple_vga.dir/home/keyvin/pico-sdk/src/rp2_common/pico_int64_ops/pico_int64_ops_aeabi.S.obj
 .ARM.attributes